/Users/aagnone/resources/academic/github/learning-to-edit/.data/robert_kendra//DSC_3519.xmp
/Users/aagnone/resources/academic/github/learning-to-edit/.data/robert_kendra//DSC_3520.xmp
/Users/aagnone/resources/academic/github/learning-to-edit/.data/robert_kendra//DSC_3521.xmp
/Users/aagnone/resources/academic/github/learning-to-edit/.data/robert_kendra//DSC_3528.xmp
/Users/aagnone/resources/academic/github/learning-to-edit/.data/robert_kendra//DSC_3530.xmp
/Users/aagnone/resources/academic/github/learning-to-edit/.data/robert_kendra//DSC_3532.xmp
/Users/aagnone/resources/academic/github/learning-to-edit/.data/robert_kendra//DSC_3533.xmp
/Users/aagnone/resources/academic/github/learning-to-edit/.data/robert_kendra//DSC_3536.xmp
/Users/aagnone/resources/academic/github/learning-to-edit/.data/robert_kendra//DSC_3539.xmp
/Users/aagnone/resources/academic/github/learning-to-edit/.data/robert_kendra//DSC_3540.xmp
/Users/aagnone/resources/academic/github/learning-to-edit/.data/robert_kendra//DSC_3542.xmp
/Users/aagnone/resources/academic/github/learning-to-edit/.data/robert_kendra//DSC_3543.xmp
/Users/aagnone/resources/academic/github/learning-to-edit/.data/robert_kendra//DSC_3546.xmp
/Users/aagnone/resources/academic/github/learning-to-edit/.data/robert_kendra//DSC_3547.xmp
/Users/aagnone/resources/academic/github/learning-to-edit/.data/robert_kendra//DSC_3548.xmp
/Users/aagnone/resources/academic/github/learning-to-edit/.data/robert_kendra//DSC_3550.xmp
/Users/aagnone/resources/academic/github/learning-to-edit/.data/robert_kendra//DSC_3553.xmp
/Users/aagnone/resources/academic/github/learning-to-edit/.data/robert_kendra//DSC_3554.xmp
/Users/aagnone/resources/academic/github/learning-to-edit/.data/robert_kendra//DSC_3556.xmp
/Users/aagnone/resources/academic/github/learning-to-edit/.data/robert_kendra//DSC_3557.xmp
/Users/aagnone/resources/academic/github/learning-to-edit/.data/robert_kendra//DSC_3559.xmp
/Users/aagnone/resources/academic/github/learning-to-edit/.data/robert_kendra//DSC_3561.xmp
/Users/aagnone/resources/academic/github/learning-to-edit/.data/robert_kendra//DSC_3562.xmp
/Users/aagnone/resources/academic/github/learning-to-edit/.data/robert_kendra//DSC_3564.xmp
/Users/aagnone/resources/academic/github/learning-to-edit/.data/robert_kendra//DSC_3566.xmp
/Users/aagnone/resources/academic/github/learning-to-edit/.data/robert_kendra//DSC_3569.xmp
/Users/aagnone/resources/academic/github/learning-to-edit/.data/robert_kendra//DSC_3570.xmp
/Users/aagnone/resources/academic/github/learning-to-edit/.data/robert_kendra//DSC_3571.xmp
/Users/aagnone/resources/academic/github/learning-to-edit/.data/robert_kendra//DSC_3572.xmp
/Users/aagnone/resources/academic/github/learning-to-edit/.data/robert_kendra//DSC_3574.xmp
/Users/aagnone/resources/academic/github/learning-to-edit/.data/robert_kendra//DSC_3575.xmp
/Users/aagnone/resources/academic/github/learning-to-edit/.data/robert_kendra//DSC_3577.xmp
/Users/aagnone/resources/academic/github/learning-to-edit/.data/robert_kendra//DSC_3581.xmp
/Users/aagnone/resources/academic/github/learning-to-edit/.data/robert_kendra//DSC_3582.xmp
/Users/aagnone/resources/academic/github/learning-to-edit/.data/robert_kendra//DSC_3586.xmp
/Users/aagnone/resources/academic/github/learning-to-edit/.data/robert_kendra//DSC_3587.xmp
/Users/aagnone/resources/academic/github/learning-to-edit/.data/robert_kendra//DSC_3589.xmp
/Users/aagnone/resources/academic/github/learning-to-edit/.data/robert_kendra//DSC_3591.xmp
/Users/aagnone/resources/academic/github/learning-to-edit/.data/robert_kendra//DSC_3596.xmp
/Users/aagnone/resources/academic/github/learning-to-edit/.data/robert_kendra//DSC_3597.xmp
/Users/aagnone/resources/academic/github/learning-to-edit/.data/robert_kendra//DSC_3600.xmp
/Users/aagnone/resources/academic/github/learning-to-edit/.data/robert_kendra//DSC_3601.xmp
/Users/aagnone/resources/academic/github/learning-to-edit/.data/robert_kendra//DSC_3603.xmp
/Users/aagnone/resources/academic/github/learning-to-edit/.data/robert_kendra//DSC_3609.xmp
/Users/aagnone/resources/academic/github/learning-to-edit/.data/robert_kendra//DSC_3613.xmp
/Users/aagnone/resources/academic/github/learning-to-edit/.data/robert_kendra//DSC_3617.xmp
/Users/aagnone/resources/academic/github/learning-to-edit/.data/robert_kendra//DSC_3624.xmp
/Users/aagnone/resources/academic/github/learning-to-edit/.data/robert_kendra//DSC_3628.xmp
/Users/aagnone/resources/academic/github/learning-to-edit/.data/robert_kendra//DSC_3631.xmp
/Users/aagnone/resources/academic/github/learning-to-edit/.data/robert_kendra//DSC_3632.xmp
/Users/aagnone/resources/academic/github/learning-to-edit/.data/robert_kendra//DSC_3635.xmp
/Users/aagnone/resources/academic/github/learning-to-edit/.data/robert_kendra//DSC_3636.xmp
/Users/aagnone/resources/academic/github/learning-to-edit/.data/robert_kendra//DSC_3638.xmp
/Users/aagnone/resources/academic/github/learning-to-edit/.data/robert_kendra//DSC_3639.xmp
/Users/aagnone/resources/academic/github/learning-to-edit/.data/robert_kendra//DSC_3640.xmp
/Users/aagnone/resources/academic/github/learning-to-edit/.data/robert_kendra//DSC_3641.xmp
/Users/aagnone/resources/academic/github/learning-to-edit/.data/robert_kendra//DSC_3642.xmp
/Users/aagnone/resources/academic/github/learning-to-edit/.data/robert_kendra//DSC_3644.xmp
/Users/aagnone/resources/academic/github/learning-to-edit/.data/robert_kendra//DSC_3645.xmp
/Users/aagnone/resources/academic/github/learning-to-edit/.data/robert_kendra//DSC_3649.xmp
/Users/aagnone/resources/academic/github/learning-to-edit/.data/robert_kendra//DSC_3650.xmp
/Users/aagnone/resources/academic/github/learning-to-edit/.data/robert_kendra//DSC_3651.xmp
/Users/aagnone/resources/academic/github/learning-to-edit/.data/robert_kendra//DSC_3656.xmp
/Users/aagnone/resources/academic/github/learning-to-edit/.data/robert_kendra//DSC_3657.xmp
/Users/aagnone/resources/academic/github/learning-to-edit/.data/robert_kendra//DSC_3663.xmp
/Users/aagnone/resources/academic/github/learning-to-edit/.data/robert_kendra//DSC_3665.xmp
/Users/aagnone/resources/academic/github/learning-to-edit/.data/robert_kendra//DSC_3666.xmp
/Users/aagnone/resources/academic/github/learning-to-edit/.data/robert_kendra//DSC_3668.xmp
/Users/aagnone/resources/academic/github/learning-to-edit/.data/robert_kendra//DSC_3669.xmp
/Users/aagnone/resources/academic/github/learning-to-edit/.data/robert_kendra//DSC_3670.xmp
/Users/aagnone/resources/academic/github/learning-to-edit/.data/robert_kendra//DSC_3673.xmp
/Users/aagnone/resources/academic/github/learning-to-edit/.data/robert_kendra//DSC_3674.xmp
/Users/aagnone/resources/academic/github/learning-to-edit/.data/robert_kendra//DSC_3676.xmp
/Users/aagnone/resources/academic/github/learning-to-edit/.data/robert_kendra//DSC_3677.xmp
/Users/aagnone/resources/academic/github/learning-to-edit/.data/robert_kendra//DSC_3679.xmp
/Users/aagnone/resources/academic/github/learning-to-edit/.data/robert_kendra//DSC_3680.xmp
/Users/aagnone/resources/academic/github/learning-to-edit/.data/robert_kendra//DSC_3681.xmp
/Users/aagnone/resources/academic/github/learning-to-edit/.data/robert_kendra//DSC_3682.xmp
/Users/aagnone/resources/academic/github/learning-to-edit/.data/robert_kendra//DSC_3690.xmp
/Users/aagnone/resources/academic/github/learning-to-edit/.data/robert_kendra//DSC_3691.xmp
/Users/aagnone/resources/academic/github/learning-to-edit/.data/robert_kendra//DSC_3692.xmp
/Users/aagnone/resources/academic/github/learning-to-edit/.data/robert_kendra//DSC_3693.xmp
/Users/aagnone/resources/academic/github/learning-to-edit/.data/robert_kendra//DSC_3694.xmp
/Users/aagnone/resources/academic/github/learning-to-edit/.data/robert_kendra//DSC_3695.xmp
/Users/aagnone/resources/academic/github/learning-to-edit/.data/robert_kendra//DSC_3696.xmp
/Users/aagnone/resources/academic/github/learning-to-edit/.data/robert_kendra//DSC_3703.xmp
/Users/aagnone/resources/academic/github/learning-to-edit/.data/robert_kendra//DSC_3704.xmp
/Users/aagnone/resources/academic/github/learning-to-edit/.data/robert_kendra//DSC_3705.xmp
/Users/aagnone/resources/academic/github/learning-to-edit/.data/robert_kendra//DSC_3706.xmp
/Users/aagnone/resources/academic/github/learning-to-edit/.data/robert_kendra//DSC_3707.xmp
/Users/aagnone/resources/academic/github/learning-to-edit/.data/robert_kendra//DSC_3709.xmp
/Users/aagnone/resources/academic/github/learning-to-edit/.data/robert_kendra//DSC_3712.xmp
/Users/aagnone/resources/academic/github/learning-to-edit/.data/robert_kendra//DSC_3713.xmp
/Users/aagnone/resources/academic/github/learning-to-edit/.data/robert_kendra//DSC_3714.xmp
/Users/aagnone/resources/academic/github/learning-to-edit/.data/robert_kendra//DSC_3716.xmp
/Users/aagnone/resources/academic/github/learning-to-edit/.data/robert_kendra//DSC_3717.xmp
/Users/aagnone/resources/academic/github/learning-to-edit/.data/robert_kendra//DSC_3718.xmp
/Users/aagnone/resources/academic/github/learning-to-edit/.data/robert_kendra//DSC_3736.xmp
/Users/aagnone/resources/academic/github/learning-to-edit/.data/robert_kendra//DSC_3758.xmp
/Users/aagnone/resources/academic/github/learning-to-edit/.data/robert_kendra//DSC_3762.xmp
/Users/aagnone/resources/academic/github/learning-to-edit/.data/robert_kendra//DSC_3765.xmp
/Users/aagnone/resources/academic/github/learning-to-edit/.data/robert_kendra//DSC_3767.xmp
/Users/aagnone/resources/academic/github/learning-to-edit/.data/robert_kendra//DSC_3769.xmp
/Users/aagnone/resources/academic/github/learning-to-edit/.data/robert_kendra//DSC_3771.xmp
/Users/aagnone/resources/academic/github/learning-to-edit/.data/robert_kendra//DSC_3772.xmp
/Users/aagnone/resources/academic/github/learning-to-edit/.data/robert_kendra//DSC_3774.xmp
/Users/aagnone/resources/academic/github/learning-to-edit/.data/robert_kendra//DSC_3778.xmp
/Users/aagnone/resources/academic/github/learning-to-edit/.data/robert_kendra//DSC_3779.xmp
/Users/aagnone/resources/academic/github/learning-to-edit/.data/robert_kendra//DSC_3783.xmp
/Users/aagnone/resources/academic/github/learning-to-edit/.data/robert_kendra//DSC_3786.xmp
/Users/aagnone/resources/academic/github/learning-to-edit/.data/robert_kendra//DSC_3787.xmp
/Users/aagnone/resources/academic/github/learning-to-edit/.data/robert_kendra//DSC_3790.xmp
/Users/aagnone/resources/academic/github/learning-to-edit/.data/robert_kendra//DSC_3791.xmp
/Users/aagnone/resources/academic/github/learning-to-edit/.data/robert_kendra//DSC_3793.xmp
/Users/aagnone/resources/academic/github/learning-to-edit/.data/robert_kendra//DSC_3800.xmp
/Users/aagnone/resources/academic/github/learning-to-edit/.data/robert_kendra//DSC_3801.xmp
/Users/aagnone/resources/academic/github/learning-to-edit/.data/robert_kendra//DSC_3802.xmp
/Users/aagnone/resources/academic/github/learning-to-edit/.data/robert_kendra//DSC_3803.xmp
/Users/aagnone/resources/academic/github/learning-to-edit/.data/robert_kendra//DSC_3805.xmp
/Users/aagnone/resources/academic/github/learning-to-edit/.data/robert_kendra//DSC_3806.xmp
/Users/aagnone/resources/academic/github/learning-to-edit/.data/robert_kendra//DSC_3809.xmp
/Users/aagnone/resources/academic/github/learning-to-edit/.data/robert_kendra//DSC_3810.xmp
/Users/aagnone/resources/academic/github/learning-to-edit/.data/robert_kendra//DSC_3811.xmp
/Users/aagnone/resources/academic/github/learning-to-edit/.data/robert_kendra//DSC_3812.xmp
/Users/aagnone/resources/academic/github/learning-to-edit/.data/robert_kendra//DSC_3816.xmp
/Users/aagnone/resources/academic/github/learning-to-edit/.data/robert_kendra//DSC_3818.xmp
/Users/aagnone/resources/academic/github/learning-to-edit/.data/robert_kendra//DSC_3819.xmp
/Users/aagnone/resources/academic/github/learning-to-edit/.data/robert_kendra//DSC_3820.xmp
/Users/aagnone/resources/academic/github/learning-to-edit/.data/robert_kendra//DSC_3822.xmp
/Users/aagnone/resources/academic/github/learning-to-edit/.data/robert_kendra//DSC_3823.xmp
/Users/aagnone/resources/academic/github/learning-to-edit/.data/robert_kendra//DSC_3824.xmp
/Users/aagnone/resources/academic/github/learning-to-edit/.data/robert_kendra//DSC_3825.xmp
/Users/aagnone/resources/academic/github/learning-to-edit/.data/robert_kendra//DSC_3826.xmp
/Users/aagnone/resources/academic/github/learning-to-edit/.data/robert_kendra//DSC_3827.xmp
/Users/aagnone/resources/academic/github/learning-to-edit/.data/robert_kendra//DSC_3830.xmp
/Users/aagnone/resources/academic/github/learning-to-edit/.data/robert_kendra//DSC_3832.xmp
/Users/aagnone/resources/academic/github/learning-to-edit/.data/robert_kendra//DSC_3835.xmp
/Users/aagnone/resources/academic/github/learning-to-edit/.data/robert_kendra//DSC_3837.xmp
/Users/aagnone/resources/academic/github/learning-to-edit/.data/robert_kendra//DSC_3839.xmp
/Users/aagnone/resources/academic/github/learning-to-edit/.data/robert_kendra//DSC_3841.xmp
/Users/aagnone/resources/academic/github/learning-to-edit/.data/robert_kendra//DSC_3843.xmp
/Users/aagnone/resources/academic/github/learning-to-edit/.data/robert_kendra//DSC_3844.xmp
/Users/aagnone/resources/academic/github/learning-to-edit/.data/robert_kendra//DSC_3846.xmp
/Users/aagnone/resources/academic/github/learning-to-edit/.data/robert_kendra//DSC_3849.xmp
/Users/aagnone/resources/academic/github/learning-to-edit/.data/robert_kendra//DSC_3850.xmp
/Users/aagnone/resources/academic/github/learning-to-edit/.data/robert_kendra//DSC_3851.xmp
/Users/aagnone/resources/academic/github/learning-to-edit/.data/robert_kendra//DSC_3853.xmp
/Users/aagnone/resources/academic/github/learning-to-edit/.data/robert_kendra//DSC_3855.xmp
/Users/aagnone/resources/academic/github/learning-to-edit/.data/robert_kendra//DSC_3856.xmp
/Users/aagnone/resources/academic/github/learning-to-edit/.data/robert_kendra//DSC_3859.xmp
/Users/aagnone/resources/academic/github/learning-to-edit/.data/robert_kendra//DSC_3861.xmp
/Users/aagnone/resources/academic/github/learning-to-edit/.data/robert_kendra//DSC_3862.xmp
/Users/aagnone/resources/academic/github/learning-to-edit/.data/robert_kendra//DSC_3864.xmp
/Users/aagnone/resources/academic/github/learning-to-edit/.data/robert_kendra//DSC_3866.xmp
/Users/aagnone/resources/academic/github/learning-to-edit/.data/robert_kendra//DSC_3870.xmp
/Users/aagnone/resources/academic/github/learning-to-edit/.data/robert_kendra//DSC_3872.xmp
/Users/aagnone/resources/academic/github/learning-to-edit/.data/robert_kendra//DSC_3873.xmp
/Users/aagnone/resources/academic/github/learning-to-edit/.data/robert_kendra//DSC_3883.xmp
/Users/aagnone/resources/academic/github/learning-to-edit/.data/robert_kendra//DSC_3884.xmp
/Users/aagnone/resources/academic/github/learning-to-edit/.data/robert_kendra//DSC_3885.xmp
/Users/aagnone/resources/academic/github/learning-to-edit/.data/robert_kendra//DSC_3888.xmp
/Users/aagnone/resources/academic/github/learning-to-edit/.data/robert_kendra//DSC_3892.xmp
/Users/aagnone/resources/academic/github/learning-to-edit/.data/robert_kendra//DSC_3895.xmp
/Users/aagnone/resources/academic/github/learning-to-edit/.data/robert_kendra//DSC_3896.xmp
/Users/aagnone/resources/academic/github/learning-to-edit/.data/robert_kendra//DSC_3901.xmp
/Users/aagnone/resources/academic/github/learning-to-edit/.data/robert_kendra//DSC_3907.xmp
/Users/aagnone/resources/academic/github/learning-to-edit/.data/robert_kendra//DSC_3908.xmp
/Users/aagnone/resources/academic/github/learning-to-edit/.data/robert_kendra//DSC_3909.xmp
/Users/aagnone/resources/academic/github/learning-to-edit/.data/robert_kendra//DSC_3910.xmp
/Users/aagnone/resources/academic/github/learning-to-edit/.data/robert_kendra//DSC_3911.xmp
/Users/aagnone/resources/academic/github/learning-to-edit/.data/robert_kendra//DSC_3914.xmp
/Users/aagnone/resources/academic/github/learning-to-edit/.data/robert_kendra//DSC_3915.xmp
/Users/aagnone/resources/academic/github/learning-to-edit/.data/robert_kendra//DSC_3917.xmp
/Users/aagnone/resources/academic/github/learning-to-edit/.data/robert_kendra//DSC_3918.xmp
/Users/aagnone/resources/academic/github/learning-to-edit/.data/robert_kendra//DSC_3920.xmp
/Users/aagnone/resources/academic/github/learning-to-edit/.data/robert_kendra//DSC_3922.xmp
/Users/aagnone/resources/academic/github/learning-to-edit/.data/robert_kendra//DSC_3923.xmp
/Users/aagnone/resources/academic/github/learning-to-edit/.data/robert_kendra//DSC_3924.xmp
/Users/aagnone/resources/academic/github/learning-to-edit/.data/robert_kendra//DSC_3928.xmp
/Users/aagnone/resources/academic/github/learning-to-edit/.data/robert_kendra//DSC_3929.xmp
/Users/aagnone/resources/academic/github/learning-to-edit/.data/robert_kendra//DSC_3932.xmp
/Users/aagnone/resources/academic/github/learning-to-edit/.data/robert_kendra//DSC_3933.xmp
/Users/aagnone/resources/academic/github/learning-to-edit/.data/robert_kendra//DSC_3935.xmp
/Users/aagnone/resources/academic/github/learning-to-edit/.data/robert_kendra//DSC_3939.xmp
/Users/aagnone/resources/academic/github/learning-to-edit/.data/robert_kendra//DSC_3945.xmp
/Users/aagnone/resources/academic/github/learning-to-edit/.data/robert_kendra//DSC_3946.xmp
/Users/aagnone/resources/academic/github/learning-to-edit/.data/robert_kendra//DSC_3947.xmp
/Users/aagnone/resources/academic/github/learning-to-edit/.data/robert_kendra//DSC_3949.xmp
/Users/aagnone/resources/academic/github/learning-to-edit/.data/robert_kendra//DSC_3950.xmp
/Users/aagnone/resources/academic/github/learning-to-edit/.data/robert_kendra//DSC_3951.xmp
/Users/aagnone/resources/academic/github/learning-to-edit/.data/robert_kendra//DSC_3954.xmp
/Users/aagnone/resources/academic/github/learning-to-edit/.data/robert_kendra//DSC_3956.xmp
/Users/aagnone/resources/academic/github/learning-to-edit/.data/robert_kendra//DSC_3959.xmp
/Users/aagnone/resources/academic/github/learning-to-edit/.data/robert_kendra//DSC_3960.xmp
/Users/aagnone/resources/academic/github/learning-to-edit/.data/robert_kendra//DSC_3971.xmp
/Users/aagnone/resources/academic/github/learning-to-edit/.data/robert_kendra//DSC_3972.xmp
/Users/aagnone/resources/academic/github/learning-to-edit/.data/robert_kendra//DSC_3973.xmp
/Users/aagnone/resources/academic/github/learning-to-edit/.data/robert_kendra//DSC_3975.xmp
/Users/aagnone/resources/academic/github/learning-to-edit/.data/robert_kendra//DSC_3976.xmp
/Users/aagnone/resources/academic/github/learning-to-edit/.data/robert_kendra//DSC_3982.xmp
/Users/aagnone/resources/academic/github/learning-to-edit/.data/robert_kendra//DSC_3983.xmp
/Users/aagnone/resources/academic/github/learning-to-edit/.data/robert_kendra//DSC_3984.xmp
/Users/aagnone/resources/academic/github/learning-to-edit/.data/robert_kendra//DSC_3985.xmp
/Users/aagnone/resources/academic/github/learning-to-edit/.data/robert_kendra//DSC_3988.xmp
/Users/aagnone/resources/academic/github/learning-to-edit/.data/robert_kendra//DSC_3989.xmp
/Users/aagnone/resources/academic/github/learning-to-edit/.data/robert_kendra//DSC_3991.xmp
/Users/aagnone/resources/academic/github/learning-to-edit/.data/robert_kendra//DSC_3993.xmp
/Users/aagnone/resources/academic/github/learning-to-edit/.data/robert_kendra//DSC_3994.xmp
/Users/aagnone/resources/academic/github/learning-to-edit/.data/robert_kendra//DSC_3995.xmp
/Users/aagnone/resources/academic/github/learning-to-edit/.data/robert_kendra//DSC_3997.xmp
/Users/aagnone/resources/academic/github/learning-to-edit/.data/robert_kendra//DSC_3998.xmp
/Users/aagnone/resources/academic/github/learning-to-edit/.data/robert_kendra//DSC_3999.xmp
/Users/aagnone/resources/academic/github/learning-to-edit/.data/robert_kendra//DSC_4001.xmp
/Users/aagnone/resources/academic/github/learning-to-edit/.data/robert_kendra//DSC_4004.xmp
/Users/aagnone/resources/academic/github/learning-to-edit/.data/robert_kendra//DSC_4005.xmp
/Users/aagnone/resources/academic/github/learning-to-edit/.data/robert_kendra//DSC_4007.xmp
/Users/aagnone/resources/academic/github/learning-to-edit/.data/robert_kendra//DSC_4008.xmp
/Users/aagnone/resources/academic/github/learning-to-edit/.data/robert_kendra//DSC_4018.xmp
/Users/aagnone/resources/academic/github/learning-to-edit/.data/robert_kendra//DSC_4023.xmp
/Users/aagnone/resources/academic/github/learning-to-edit/.data/robert_kendra//DSC_4025.xmp
/Users/aagnone/resources/academic/github/learning-to-edit/.data/robert_kendra//DSC_4026.xmp
/Users/aagnone/resources/academic/github/learning-to-edit/.data/robert_kendra//DSC_4027.xmp
/Users/aagnone/resources/academic/github/learning-to-edit/.data/robert_kendra//DSC_4028.xmp
/Users/aagnone/resources/academic/github/learning-to-edit/.data/robert_kendra//DSC_4030.xmp
/Users/aagnone/resources/academic/github/learning-to-edit/.data/robert_kendra//DSC_4033.xmp
/Users/aagnone/resources/academic/github/learning-to-edit/.data/robert_kendra//DSC_4037.xmp
/Users/aagnone/resources/academic/github/learning-to-edit/.data/robert_kendra//DSC_4039.xmp
/Users/aagnone/resources/academic/github/learning-to-edit/.data/robert_kendra//DSC_4042.xmp
/Users/aagnone/resources/academic/github/learning-to-edit/.data/robert_kendra//DSC_4043.xmp
/Users/aagnone/resources/academic/github/learning-to-edit/.data/robert_kendra//DSC_4046.xmp
/Users/aagnone/resources/academic/github/learning-to-edit/.data/robert_kendra//DSC_4047.xmp
/Users/aagnone/resources/academic/github/learning-to-edit/.data/robert_kendra//DSC_4049.xmp
/Users/aagnone/resources/academic/github/learning-to-edit/.data/robert_kendra//DSC_4053.xmp
/Users/aagnone/resources/academic/github/learning-to-edit/.data/robert_kendra//DSC_4054.xmp
/Users/aagnone/resources/academic/github/learning-to-edit/.data/robert_kendra//DSC_4056.xmp
/Users/aagnone/resources/academic/github/learning-to-edit/.data/robert_kendra//DSC_4057.xmp
/Users/aagnone/resources/academic/github/learning-to-edit/.data/robert_kendra//DSC_4059.xmp
/Users/aagnone/resources/academic/github/learning-to-edit/.data/robert_kendra//DSC_4071.xmp
/Users/aagnone/resources/academic/github/learning-to-edit/.data/robert_kendra//DSC_4101.xmp
/Users/aagnone/resources/academic/github/learning-to-edit/.data/robert_kendra//DSC_4110.xmp
/Users/aagnone/resources/academic/github/learning-to-edit/.data/robert_kendra//DSC_4112.xmp
/Users/aagnone/resources/academic/github/learning-to-edit/.data/robert_kendra//DSC_4113.xmp
/Users/aagnone/resources/academic/github/learning-to-edit/.data/robert_kendra//DSC_4115.xmp
/Users/aagnone/resources/academic/github/learning-to-edit/.data/robert_kendra//DSC_4117.xmp
/Users/aagnone/resources/academic/github/learning-to-edit/.data/robert_kendra//DSC_4118.xmp
/Users/aagnone/resources/academic/github/learning-to-edit/.data/robert_kendra//DSC_4119.xmp
/Users/aagnone/resources/academic/github/learning-to-edit/.data/robert_kendra//DSC_4124.xmp
/Users/aagnone/resources/academic/github/learning-to-edit/.data/robert_kendra//DSC_4125.xmp
/Users/aagnone/resources/academic/github/learning-to-edit/.data/robert_kendra//DSC_4126.xmp
/Users/aagnone/resources/academic/github/learning-to-edit/.data/robert_kendra//DSC_4127.xmp
/Users/aagnone/resources/academic/github/learning-to-edit/.data/robert_kendra//DSC_4128.xmp
/Users/aagnone/resources/academic/github/learning-to-edit/.data/robert_kendra//DSC_4129.xmp
/Users/aagnone/resources/academic/github/learning-to-edit/.data/robert_kendra//DSC_4131.xmp
/Users/aagnone/resources/academic/github/learning-to-edit/.data/robert_kendra//DSC_4132.xmp
/Users/aagnone/resources/academic/github/learning-to-edit/.data/robert_kendra//DSC_4136.xmp
/Users/aagnone/resources/academic/github/learning-to-edit/.data/robert_kendra//DSC_4138.xmp
/Users/aagnone/resources/academic/github/learning-to-edit/.data/robert_kendra//DSC_4139.xmp
/Users/aagnone/resources/academic/github/learning-to-edit/.data/robert_kendra//DSC_4140.xmp
/Users/aagnone/resources/academic/github/learning-to-edit/.data/robert_kendra//DSC_4141.xmp
/Users/aagnone/resources/academic/github/learning-to-edit/.data/robert_kendra//DSC_4142.xmp
/Users/aagnone/resources/academic/github/learning-to-edit/.data/robert_kendra//DSC_4145.xmp
/Users/aagnone/resources/academic/github/learning-to-edit/.data/robert_kendra//DSC_4146.xmp
/Users/aagnone/resources/academic/github/learning-to-edit/.data/robert_kendra//DSC_4148.xmp
/Users/aagnone/resources/academic/github/learning-to-edit/.data/robert_kendra//DSC_4150.xmp
/Users/aagnone/resources/academic/github/learning-to-edit/.data/robert_kendra//DSC_4151.xmp
/Users/aagnone/resources/academic/github/learning-to-edit/.data/robert_kendra//DSC_4153.xmp
/Users/aagnone/resources/academic/github/learning-to-edit/.data/robert_kendra//DSC_4154.xmp
/Users/aagnone/resources/academic/github/learning-to-edit/.data/robert_kendra//DSC_4155.xmp
/Users/aagnone/resources/academic/github/learning-to-edit/.data/robert_kendra//DSC_4156.xmp
/Users/aagnone/resources/academic/github/learning-to-edit/.data/robert_kendra//DSC_4158.xmp
/Users/aagnone/resources/academic/github/learning-to-edit/.data/robert_kendra//DSC_4159.xmp
/Users/aagnone/resources/academic/github/learning-to-edit/.data/robert_kendra//DSC_4160.xmp
/Users/aagnone/resources/academic/github/learning-to-edit/.data/robert_kendra//DSC_4162.xmp
/Users/aagnone/resources/academic/github/learning-to-edit/.data/robert_kendra//DSC_4164.xmp
/Users/aagnone/resources/academic/github/learning-to-edit/.data/robert_kendra//DSC_4165.xmp
/Users/aagnone/resources/academic/github/learning-to-edit/.data/robert_kendra//DSC_4166.xmp
/Users/aagnone/resources/academic/github/learning-to-edit/.data/robert_kendra//DSC_4168.xmp
/Users/aagnone/resources/academic/github/learning-to-edit/.data/robert_kendra//DSC_4170.xmp
/Users/aagnone/resources/academic/github/learning-to-edit/.data/robert_kendra//DSC_4171.xmp
/Users/aagnone/resources/academic/github/learning-to-edit/.data/robert_kendra//DSC_4173.xmp
/Users/aagnone/resources/academic/github/learning-to-edit/.data/robert_kendra//DSC_4174.xmp
/Users/aagnone/resources/academic/github/learning-to-edit/.data/robert_kendra//DSC_4178.xmp
/Users/aagnone/resources/academic/github/learning-to-edit/.data/robert_kendra//DSC_4180.xmp
/Users/aagnone/resources/academic/github/learning-to-edit/.data/robert_kendra//DSC_4181.xmp
/Users/aagnone/resources/academic/github/learning-to-edit/.data/robert_kendra//DSC_4183.xmp
/Users/aagnone/resources/academic/github/learning-to-edit/.data/robert_kendra//DSC_4184.xmp
/Users/aagnone/resources/academic/github/learning-to-edit/.data/robert_kendra//DSC_4186.xmp
/Users/aagnone/resources/academic/github/learning-to-edit/.data/robert_kendra//DSC_4187.xmp
/Users/aagnone/resources/academic/github/learning-to-edit/.data/robert_kendra//DSC_4188.xmp
/Users/aagnone/resources/academic/github/learning-to-edit/.data/robert_kendra//DSC_4189.xmp
/Users/aagnone/resources/academic/github/learning-to-edit/.data/robert_kendra//DSC_4190.xmp
/Users/aagnone/resources/academic/github/learning-to-edit/.data/robert_kendra//DSC_4191.xmp
/Users/aagnone/resources/academic/github/learning-to-edit/.data/robert_kendra//DSC_4192.xmp
/Users/aagnone/resources/academic/github/learning-to-edit/.data/robert_kendra//DSC_4193.xmp
/Users/aagnone/resources/academic/github/learning-to-edit/.data/robert_kendra//DSC_4195.xmp
/Users/aagnone/resources/academic/github/learning-to-edit/.data/robert_kendra//DSC_4196.xmp
/Users/aagnone/resources/academic/github/learning-to-edit/.data/robert_kendra//DSC_4197.xmp
/Users/aagnone/resources/academic/github/learning-to-edit/.data/robert_kendra//DSC_4201.xmp
/Users/aagnone/resources/academic/github/learning-to-edit/.data/robert_kendra//DSC_4202.xmp
/Users/aagnone/resources/academic/github/learning-to-edit/.data/robert_kendra//DSC_4204.xmp
/Users/aagnone/resources/academic/github/learning-to-edit/.data/robert_kendra//DSC_4205.xmp
/Users/aagnone/resources/academic/github/learning-to-edit/.data/robert_kendra//DSC_4206.xmp
/Users/aagnone/resources/academic/github/learning-to-edit/.data/robert_kendra//DSC_4207.xmp
/Users/aagnone/resources/academic/github/learning-to-edit/.data/robert_kendra//DSC_4208.xmp
/Users/aagnone/resources/academic/github/learning-to-edit/.data/robert_kendra//DSC_4209.xmp
/Users/aagnone/resources/academic/github/learning-to-edit/.data/robert_kendra//DSC_4210.xmp
/Users/aagnone/resources/academic/github/learning-to-edit/.data/robert_kendra//DSC_4211.xmp
/Users/aagnone/resources/academic/github/learning-to-edit/.data/robert_kendra//DSC_4213.xmp
/Users/aagnone/resources/academic/github/learning-to-edit/.data/robert_kendra//DSC_4214.xmp
/Users/aagnone/resources/academic/github/learning-to-edit/.data/robert_kendra//DSC_4218.xmp
/Users/aagnone/resources/academic/github/learning-to-edit/.data/robert_kendra//DSC_4219.xmp
/Users/aagnone/resources/academic/github/learning-to-edit/.data/robert_kendra//DSC_4221.xmp
/Users/aagnone/resources/academic/github/learning-to-edit/.data/robert_kendra//DSC_4223.xmp
/Users/aagnone/resources/academic/github/learning-to-edit/.data/robert_kendra//DSC_4224.xmp
/Users/aagnone/resources/academic/github/learning-to-edit/.data/robert_kendra//DSC_4226.xmp
/Users/aagnone/resources/academic/github/learning-to-edit/.data/robert_kendra//DSC_4228.xmp
/Users/aagnone/resources/academic/github/learning-to-edit/.data/robert_kendra//DSC_4229.xmp
/Users/aagnone/resources/academic/github/learning-to-edit/.data/robert_kendra//DSC_4230.xmp
/Users/aagnone/resources/academic/github/learning-to-edit/.data/robert_kendra//DSC_4231.xmp
/Users/aagnone/resources/academic/github/learning-to-edit/.data/robert_kendra//DSC_4232.xmp
/Users/aagnone/resources/academic/github/learning-to-edit/.data/robert_kendra//DSC_4234.xmp
/Users/aagnone/resources/academic/github/learning-to-edit/.data/robert_kendra//DSC_4236.xmp
/Users/aagnone/resources/academic/github/learning-to-edit/.data/robert_kendra//DSC_4238.xmp
/Users/aagnone/resources/academic/github/learning-to-edit/.data/robert_kendra//DSC_4241.xmp
/Users/aagnone/resources/academic/github/learning-to-edit/.data/robert_kendra//DSC_4243.xmp
/Users/aagnone/resources/academic/github/learning-to-edit/.data/robert_kendra//DSC_4244.xmp
/Users/aagnone/resources/academic/github/learning-to-edit/.data/robert_kendra//DSC_4247.xmp
/Users/aagnone/resources/academic/github/learning-to-edit/.data/robert_kendra//DSC_4249.xmp
/Users/aagnone/resources/academic/github/learning-to-edit/.data/robert_kendra//DSC_4252.xmp
/Users/aagnone/resources/academic/github/learning-to-edit/.data/robert_kendra//DSC_4254.xmp
/Users/aagnone/resources/academic/github/learning-to-edit/.data/robert_kendra//DSC_4255.xmp
/Users/aagnone/resources/academic/github/learning-to-edit/.data/robert_kendra//DSC_4258.xmp
/Users/aagnone/resources/academic/github/learning-to-edit/.data/robert_kendra//DSC_4259.xmp
/Users/aagnone/resources/academic/github/learning-to-edit/.data/robert_kendra//DSC_4263.xmp
/Users/aagnone/resources/academic/github/learning-to-edit/.data/robert_kendra//DSC_4265.xmp
/Users/aagnone/resources/academic/github/learning-to-edit/.data/robert_kendra//DSC_4267.xmp
/Users/aagnone/resources/academic/github/learning-to-edit/.data/robert_kendra//DSC_4270.xmp
/Users/aagnone/resources/academic/github/learning-to-edit/.data/robert_kendra//DSC_4271.xmp
/Users/aagnone/resources/academic/github/learning-to-edit/.data/robert_kendra//DSC_4273.xmp
/Users/aagnone/resources/academic/github/learning-to-edit/.data/robert_kendra//DSC_4274.xmp
/Users/aagnone/resources/academic/github/learning-to-edit/.data/robert_kendra//DSC_4275.xmp
/Users/aagnone/resources/academic/github/learning-to-edit/.data/robert_kendra//DSC_4276.xmp
/Users/aagnone/resources/academic/github/learning-to-edit/.data/robert_kendra//DSC_4277.xmp
/Users/aagnone/resources/academic/github/learning-to-edit/.data/robert_kendra//DSC_4278.xmp
/Users/aagnone/resources/academic/github/learning-to-edit/.data/robert_kendra//DSC_4279.xmp
/Users/aagnone/resources/academic/github/learning-to-edit/.data/robert_kendra//DSC_4285.xmp
/Users/aagnone/resources/academic/github/learning-to-edit/.data/robert_kendra//DSC_4286.xmp
/Users/aagnone/resources/academic/github/learning-to-edit/.data/robert_kendra//DSC_4287.xmp
/Users/aagnone/resources/academic/github/learning-to-edit/.data/robert_kendra//DSC_4288.xmp
/Users/aagnone/resources/academic/github/learning-to-edit/.data/robert_kendra//DSC_4289.xmp
/Users/aagnone/resources/academic/github/learning-to-edit/.data/robert_kendra//DSC_4291.xmp
/Users/aagnone/resources/academic/github/learning-to-edit/.data/robert_kendra//DSC_4293.xmp
/Users/aagnone/resources/academic/github/learning-to-edit/.data/robert_kendra//DSC_4294.xmp
/Users/aagnone/resources/academic/github/learning-to-edit/.data/robert_kendra//DSC_4295.xmp
/Users/aagnone/resources/academic/github/learning-to-edit/.data/robert_kendra//DSC_4297.xmp
/Users/aagnone/resources/academic/github/learning-to-edit/.data/robert_kendra//DSC_4298.xmp
/Users/aagnone/resources/academic/github/learning-to-edit/.data/robert_kendra//DSC_4299.xmp
/Users/aagnone/resources/academic/github/learning-to-edit/.data/robert_kendra//DSC_4300.xmp
/Users/aagnone/resources/academic/github/learning-to-edit/.data/robert_kendra//DSC_4301.xmp
/Users/aagnone/resources/academic/github/learning-to-edit/.data/robert_kendra//DSC_4302.xmp
/Users/aagnone/resources/academic/github/learning-to-edit/.data/robert_kendra//DSC_4303.xmp
/Users/aagnone/resources/academic/github/learning-to-edit/.data/robert_kendra//DSC_4307.xmp
/Users/aagnone/resources/academic/github/learning-to-edit/.data/robert_kendra//DSC_4314.xmp
/Users/aagnone/resources/academic/github/learning-to-edit/.data/robert_kendra//DSC_4315.xmp
/Users/aagnone/resources/academic/github/learning-to-edit/.data/robert_kendra//DSC_4325.xmp
/Users/aagnone/resources/academic/github/learning-to-edit/.data/robert_kendra//DSC_4328.xmp
/Users/aagnone/resources/academic/github/learning-to-edit/.data/robert_kendra//DSC_4334.xmp
/Users/aagnone/resources/academic/github/learning-to-edit/.data/robert_kendra//DSC_4335.xmp
/Users/aagnone/resources/academic/github/learning-to-edit/.data/robert_kendra//DSC_4342.xmp
/Users/aagnone/resources/academic/github/learning-to-edit/.data/robert_kendra//DSC_4345.xmp
/Users/aagnone/resources/academic/github/learning-to-edit/.data/robert_kendra//DSC_4347.xmp
/Users/aagnone/resources/academic/github/learning-to-edit/.data/robert_kendra//DSC_4352.xmp
/Users/aagnone/resources/academic/github/learning-to-edit/.data/robert_kendra//DSC_4353.xmp
/Users/aagnone/resources/academic/github/learning-to-edit/.data/robert_kendra//DSC_4366.xmp
/Users/aagnone/resources/academic/github/learning-to-edit/.data/robert_kendra//DSC_4375.xmp
/Users/aagnone/resources/academic/github/learning-to-edit/.data/robert_kendra//DSC_4377.xmp
/Users/aagnone/resources/academic/github/learning-to-edit/.data/robert_kendra//DSC_4378.xmp
/Users/aagnone/resources/academic/github/learning-to-edit/.data/robert_kendra//DSC_4379.xmp
/Users/aagnone/resources/academic/github/learning-to-edit/.data/robert_kendra//DSC_4380.xmp
/Users/aagnone/resources/academic/github/learning-to-edit/.data/robert_kendra//DSC_4382.xmp
/Users/aagnone/resources/academic/github/learning-to-edit/.data/robert_kendra//DSC_4395.xmp
/Users/aagnone/resources/academic/github/learning-to-edit/.data/robert_kendra//DSC_4397.xmp
/Users/aagnone/resources/academic/github/learning-to-edit/.data/robert_kendra//DSC_4402.xmp
/Users/aagnone/resources/academic/github/learning-to-edit/.data/robert_kendra//DSC_4406.xmp
/Users/aagnone/resources/academic/github/learning-to-edit/.data/robert_kendra//DSC_4408.xmp
/Users/aagnone/resources/academic/github/learning-to-edit/.data/robert_kendra//DSC_4411.xmp
/Users/aagnone/resources/academic/github/learning-to-edit/.data/robert_kendra//DSC_4414.xmp
/Users/aagnone/resources/academic/github/learning-to-edit/.data/robert_kendra//DSC_4416.xmp
/Users/aagnone/resources/academic/github/learning-to-edit/.data/robert_kendra//DSC_4417.xmp
/Users/aagnone/resources/academic/github/learning-to-edit/.data/robert_kendra//DSC_4418.xmp
/Users/aagnone/resources/academic/github/learning-to-edit/.data/robert_kendra//DSC_4421.xmp
/Users/aagnone/resources/academic/github/learning-to-edit/.data/robert_kendra//DSC_4422.xmp
/Users/aagnone/resources/academic/github/learning-to-edit/.data/robert_kendra//DSC_4424.xmp
/Users/aagnone/resources/academic/github/learning-to-edit/.data/robert_kendra//DSC_4426.xmp
/Users/aagnone/resources/academic/github/learning-to-edit/.data/robert_kendra//DSC_4428.xmp
/Users/aagnone/resources/academic/github/learning-to-edit/.data/robert_kendra//DSC_4429.xmp
/Users/aagnone/resources/academic/github/learning-to-edit/.data/robert_kendra//DSC_4431.xmp
/Users/aagnone/resources/academic/github/learning-to-edit/.data/robert_kendra//DSC_4433.xmp
/Users/aagnone/resources/academic/github/learning-to-edit/.data/robert_kendra//DSC_4435.xmp
/Users/aagnone/resources/academic/github/learning-to-edit/.data/robert_kendra//DSC_4436.xmp
/Users/aagnone/resources/academic/github/learning-to-edit/.data/robert_kendra//DSC_4438.xmp
/Users/aagnone/resources/academic/github/learning-to-edit/.data/robert_kendra//DSC_4441.xmp
/Users/aagnone/resources/academic/github/learning-to-edit/.data/robert_kendra//DSC_4443.xmp
/Users/aagnone/resources/academic/github/learning-to-edit/.data/robert_kendra//DSC_4444.xmp
/Users/aagnone/resources/academic/github/learning-to-edit/.data/robert_kendra//DSC_4447.xmp
/Users/aagnone/resources/academic/github/learning-to-edit/.data/robert_kendra//DSC_4449.xmp
/Users/aagnone/resources/academic/github/learning-to-edit/.data/robert_kendra//DSC_4451.xmp
/Users/aagnone/resources/academic/github/learning-to-edit/.data/robert_kendra//DSC_4452.xmp
/Users/aagnone/resources/academic/github/learning-to-edit/.data/robert_kendra//DSC_4457.xmp
/Users/aagnone/resources/academic/github/learning-to-edit/.data/robert_kendra//DSC_4458.xmp
/Users/aagnone/resources/academic/github/learning-to-edit/.data/robert_kendra//DSC_4460.xmp
/Users/aagnone/resources/academic/github/learning-to-edit/.data/robert_kendra//DSC_4461.xmp
/Users/aagnone/resources/academic/github/learning-to-edit/.data/robert_kendra//DSC_4462.xmp
/Users/aagnone/resources/academic/github/learning-to-edit/.data/robert_kendra//DSC_4463.xmp
/Users/aagnone/resources/academic/github/learning-to-edit/.data/robert_kendra//DSC_4464.xmp
/Users/aagnone/resources/academic/github/learning-to-edit/.data/robert_kendra//DSC_4465.xmp
/Users/aagnone/resources/academic/github/learning-to-edit/.data/robert_kendra//DSC_4466.xmp
/Users/aagnone/resources/academic/github/learning-to-edit/.data/robert_kendra//DSC_4467.xmp
/Users/aagnone/resources/academic/github/learning-to-edit/.data/robert_kendra//DSC_4468.xmp
/Users/aagnone/resources/academic/github/learning-to-edit/.data/robert_kendra//DSC_4470.xmp
/Users/aagnone/resources/academic/github/learning-to-edit/.data/robert_kendra//DSC_4471.xmp
/Users/aagnone/resources/academic/github/learning-to-edit/.data/robert_kendra//DSC_4473.xmp
/Users/aagnone/resources/academic/github/learning-to-edit/.data/robert_kendra//DSC_4475.xmp
/Users/aagnone/resources/academic/github/learning-to-edit/.data/robert_kendra//DSC_4481.xmp
/Users/aagnone/resources/academic/github/learning-to-edit/.data/robert_kendra//DSC_4488.xmp
/Users/aagnone/resources/academic/github/learning-to-edit/.data/robert_kendra//DSC_4489.xmp
/Users/aagnone/resources/academic/github/learning-to-edit/.data/robert_kendra//DSC_4492.xmp
/Users/aagnone/resources/academic/github/learning-to-edit/.data/robert_kendra//DSC_4494.xmp
/Users/aagnone/resources/academic/github/learning-to-edit/.data/robert_kendra//DSC_4496.xmp
/Users/aagnone/resources/academic/github/learning-to-edit/.data/robert_kendra//DSC_4499.xmp
/Users/aagnone/resources/academic/github/learning-to-edit/.data/robert_kendra//DSC_4502.xmp
/Users/aagnone/resources/academic/github/learning-to-edit/.data/robert_kendra//DSC_4504.xmp
/Users/aagnone/resources/academic/github/learning-to-edit/.data/robert_kendra//DSC_4505.xmp
/Users/aagnone/resources/academic/github/learning-to-edit/.data/robert_kendra//DSC_4506.xmp
/Users/aagnone/resources/academic/github/learning-to-edit/.data/robert_kendra//DSC_4507.xmp
/Users/aagnone/resources/academic/github/learning-to-edit/.data/robert_kendra//DSC_4511.xmp
/Users/aagnone/resources/academic/github/learning-to-edit/.data/robert_kendra//DSC_4512.xmp
/Users/aagnone/resources/academic/github/learning-to-edit/.data/robert_kendra//DSC_4514.xmp
/Users/aagnone/resources/academic/github/learning-to-edit/.data/robert_kendra//DSC_4516.xmp
/Users/aagnone/resources/academic/github/learning-to-edit/.data/robert_kendra//DSC_4517.xmp
/Users/aagnone/resources/academic/github/learning-to-edit/.data/robert_kendra//DSC_4518.xmp
/Users/aagnone/resources/academic/github/learning-to-edit/.data/robert_kendra//DSC_4520.xmp
/Users/aagnone/resources/academic/github/learning-to-edit/.data/robert_kendra//DSC_4521.xmp
/Users/aagnone/resources/academic/github/learning-to-edit/.data/robert_kendra//DSC_4523.xmp
/Users/aagnone/resources/academic/github/learning-to-edit/.data/robert_kendra//DSC_4524.xmp
/Users/aagnone/resources/academic/github/learning-to-edit/.data/robert_kendra//DSC_4528.xmp
/Users/aagnone/resources/academic/github/learning-to-edit/.data/robert_kendra//DSC_4531.xmp
/Users/aagnone/resources/academic/github/learning-to-edit/.data/robert_kendra//DSC_4533.xmp
/Users/aagnone/resources/academic/github/learning-to-edit/.data/robert_kendra//DSC_4547.xmp
/Users/aagnone/resources/academic/github/learning-to-edit/.data/robert_kendra//DSC_4548.xmp
/Users/aagnone/resources/academic/github/learning-to-edit/.data/robert_kendra//DSC_4575.xmp
/Users/aagnone/resources/academic/github/learning-to-edit/.data/robert_kendra//DSC_4588.xmp
/Users/aagnone/resources/academic/github/learning-to-edit/.data/robert_kendra//DSC_4590.xmp
/Users/aagnone/resources/academic/github/learning-to-edit/.data/robert_kendra//DSC_4591.xmp
/Users/aagnone/resources/academic/github/learning-to-edit/.data/robert_kendra//DSC_4592.xmp
/Users/aagnone/resources/academic/github/learning-to-edit/.data/robert_kendra//DSC_4593.xmp
/Users/aagnone/resources/academic/github/learning-to-edit/.data/robert_kendra//DSC_4594.xmp
/Users/aagnone/resources/academic/github/learning-to-edit/.data/robert_kendra//DSC_4597.xmp
/Users/aagnone/resources/academic/github/learning-to-edit/.data/robert_kendra//DSC_4598.xmp
/Users/aagnone/resources/academic/github/learning-to-edit/.data/robert_kendra//DSC_4599.xmp
/Users/aagnone/resources/academic/github/learning-to-edit/.data/robert_kendra//DSC_4601.xmp
/Users/aagnone/resources/academic/github/learning-to-edit/.data/robert_kendra//DSC_4605.xmp
/Users/aagnone/resources/academic/github/learning-to-edit/.data/robert_kendra//DSC_4608.xmp
/Users/aagnone/resources/academic/github/learning-to-edit/.data/robert_kendra//DSC_4609.xmp
/Users/aagnone/resources/academic/github/learning-to-edit/.data/robert_kendra//DSC_4615.xmp
/Users/aagnone/resources/academic/github/learning-to-edit/.data/robert_kendra//DSC_4616.xmp
/Users/aagnone/resources/academic/github/learning-to-edit/.data/robert_kendra//DSC_4618.xmp
/Users/aagnone/resources/academic/github/learning-to-edit/.data/robert_kendra//DSC_4620.xmp
/Users/aagnone/resources/academic/github/learning-to-edit/.data/robert_kendra//DSC_4624.xmp
/Users/aagnone/resources/academic/github/learning-to-edit/.data/robert_kendra//DSC_4626.xmp
/Users/aagnone/resources/academic/github/learning-to-edit/.data/robert_kendra//DSC_4627.xmp
/Users/aagnone/resources/academic/github/learning-to-edit/.data/robert_kendra//DSC_4628.xmp
/Users/aagnone/resources/academic/github/learning-to-edit/.data/robert_kendra//DSC_4629.xmp
/Users/aagnone/resources/academic/github/learning-to-edit/.data/robert_kendra//DSC_4631.xmp
/Users/aagnone/resources/academic/github/learning-to-edit/.data/robert_kendra//DSC_4632.xmp
/Users/aagnone/resources/academic/github/learning-to-edit/.data/robert_kendra//DSC_4634.xmp
/Users/aagnone/resources/academic/github/learning-to-edit/.data/robert_kendra//DSC_4636.xmp
/Users/aagnone/resources/academic/github/learning-to-edit/.data/robert_kendra//DSC_4638.xmp
/Users/aagnone/resources/academic/github/learning-to-edit/.data/robert_kendra//DSC_4641.xmp
/Users/aagnone/resources/academic/github/learning-to-edit/.data/robert_kendra//DSC_4650.xmp
/Users/aagnone/resources/academic/github/learning-to-edit/.data/robert_kendra//DSC_4651.xmp
/Users/aagnone/resources/academic/github/learning-to-edit/.data/robert_kendra//DSC_4655.xmp
/Users/aagnone/resources/academic/github/learning-to-edit/.data/robert_kendra//DSC_4656.xmp
/Users/aagnone/resources/academic/github/learning-to-edit/.data/robert_kendra//DSC_4658.xmp
/Users/aagnone/resources/academic/github/learning-to-edit/.data/robert_kendra//DSC_4659.xmp
/Users/aagnone/resources/academic/github/learning-to-edit/.data/robert_kendra//DSC_4660.xmp
/Users/aagnone/resources/academic/github/learning-to-edit/.data/robert_kendra//DSC_4661.xmp
/Users/aagnone/resources/academic/github/learning-to-edit/.data/robert_kendra//DSC_4662.xmp
/Users/aagnone/resources/academic/github/learning-to-edit/.data/robert_kendra//DSC_4664.xmp
/Users/aagnone/resources/academic/github/learning-to-edit/.data/robert_kendra//DSC_4667.xmp
/Users/aagnone/resources/academic/github/learning-to-edit/.data/robert_kendra//DSC_4671.xmp
/Users/aagnone/resources/academic/github/learning-to-edit/.data/robert_kendra//DSC_4675.xmp
/Users/aagnone/resources/academic/github/learning-to-edit/.data/robert_kendra//DSC_4681.xmp
/Users/aagnone/resources/academic/github/learning-to-edit/.data/robert_kendra//DSC_4683.xmp
/Users/aagnone/resources/academic/github/learning-to-edit/.data/robert_kendra//DSC_4684.xmp
/Users/aagnone/resources/academic/github/learning-to-edit/.data/robert_kendra//DSC_4685.xmp
/Users/aagnone/resources/academic/github/learning-to-edit/.data/robert_kendra//DSC_4686.xmp
/Users/aagnone/resources/academic/github/learning-to-edit/.data/robert_kendra//DSC_4687.xmp
/Users/aagnone/resources/academic/github/learning-to-edit/.data/robert_kendra//DSC_4689.xmp
/Users/aagnone/resources/academic/github/learning-to-edit/.data/robert_kendra//DSC_4692.xmp
/Users/aagnone/resources/academic/github/learning-to-edit/.data/robert_kendra//DSC_4694.xmp
/Users/aagnone/resources/academic/github/learning-to-edit/.data/robert_kendra//DSC_4695.xmp
/Users/aagnone/resources/academic/github/learning-to-edit/.data/robert_kendra//DSC_4698.xmp
/Users/aagnone/resources/academic/github/learning-to-edit/.data/robert_kendra//DSC_4699.xmp
/Users/aagnone/resources/academic/github/learning-to-edit/.data/robert_kendra//DSC_4700.xmp
/Users/aagnone/resources/academic/github/learning-to-edit/.data/robert_kendra//DSC_4701.xmp
/Users/aagnone/resources/academic/github/learning-to-edit/.data/robert_kendra//DSC_4702.xmp
/Users/aagnone/resources/academic/github/learning-to-edit/.data/robert_kendra//DSC_4704.xmp
/Users/aagnone/resources/academic/github/learning-to-edit/.data/robert_kendra//DSC_4705.xmp
/Users/aagnone/resources/academic/github/learning-to-edit/.data/robert_kendra//DSC_4706.xmp
/Users/aagnone/resources/academic/github/learning-to-edit/.data/robert_kendra//DSC_4712.xmp
/Users/aagnone/resources/academic/github/learning-to-edit/.data/robert_kendra//DSC_4714.xmp
/Users/aagnone/resources/academic/github/learning-to-edit/.data/robert_kendra//DSC_4715.xmp
/Users/aagnone/resources/academic/github/learning-to-edit/.data/robert_kendra//DSC_4727.xmp
/Users/aagnone/resources/academic/github/learning-to-edit/.data/robert_kendra//DSC_4732.xmp
/Users/aagnone/resources/academic/github/learning-to-edit/.data/robert_kendra//DSC_4733.xmp
/Users/aagnone/resources/academic/github/learning-to-edit/.data/robert_kendra//DSC_4734.xmp
/Users/aagnone/resources/academic/github/learning-to-edit/.data/robert_kendra//DSC_4735.xmp
/Users/aagnone/resources/academic/github/learning-to-edit/.data/robert_kendra//DSC_4736.xmp
/Users/aagnone/resources/academic/github/learning-to-edit/.data/robert_kendra//DSC_4738.xmp
/Users/aagnone/resources/academic/github/learning-to-edit/.data/robert_kendra//DSC_4739.xmp
/Users/aagnone/resources/academic/github/learning-to-edit/.data/robert_kendra//DSC_4740.xmp
/Users/aagnone/resources/academic/github/learning-to-edit/.data/robert_kendra//DSC_4741.xmp
/Users/aagnone/resources/academic/github/learning-to-edit/.data/robert_kendra//DSC_4742.xmp
/Users/aagnone/resources/academic/github/learning-to-edit/.data/robert_kendra//DSC_4748.xmp
/Users/aagnone/resources/academic/github/learning-to-edit/.data/robert_kendra//DSC_4753.xmp
/Users/aagnone/resources/academic/github/learning-to-edit/.data/robert_kendra//DSC_4754.xmp
/Users/aagnone/resources/academic/github/learning-to-edit/.data/robert_kendra//DSC_4755.xmp
/Users/aagnone/resources/academic/github/learning-to-edit/.data/robert_kendra//DSC_4757.xmp
/Users/aagnone/resources/academic/github/learning-to-edit/.data/robert_kendra//DSC_4758.xmp
/Users/aagnone/resources/academic/github/learning-to-edit/.data/robert_kendra//DSC_4759.xmp
/Users/aagnone/resources/academic/github/learning-to-edit/.data/robert_kendra//DSC_4764.xmp
/Users/aagnone/resources/academic/github/learning-to-edit/.data/robert_kendra//DSC_4766.xmp
/Users/aagnone/resources/academic/github/learning-to-edit/.data/robert_kendra//DSC_4768.xmp
/Users/aagnone/resources/academic/github/learning-to-edit/.data/robert_kendra//DSC_4769.xmp
/Users/aagnone/resources/academic/github/learning-to-edit/.data/robert_kendra//DSC_4770.xmp
/Users/aagnone/resources/academic/github/learning-to-edit/.data/robert_kendra//DSC_4772.xmp
/Users/aagnone/resources/academic/github/learning-to-edit/.data/robert_kendra//DSC_4775.xmp
/Users/aagnone/resources/academic/github/learning-to-edit/.data/robert_kendra//DSC_4776.xmp
/Users/aagnone/resources/academic/github/learning-to-edit/.data/robert_kendra//DSC_4778.xmp
/Users/aagnone/resources/academic/github/learning-to-edit/.data/robert_kendra//DSC_4779.xmp
/Users/aagnone/resources/academic/github/learning-to-edit/.data/robert_kendra//DSC_4780.xmp
/Users/aagnone/resources/academic/github/learning-to-edit/.data/robert_kendra//DSC_4781.xmp
/Users/aagnone/resources/academic/github/learning-to-edit/.data/robert_kendra//DSC_4785.xmp
/Users/aagnone/resources/academic/github/learning-to-edit/.data/robert_kendra//DSC_4787.xmp
/Users/aagnone/resources/academic/github/learning-to-edit/.data/robert_kendra//DSC_4791.xmp
/Users/aagnone/resources/academic/github/learning-to-edit/.data/robert_kendra//DSC_4792.xmp
/Users/aagnone/resources/academic/github/learning-to-edit/.data/robert_kendra//DSC_4794.xmp
/Users/aagnone/resources/academic/github/learning-to-edit/.data/robert_kendra//DSC_4801.xmp
/Users/aagnone/resources/academic/github/learning-to-edit/.data/robert_kendra//DSC_4802.xmp
/Users/aagnone/resources/academic/github/learning-to-edit/.data/robert_kendra//DSC_4803.xmp
/Users/aagnone/resources/academic/github/learning-to-edit/.data/robert_kendra//DSC_4807.xmp
/Users/aagnone/resources/academic/github/learning-to-edit/.data/robert_kendra//DSC_4808.xmp
/Users/aagnone/resources/academic/github/learning-to-edit/.data/robert_kendra//DSC_4809.xmp
/Users/aagnone/resources/academic/github/learning-to-edit/.data/robert_kendra//DSC_4810.xmp
/Users/aagnone/resources/academic/github/learning-to-edit/.data/robert_kendra//DSC_4819.xmp
/Users/aagnone/resources/academic/github/learning-to-edit/.data/robert_kendra//DSC_4820.xmp
/Users/aagnone/resources/academic/github/learning-to-edit/.data/robert_kendra//DSC_4821.xmp
/Users/aagnone/resources/academic/github/learning-to-edit/.data/robert_kendra//DSC_4822.xmp
/Users/aagnone/resources/academic/github/learning-to-edit/.data/robert_kendra//DSC_4825.xmp
/Users/aagnone/resources/academic/github/learning-to-edit/.data/robert_kendra//DSC_4826.xmp
/Users/aagnone/resources/academic/github/learning-to-edit/.data/robert_kendra//DSC_4831.xmp
/Users/aagnone/resources/academic/github/learning-to-edit/.data/robert_kendra//DSC_4832.xmp
/Users/aagnone/resources/academic/github/learning-to-edit/.data/robert_kendra//DSC_4833.xmp
/Users/aagnone/resources/academic/github/learning-to-edit/.data/robert_kendra//DSC_4834.xmp
/Users/aagnone/resources/academic/github/learning-to-edit/.data/robert_kendra//DSC_4835.xmp
/Users/aagnone/resources/academic/github/learning-to-edit/.data/robert_kendra//DSC_4837.xmp
/Users/aagnone/resources/academic/github/learning-to-edit/.data/robert_kendra//DSC_4838.xmp
/Users/aagnone/resources/academic/github/learning-to-edit/.data/robert_kendra//DSC_4840.xmp
/Users/aagnone/resources/academic/github/learning-to-edit/.data/robert_kendra//DSC_4846.xmp
/Users/aagnone/resources/academic/github/learning-to-edit/.data/robert_kendra//DSC_4847.xmp
/Users/aagnone/resources/academic/github/learning-to-edit/.data/robert_kendra//DSC_4852.xmp
/Users/aagnone/resources/academic/github/learning-to-edit/.data/robert_kendra//DSC_4853.xmp
/Users/aagnone/resources/academic/github/learning-to-edit/.data/robert_kendra//DSC_4855.xmp
/Users/aagnone/resources/academic/github/learning-to-edit/.data/robert_kendra//DSC_4857.xmp
/Users/aagnone/resources/academic/github/learning-to-edit/.data/robert_kendra//DSC_4858.xmp
/Users/aagnone/resources/academic/github/learning-to-edit/.data/robert_kendra//DSC_4860.xmp
/Users/aagnone/resources/academic/github/learning-to-edit/.data/robert_kendra//DSC_4862.xmp
/Users/aagnone/resources/academic/github/learning-to-edit/.data/robert_kendra//DSC_4863.xmp
/Users/aagnone/resources/academic/github/learning-to-edit/.data/robert_kendra//DSC_4867.xmp
/Users/aagnone/resources/academic/github/learning-to-edit/.data/robert_kendra//DSC_4869.xmp
/Users/aagnone/resources/academic/github/learning-to-edit/.data/robert_kendra//DSC_4872.xmp
/Users/aagnone/resources/academic/github/learning-to-edit/.data/robert_kendra//DSC_4874.xmp
/Users/aagnone/resources/academic/github/learning-to-edit/.data/robert_kendra//DSC_4876.xmp
/Users/aagnone/resources/academic/github/learning-to-edit/.data/robert_kendra//DSC_4877.xmp
/Users/aagnone/resources/academic/github/learning-to-edit/.data/robert_kendra//DSC_4879.xmp
/Users/aagnone/resources/academic/github/learning-to-edit/.data/robert_kendra//DSC_4880.xmp
/Users/aagnone/resources/academic/github/learning-to-edit/.data/robert_kendra//DSC_4881.xmp
/Users/aagnone/resources/academic/github/learning-to-edit/.data/robert_kendra//DSC_4884.xmp
/Users/aagnone/resources/academic/github/learning-to-edit/.data/robert_kendra//DSC_4887.xmp
/Users/aagnone/resources/academic/github/learning-to-edit/.data/robert_kendra//DSC_4888.xmp
/Users/aagnone/resources/academic/github/learning-to-edit/.data/robert_kendra//DSC_4889.xmp
/Users/aagnone/resources/academic/github/learning-to-edit/.data/robert_kendra//DSC_4890.xmp
/Users/aagnone/resources/academic/github/learning-to-edit/.data/robert_kendra//DSC_4892.xmp
/Users/aagnone/resources/academic/github/learning-to-edit/.data/robert_kendra//DSC_4895.xmp
/Users/aagnone/resources/academic/github/learning-to-edit/.data/robert_kendra//DSC_4896.xmp
/Users/aagnone/resources/academic/github/learning-to-edit/.data/robert_kendra//DSC_4897.xmp
/Users/aagnone/resources/academic/github/learning-to-edit/.data/robert_kendra//DSC_4898.xmp
/Users/aagnone/resources/academic/github/learning-to-edit/.data/robert_kendra//DSC_4899.xmp
/Users/aagnone/resources/academic/github/learning-to-edit/.data/robert_kendra//DSC_4902.xmp
/Users/aagnone/resources/academic/github/learning-to-edit/.data/robert_kendra//DSC_4903.xmp
/Users/aagnone/resources/academic/github/learning-to-edit/.data/robert_kendra//DSC_4904.xmp
/Users/aagnone/resources/academic/github/learning-to-edit/.data/robert_kendra//DSC_4906.xmp
/Users/aagnone/resources/academic/github/learning-to-edit/.data/robert_kendra//DSC_4907.xmp
/Users/aagnone/resources/academic/github/learning-to-edit/.data/robert_kendra//DSC_4910.xmp
/Users/aagnone/resources/academic/github/learning-to-edit/.data/robert_kendra//DSC_4912.xmp
/Users/aagnone/resources/academic/github/learning-to-edit/.data/robert_kendra//DSC_4913.xmp
/Users/aagnone/resources/academic/github/learning-to-edit/.data/robert_kendra//DSC_4916.xmp
/Users/aagnone/resources/academic/github/learning-to-edit/.data/robert_kendra//DSC_4917.xmp
/Users/aagnone/resources/academic/github/learning-to-edit/.data/robert_kendra//DSC_4920.xmp
/Users/aagnone/resources/academic/github/learning-to-edit/.data/robert_kendra//DSC_4922.xmp
/Users/aagnone/resources/academic/github/learning-to-edit/.data/robert_kendra//DSC_4924.xmp
/Users/aagnone/resources/academic/github/learning-to-edit/.data/robert_kendra//DSC_4925.xmp
/Users/aagnone/resources/academic/github/learning-to-edit/.data/robert_kendra//DSC_4926.xmp
/Users/aagnone/resources/academic/github/learning-to-edit/.data/robert_kendra//DSC_4927.xmp
/Users/aagnone/resources/academic/github/learning-to-edit/.data/robert_kendra//DSC_4928.xmp
/Users/aagnone/resources/academic/github/learning-to-edit/.data/robert_kendra//DSC_4929.xmp
/Users/aagnone/resources/academic/github/learning-to-edit/.data/robert_kendra//DSC_4932.xmp
/Users/aagnone/resources/academic/github/learning-to-edit/.data/robert_kendra//DSC_4934.xmp
/Users/aagnone/resources/academic/github/learning-to-edit/.data/robert_kendra//DSC_4935.xmp
/Users/aagnone/resources/academic/github/learning-to-edit/.data/robert_kendra//DSC_4939.xmp
/Users/aagnone/resources/academic/github/learning-to-edit/.data/robert_kendra//DSC_4940.xmp
/Users/aagnone/resources/academic/github/learning-to-edit/.data/robert_kendra//DSC_4941.xmp
/Users/aagnone/resources/academic/github/learning-to-edit/.data/robert_kendra//DSC_4942.xmp
/Users/aagnone/resources/academic/github/learning-to-edit/.data/robert_kendra//DSC_4943.xmp
/Users/aagnone/resources/academic/github/learning-to-edit/.data/robert_kendra//DSC_4946.xmp
/Users/aagnone/resources/academic/github/learning-to-edit/.data/robert_kendra//DSC_4947.xmp
/Users/aagnone/resources/academic/github/learning-to-edit/.data/robert_kendra//DSC_4948.xmp
/Users/aagnone/resources/academic/github/learning-to-edit/.data/robert_kendra//DSC_4949.xmp
/Users/aagnone/resources/academic/github/learning-to-edit/.data/robert_kendra//DSC_4950.xmp
/Users/aagnone/resources/academic/github/learning-to-edit/.data/robert_kendra//DSC_4952.xmp
/Users/aagnone/resources/academic/github/learning-to-edit/.data/robert_kendra//DSC_4953.xmp
/Users/aagnone/resources/academic/github/learning-to-edit/.data/robert_kendra//DSC_4957.xmp
/Users/aagnone/resources/academic/github/learning-to-edit/.data/robert_kendra//DSC_4958.xmp
/Users/aagnone/resources/academic/github/learning-to-edit/.data/robert_kendra//DSC_4959.xmp
/Users/aagnone/resources/academic/github/learning-to-edit/.data/robert_kendra//DSC_4960.xmp
/Users/aagnone/resources/academic/github/learning-to-edit/.data/robert_kendra//DSC_4966.xmp
/Users/aagnone/resources/academic/github/learning-to-edit/.data/robert_kendra//DSC_4967.xmp
/Users/aagnone/resources/academic/github/learning-to-edit/.data/robert_kendra//DSC_4971.xmp
/Users/aagnone/resources/academic/github/learning-to-edit/.data/robert_kendra//DSC_4972.xmp
/Users/aagnone/resources/academic/github/learning-to-edit/.data/robert_kendra//DSC_4973.xmp
/Users/aagnone/resources/academic/github/learning-to-edit/.data/robert_kendra//DSC_4974.xmp
/Users/aagnone/resources/academic/github/learning-to-edit/.data/robert_kendra//DSC_4977.xmp
/Users/aagnone/resources/academic/github/learning-to-edit/.data/robert_kendra//DSC_4978.xmp
/Users/aagnone/resources/academic/github/learning-to-edit/.data/robert_kendra//DSC_4980.xmp
/Users/aagnone/resources/academic/github/learning-to-edit/.data/robert_kendra//DSC_4981.xmp
/Users/aagnone/resources/academic/github/learning-to-edit/.data/robert_kendra//DSC_4982.xmp
/Users/aagnone/resources/academic/github/learning-to-edit/.data/robert_kendra//DSC_4985.xmp
/Users/aagnone/resources/academic/github/learning-to-edit/.data/robert_kendra//DSC_4986.xmp
/Users/aagnone/resources/academic/github/learning-to-edit/.data/robert_kendra//DSC_4987.xmp
/Users/aagnone/resources/academic/github/learning-to-edit/.data/robert_kendra//DSC_4989.xmp
/Users/aagnone/resources/academic/github/learning-to-edit/.data/robert_kendra//DSC_4990.xmp
/Users/aagnone/resources/academic/github/learning-to-edit/.data/robert_kendra//DSC_4991.xmp
/Users/aagnone/resources/academic/github/learning-to-edit/.data/robert_kendra//DSC_4992.xmp
/Users/aagnone/resources/academic/github/learning-to-edit/.data/robert_kendra//DSC_4993.xmp
/Users/aagnone/resources/academic/github/learning-to-edit/.data/robert_kendra//DSC_4995.xmp
/Users/aagnone/resources/academic/github/learning-to-edit/.data/robert_kendra//DSC_4998.xmp
/Users/aagnone/resources/academic/github/learning-to-edit/.data/robert_kendra//DSC_4999.xmp
/Users/aagnone/resources/academic/github/learning-to-edit/.data/robert_kendra//DSC_5001.xmp
/Users/aagnone/resources/academic/github/learning-to-edit/.data/robert_kendra//DSC_5002.xmp
/Users/aagnone/resources/academic/github/learning-to-edit/.data/robert_kendra//DSC_5006.xmp
/Users/aagnone/resources/academic/github/learning-to-edit/.data/robert_kendra//DSC_5007.xmp
/Users/aagnone/resources/academic/github/learning-to-edit/.data/robert_kendra//DSC_5009.xmp
/Users/aagnone/resources/academic/github/learning-to-edit/.data/robert_kendra//DSC_5010.xmp
/Users/aagnone/resources/academic/github/learning-to-edit/.data/robert_kendra//DSC_5012.xmp
/Users/aagnone/resources/academic/github/learning-to-edit/.data/robert_kendra//DSC_5013.xmp
/Users/aagnone/resources/academic/github/learning-to-edit/.data/robert_kendra//DSC_5016.xmp
/Users/aagnone/resources/academic/github/learning-to-edit/.data/robert_kendra//DSC_5020.xmp
/Users/aagnone/resources/academic/github/learning-to-edit/.data/robert_kendra//DSC_5021.xmp
/Users/aagnone/resources/academic/github/learning-to-edit/.data/robert_kendra//DSC_5024.xmp
/Users/aagnone/resources/academic/github/learning-to-edit/.data/robert_kendra//DSC_5025.xmp
/Users/aagnone/resources/academic/github/learning-to-edit/.data/robert_kendra//DSC_5030.xmp
/Users/aagnone/resources/academic/github/learning-to-edit/.data/robert_kendra//DSC_5031.xmp
/Users/aagnone/resources/academic/github/learning-to-edit/.data/robert_kendra//DSC_5033.xmp
/Users/aagnone/resources/academic/github/learning-to-edit/.data/robert_kendra//DSC_5040.xmp
/Users/aagnone/resources/academic/github/learning-to-edit/.data/robert_kendra//DSC_5041.xmp
/Users/aagnone/resources/academic/github/learning-to-edit/.data/robert_kendra//DSC_5048.xmp
/Users/aagnone/resources/academic/github/learning-to-edit/.data/robert_kendra//DSC_5050.xmp
/Users/aagnone/resources/academic/github/learning-to-edit/.data/robert_kendra//DSC_5051.xmp
/Users/aagnone/resources/academic/github/learning-to-edit/.data/robert_kendra//DSC_5053.xmp
/Users/aagnone/resources/academic/github/learning-to-edit/.data/robert_kendra//DSC_5061.xmp
/Users/aagnone/resources/academic/github/learning-to-edit/.data/robert_kendra//DSC_5062.xmp
/Users/aagnone/resources/academic/github/learning-to-edit/.data/robert_kendra//DSC_5066.xmp
/Users/aagnone/resources/academic/github/learning-to-edit/.data/robert_kendra//DSC_5067.xmp
/Users/aagnone/resources/academic/github/learning-to-edit/.data/robert_kendra//DSC_5069.xmp
/Users/aagnone/resources/academic/github/learning-to-edit/.data/robert_kendra//DSC_5070.xmp
/Users/aagnone/resources/academic/github/learning-to-edit/.data/robert_kendra//DSC_5071.xmp
/Users/aagnone/resources/academic/github/learning-to-edit/.data/robert_kendra//DSC_5072.xmp
/Users/aagnone/resources/academic/github/learning-to-edit/.data/robert_kendra//DSC_5073.xmp
/Users/aagnone/resources/academic/github/learning-to-edit/.data/robert_kendra//DSC_5079.xmp
/Users/aagnone/resources/academic/github/learning-to-edit/.data/robert_kendra//DSC_5081.xmp
/Users/aagnone/resources/academic/github/learning-to-edit/.data/robert_kendra//DSC_5085.xmp
/Users/aagnone/resources/academic/github/learning-to-edit/.data/robert_kendra//DSC_5087.xmp
/Users/aagnone/resources/academic/github/learning-to-edit/.data/robert_kendra//DSC_5089.xmp
/Users/aagnone/resources/academic/github/learning-to-edit/.data/robert_kendra//DSC_5091.xmp
/Users/aagnone/resources/academic/github/learning-to-edit/.data/robert_kendra//DSC_5093.xmp
/Users/aagnone/resources/academic/github/learning-to-edit/.data/robert_kendra//DSC_5094.xmp
/Users/aagnone/resources/academic/github/learning-to-edit/.data/robert_kendra//DSC_5095.xmp
/Users/aagnone/resources/academic/github/learning-to-edit/.data/robert_kendra//DSC_5098.xmp
/Users/aagnone/resources/academic/github/learning-to-edit/.data/robert_kendra//DSC_5100.xmp
/Users/aagnone/resources/academic/github/learning-to-edit/.data/robert_kendra//DSC_5102.xmp
/Users/aagnone/resources/academic/github/learning-to-edit/.data/robert_kendra//DSC_5103.xmp
/Users/aagnone/resources/academic/github/learning-to-edit/.data/robert_kendra//DSC_5104.xmp
/Users/aagnone/resources/academic/github/learning-to-edit/.data/robert_kendra//DSC_5106.xmp
/Users/aagnone/resources/academic/github/learning-to-edit/.data/robert_kendra//DSC_5111.xmp
/Users/aagnone/resources/academic/github/learning-to-edit/.data/robert_kendra//DSC_5113.xmp
/Users/aagnone/resources/academic/github/learning-to-edit/.data/robert_kendra//DSC_5114.xmp
/Users/aagnone/resources/academic/github/learning-to-edit/.data/robert_kendra//DSC_5117.xmp
/Users/aagnone/resources/academic/github/learning-to-edit/.data/robert_kendra//DSC_5120.xmp
/Users/aagnone/resources/academic/github/learning-to-edit/.data/robert_kendra//DSC_5121.xmp
/Users/aagnone/resources/academic/github/learning-to-edit/.data/robert_kendra//DSC_5122.xmp
/Users/aagnone/resources/academic/github/learning-to-edit/.data/robert_kendra//DSC_5126.xmp
/Users/aagnone/resources/academic/github/learning-to-edit/.data/robert_kendra//DSC_5131.xmp
/Users/aagnone/resources/academic/github/learning-to-edit/.data/robert_kendra//DSC_5132.xmp
/Users/aagnone/resources/academic/github/learning-to-edit/.data/robert_kendra//DSC_5133.xmp
/Users/aagnone/resources/academic/github/learning-to-edit/.data/robert_kendra//DSC_5134.xmp
/Users/aagnone/resources/academic/github/learning-to-edit/.data/robert_kendra//DSC_5137.xmp
/Users/aagnone/resources/academic/github/learning-to-edit/.data/robert_kendra//DSC_5147.xmp
/Users/aagnone/resources/academic/github/learning-to-edit/.data/robert_kendra//DSC_5153.xmp
/Users/aagnone/resources/academic/github/learning-to-edit/.data/robert_kendra//DSC_5154.xmp
/Users/aagnone/resources/academic/github/learning-to-edit/.data/robert_kendra//DSC_5156.xmp
/Users/aagnone/resources/academic/github/learning-to-edit/.data/robert_kendra//DSC_5157.xmp
/Users/aagnone/resources/academic/github/learning-to-edit/.data/robert_kendra//DSC_5158.xmp
/Users/aagnone/resources/academic/github/learning-to-edit/.data/robert_kendra//DSC_5159.xmp
/Users/aagnone/resources/academic/github/learning-to-edit/.data/robert_kendra//DSC_5160.xmp
/Users/aagnone/resources/academic/github/learning-to-edit/.data/robert_kendra//DSC_5162.xmp
/Users/aagnone/resources/academic/github/learning-to-edit/.data/robert_kendra//DSC_5169.xmp
/Users/aagnone/resources/academic/github/learning-to-edit/.data/robert_kendra//DSC_7043.xmp
/Users/aagnone/resources/academic/github/learning-to-edit/.data/robert_kendra//DSC_7048.xmp
/Users/aagnone/resources/academic/github/learning-to-edit/.data/robert_kendra//DSC_7049.xmp
/Users/aagnone/resources/academic/github/learning-to-edit/.data/robert_kendra//DSC_7050.xmp
/Users/aagnone/resources/academic/github/learning-to-edit/.data/robert_kendra//DSC_7051.xmp
/Users/aagnone/resources/academic/github/learning-to-edit/.data/robert_kendra//DSC_7053.xmp
/Users/aagnone/resources/academic/github/learning-to-edit/.data/robert_kendra//DSC_7065.xmp
/Users/aagnone/resources/academic/github/learning-to-edit/.data/robert_kendra//DSC_7066.xmp
/Users/aagnone/resources/academic/github/learning-to-edit/.data/robert_kendra//DSC_7088.xmp
/Users/aagnone/resources/academic/github/learning-to-edit/.data/robert_kendra//DSC_7092.xmp
/Users/aagnone/resources/academic/github/learning-to-edit/.data/robert_kendra//DSC_7099.xmp
/Users/aagnone/resources/academic/github/learning-to-edit/.data/robert_kendra//DSC_7100.xmp
/Users/aagnone/resources/academic/github/learning-to-edit/.data/robert_kendra//DSC_7101.xmp
/Users/aagnone/resources/academic/github/learning-to-edit/.data/robert_kendra//DSC_7112.xmp
/Users/aagnone/resources/academic/github/learning-to-edit/.data/robert_kendra//DSC_7122.xmp
/Users/aagnone/resources/academic/github/learning-to-edit/.data/robert_kendra//DSC_7131.xmp
/Users/aagnone/resources/academic/github/learning-to-edit/.data/robert_kendra//DSC_7152.xmp
/Users/aagnone/resources/academic/github/learning-to-edit/.data/robert_kendra//DSC_7155.xmp
/Users/aagnone/resources/academic/github/learning-to-edit/.data/robert_kendra//DSC_7159.xmp
/Users/aagnone/resources/academic/github/learning-to-edit/.data/robert_kendra//DSC_7161.xmp
/Users/aagnone/resources/academic/github/learning-to-edit/.data/robert_kendra//DSC_7162.xmp
/Users/aagnone/resources/academic/github/learning-to-edit/.data/robert_kendra//DSC_7165.xmp
/Users/aagnone/resources/academic/github/learning-to-edit/.data/robert_kendra//DSC_7169.xmp
/Users/aagnone/resources/academic/github/learning-to-edit/.data/robert_kendra//DSC_7174.xmp
/Users/aagnone/resources/academic/github/learning-to-edit/.data/robert_kendra//DSC_7176.xmp
/Users/aagnone/resources/academic/github/learning-to-edit/.data/robert_kendra//DSC_7177.xmp
/Users/aagnone/resources/academic/github/learning-to-edit/.data/robert_kendra//DSC_7178.xmp
/Users/aagnone/resources/academic/github/learning-to-edit/.data/robert_kendra//DSC_7183.xmp
/Users/aagnone/resources/academic/github/learning-to-edit/.data/robert_kendra//DSC_7217.xmp
/Users/aagnone/resources/academic/github/learning-to-edit/.data/robert_kendra//DSC_7219.xmp
/Users/aagnone/resources/academic/github/learning-to-edit/.data/robert_kendra//DSC_7220.xmp
/Users/aagnone/resources/academic/github/learning-to-edit/.data/robert_kendra//DSC_7225.xmp
/Users/aagnone/resources/academic/github/learning-to-edit/.data/robert_kendra//DSC_7227.xmp
/Users/aagnone/resources/academic/github/learning-to-edit/.data/robert_kendra//DSC_7233.xmp
/Users/aagnone/resources/academic/github/learning-to-edit/.data/robert_kendra//DSC_7234.xmp
/Users/aagnone/resources/academic/github/learning-to-edit/.data/robert_kendra//DSC_7237.xmp
/Users/aagnone/resources/academic/github/learning-to-edit/.data/robert_kendra//DSC_7241.xmp
/Users/aagnone/resources/academic/github/learning-to-edit/.data/robert_kendra//DSC_7242.xmp
/Users/aagnone/resources/academic/github/learning-to-edit/.data/robert_kendra//DSC_7245.xmp
/Users/aagnone/resources/academic/github/learning-to-edit/.data/robert_kendra//DSC_7247.xmp
/Users/aagnone/resources/academic/github/learning-to-edit/.data/robert_kendra//DSC_7248.xmp
/Users/aagnone/resources/academic/github/learning-to-edit/.data/robert_kendra//DSC_7252.xmp
/Users/aagnone/resources/academic/github/learning-to-edit/.data/robert_kendra//DSC_7254.xmp
/Users/aagnone/resources/academic/github/learning-to-edit/.data/robert_kendra//DSC_7255.xmp
/Users/aagnone/resources/academic/github/learning-to-edit/.data/robert_kendra//DSC_7256.xmp
/Users/aagnone/resources/academic/github/learning-to-edit/.data/robert_kendra//DSC_7259.xmp
/Users/aagnone/resources/academic/github/learning-to-edit/.data/robert_kendra//DSC_7263.xmp
/Users/aagnone/resources/academic/github/learning-to-edit/.data/robert_kendra//DSC_7264.xmp
/Users/aagnone/resources/academic/github/learning-to-edit/.data/robert_kendra//DSC_7271.xmp
/Users/aagnone/resources/academic/github/learning-to-edit/.data/robert_kendra//DSC_7274.xmp
/Users/aagnone/resources/academic/github/learning-to-edit/.data/robert_kendra//DSC_7275.xmp
/Users/aagnone/resources/academic/github/learning-to-edit/.data/robert_kendra//DSC_7276.xmp
/Users/aagnone/resources/academic/github/learning-to-edit/.data/robert_kendra//DSC_7281.xmp
/Users/aagnone/resources/academic/github/learning-to-edit/.data/robert_kendra//DSC_7283.xmp
/Users/aagnone/resources/academic/github/learning-to-edit/.data/robert_kendra//DSC_7286.xmp
/Users/aagnone/resources/academic/github/learning-to-edit/.data/robert_kendra//DSC_7292.xmp
/Users/aagnone/resources/academic/github/learning-to-edit/.data/robert_kendra//DSC_7293.xmp
/Users/aagnone/resources/academic/github/learning-to-edit/.data/robert_kendra//DSC_7294.xmp
/Users/aagnone/resources/academic/github/learning-to-edit/.data/robert_kendra//DSC_7297.xmp
/Users/aagnone/resources/academic/github/learning-to-edit/.data/robert_kendra//DSC_7314.xmp
/Users/aagnone/resources/academic/github/learning-to-edit/.data/robert_kendra//DSC_7318.xmp
/Users/aagnone/resources/academic/github/learning-to-edit/.data/robert_kendra//DSC_7327.xmp
/Users/aagnone/resources/academic/github/learning-to-edit/.data/robert_kendra//DSC_7330.xmp
/Users/aagnone/resources/academic/github/learning-to-edit/.data/robert_kendra//DSC_7331.xmp
/Users/aagnone/resources/academic/github/learning-to-edit/.data/robert_kendra//DSC_7332.xmp
/Users/aagnone/resources/academic/github/learning-to-edit/.data/robert_kendra//DSC_7337.xmp
/Users/aagnone/resources/academic/github/learning-to-edit/.data/robert_kendra//DSC_7338.xmp
/Users/aagnone/resources/academic/github/learning-to-edit/.data/robert_kendra//DSC_7339.xmp
/Users/aagnone/resources/academic/github/learning-to-edit/.data/robert_kendra//DSC_7340.xmp
/Users/aagnone/resources/academic/github/learning-to-edit/.data/robert_kendra//DSC_7345.xmp
/Users/aagnone/resources/academic/github/learning-to-edit/.data/robert_kendra//DSC_7346.xmp
/Users/aagnone/resources/academic/github/learning-to-edit/.data/robert_kendra//DSC_7347.xmp
/Users/aagnone/resources/academic/github/learning-to-edit/.data/robert_kendra//DSC_7348.xmp
/Users/aagnone/resources/academic/github/learning-to-edit/.data/robert_kendra//DSC_7350.xmp
/Users/aagnone/resources/academic/github/learning-to-edit/.data/robert_kendra//DSC_7351.xmp
/Users/aagnone/resources/academic/github/learning-to-edit/.data/robert_kendra//DSC_7352.xmp
/Users/aagnone/resources/academic/github/learning-to-edit/.data/robert_kendra//DSC_7354.xmp
/Users/aagnone/resources/academic/github/learning-to-edit/.data/robert_kendra//DSC_7355.xmp
/Users/aagnone/resources/academic/github/learning-to-edit/.data/robert_kendra//DSC_7361.xmp
/Users/aagnone/resources/academic/github/learning-to-edit/.data/robert_kendra//DSC_7364.xmp
/Users/aagnone/resources/academic/github/learning-to-edit/.data/robert_kendra//DSC_7370.xmp
/Users/aagnone/resources/academic/github/learning-to-edit/.data/robert_kendra//DSC_7371.xmp
/Users/aagnone/resources/academic/github/learning-to-edit/.data/robert_kendra//DSC_7372.xmp
/Users/aagnone/resources/academic/github/learning-to-edit/.data/robert_kendra//DSC_7383.xmp
/Users/aagnone/resources/academic/github/learning-to-edit/.data/robert_kendra//DSC_7391.xmp
/Users/aagnone/resources/academic/github/learning-to-edit/.data/robert_kendra//DSC_7393.xmp
/Users/aagnone/resources/academic/github/learning-to-edit/.data/robert_kendra//DSC_7408.xmp
/Users/aagnone/resources/academic/github/learning-to-edit/.data/robert_kendra//DSC_7475.xmp
/Users/aagnone/resources/academic/github/learning-to-edit/.data/robert_kendra//DSC_7477.xmp
/Users/aagnone/resources/academic/github/learning-to-edit/.data/robert_kendra//DSC_7479.xmp
/Users/aagnone/resources/academic/github/learning-to-edit/.data/robert_kendra//DSC_7481.xmp
/Users/aagnone/resources/academic/github/learning-to-edit/.data/robert_kendra//DSC_7484.xmp
/Users/aagnone/resources/academic/github/learning-to-edit/.data/robert_kendra//DSC_7485.xmp
/Users/aagnone/resources/academic/github/learning-to-edit/.data/robert_kendra//DSC_7490.xmp
/Users/aagnone/resources/academic/github/learning-to-edit/.data/robert_kendra//DSC_7497.xmp
/Users/aagnone/resources/academic/github/learning-to-edit/.data/robert_kendra//DSC_7498.xmp
/Users/aagnone/resources/academic/github/learning-to-edit/.data/robert_kendra//DSC_7501.xmp
/Users/aagnone/resources/academic/github/learning-to-edit/.data/robert_kendra//DSC_7505.xmp
/Users/aagnone/resources/academic/github/learning-to-edit/.data/robert_kendra//DSC_7507.xmp
/Users/aagnone/resources/academic/github/learning-to-edit/.data/robert_kendra//DSC_7508.xmp
/Users/aagnone/resources/academic/github/learning-to-edit/.data/robert_kendra//DSC_7510.xmp
/Users/aagnone/resources/academic/github/learning-to-edit/.data/robert_kendra//DSC_7511.xmp
/Users/aagnone/resources/academic/github/learning-to-edit/.data/robert_kendra//DSC_7513.xmp
/Users/aagnone/resources/academic/github/learning-to-edit/.data/robert_kendra//DSC_7520.xmp
/Users/aagnone/resources/academic/github/learning-to-edit/.data/robert_kendra//DSC_7521.xmp
/Users/aagnone/resources/academic/github/learning-to-edit/.data/robert_kendra//DSC_7528.xmp
/Users/aagnone/resources/academic/github/learning-to-edit/.data/robert_kendra//DSC_7531.xmp
/Users/aagnone/resources/academic/github/learning-to-edit/.data/robert_kendra//DSC_7542.xmp
/Users/aagnone/resources/academic/github/learning-to-edit/.data/robert_kendra//DSC_7544.xmp
/Users/aagnone/resources/academic/github/learning-to-edit/.data/robert_kendra//DSC_7559.xmp
/Users/aagnone/resources/academic/github/learning-to-edit/.data/robert_kendra//DSC_7561.xmp
/Users/aagnone/resources/academic/github/learning-to-edit/.data/robert_kendra//DSC_7605.xmp
/Users/aagnone/resources/academic/github/learning-to-edit/.data/robert_kendra//DSC_7612.xmp
/Users/aagnone/resources/academic/github/learning-to-edit/.data/robert_kendra//DSC_7615.xmp
/Users/aagnone/resources/academic/github/learning-to-edit/.data/robert_kendra//DSC_7645.xmp
/Users/aagnone/resources/academic/github/learning-to-edit/.data/robert_kendra//DSC_7676.xmp
/Users/aagnone/resources/academic/github/learning-to-edit/.data/robert_kendra//DSC_7680.xmp
/Users/aagnone/resources/academic/github/learning-to-edit/.data/robert_kendra//DSC_7690.xmp
/Users/aagnone/resources/academic/github/learning-to-edit/.data/robert_kendra//DSC_7694.xmp
/Users/aagnone/resources/academic/github/learning-to-edit/.data/robert_kendra//DSC_7696.xmp
/Users/aagnone/resources/academic/github/learning-to-edit/.data/robert_kendra//DSC_7705.xmp
/Users/aagnone/resources/academic/github/learning-to-edit/.data/robert_kendra//DSC_7709.xmp
/Users/aagnone/resources/academic/github/learning-to-edit/.data/robert_kendra//DSC_7721.xmp
/Users/aagnone/resources/academic/github/learning-to-edit/.data/robert_kendra//DSC_7723.xmp
/Users/aagnone/resources/academic/github/learning-to-edit/.data/robert_kendra//DSC_7736.xmp
/Users/aagnone/resources/academic/github/learning-to-edit/.data/robert_kendra//DSC_7740.xmp
/Users/aagnone/resources/academic/github/learning-to-edit/.data/robert_kendra//DSC_7746.xmp
/Users/aagnone/resources/academic/github/learning-to-edit/.data/robert_kendra//DSC_7747.xmp
/Users/aagnone/resources/academic/github/learning-to-edit/.data/robert_kendra//DSC_7748.xmp
/Users/aagnone/resources/academic/github/learning-to-edit/.data/robert_kendra//DSC_7749.xmp
/Users/aagnone/resources/academic/github/learning-to-edit/.data/robert_kendra//DSC_7750.xmp
/Users/aagnone/resources/academic/github/learning-to-edit/.data/robert_kendra//DSC_7755.xmp
/Users/aagnone/resources/academic/github/learning-to-edit/.data/robert_kendra//DSC_7758.xmp
/Users/aagnone/resources/academic/github/learning-to-edit/.data/robert_kendra//DSC_7760.xmp
/Users/aagnone/resources/academic/github/learning-to-edit/.data/robert_kendra//DSC_7761.xmp
/Users/aagnone/resources/academic/github/learning-to-edit/.data/robert_kendra//DSC_7762.xmp
/Users/aagnone/resources/academic/github/learning-to-edit/.data/robert_kendra//DSC_7764.xmp
/Users/aagnone/resources/academic/github/learning-to-edit/.data/robert_kendra//DSC_7767.xmp
/Users/aagnone/resources/academic/github/learning-to-edit/.data/robert_kendra//DSC_7768.xmp
/Users/aagnone/resources/academic/github/learning-to-edit/.data/robert_kendra//DSC_7770.xmp
/Users/aagnone/resources/academic/github/learning-to-edit/.data/robert_kendra//DSC_7771.xmp
/Users/aagnone/resources/academic/github/learning-to-edit/.data/robert_kendra//DSC_7791.xmp
/Users/aagnone/resources/academic/github/learning-to-edit/.data/robert_kendra//DSC_7792.xmp
/Users/aagnone/resources/academic/github/learning-to-edit/.data/robert_kendra//DSC_7799.xmp
/Users/aagnone/resources/academic/github/learning-to-edit/.data/robert_kendra//LlauradorWedding-1.xmp
/Users/aagnone/resources/academic/github/learning-to-edit/.data/robert_kendra//LlauradorWedding-100.xmp
/Users/aagnone/resources/academic/github/learning-to-edit/.data/robert_kendra//LlauradorWedding-11-2.xmp
/Users/aagnone/resources/academic/github/learning-to-edit/.data/robert_kendra//LlauradorWedding-11.xmp
/Users/aagnone/resources/academic/github/learning-to-edit/.data/robert_kendra//LlauradorWedding-12-2.xmp
/Users/aagnone/resources/academic/github/learning-to-edit/.data/robert_kendra//LlauradorWedding-12.xmp
/Users/aagnone/resources/academic/github/learning-to-edit/.data/robert_kendra//LlauradorWedding-13-2.xmp
/Users/aagnone/resources/academic/github/learning-to-edit/.data/robert_kendra//LlauradorWedding-13.xmp
/Users/aagnone/resources/academic/github/learning-to-edit/.data/robert_kendra//LlauradorWedding-14-2.xmp
/Users/aagnone/resources/academic/github/learning-to-edit/.data/robert_kendra//LlauradorWedding-14.xmp
/Users/aagnone/resources/academic/github/learning-to-edit/.data/robert_kendra//LlauradorWedding-15.xmp
/Users/aagnone/resources/academic/github/learning-to-edit/.data/robert_kendra//LlauradorWedding-16-2.xmp
/Users/aagnone/resources/academic/github/learning-to-edit/.data/robert_kendra//LlauradorWedding-16.xmp
/Users/aagnone/resources/academic/github/learning-to-edit/.data/robert_kendra//LlauradorWedding-17-2.xmp
/Users/aagnone/resources/academic/github/learning-to-edit/.data/robert_kendra//LlauradorWedding-17.xmp
/Users/aagnone/resources/academic/github/learning-to-edit/.data/robert_kendra//LlauradorWedding-18-2.xmp
/Users/aagnone/resources/academic/github/learning-to-edit/.data/robert_kendra//LlauradorWedding-18.xmp
/Users/aagnone/resources/academic/github/learning-to-edit/.data/robert_kendra//LlauradorWedding-19.xmp
/Users/aagnone/resources/academic/github/learning-to-edit/.data/robert_kendra//LlauradorWedding-2.xmp
/Users/aagnone/resources/academic/github/learning-to-edit/.data/robert_kendra//LlauradorWedding-20.xmp
/Users/aagnone/resources/academic/github/learning-to-edit/.data/robert_kendra//LlauradorWedding-21-2.xmp
/Users/aagnone/resources/academic/github/learning-to-edit/.data/robert_kendra//LlauradorWedding-21.xmp
/Users/aagnone/resources/academic/github/learning-to-edit/.data/robert_kendra//LlauradorWedding-22-2.xmp
/Users/aagnone/resources/academic/github/learning-to-edit/.data/robert_kendra//LlauradorWedding-22.xmp
/Users/aagnone/resources/academic/github/learning-to-edit/.data/robert_kendra//LlauradorWedding-23-2.xmp
/Users/aagnone/resources/academic/github/learning-to-edit/.data/robert_kendra//LlauradorWedding-23.xmp
/Users/aagnone/resources/academic/github/learning-to-edit/.data/robert_kendra//LlauradorWedding-24-2.xmp
/Users/aagnone/resources/academic/github/learning-to-edit/.data/robert_kendra//LlauradorWedding-24.xmp
/Users/aagnone/resources/academic/github/learning-to-edit/.data/robert_kendra//LlauradorWedding-25.xmp
/Users/aagnone/resources/academic/github/learning-to-edit/.data/robert_kendra//LlauradorWedding-26-2.xmp
/Users/aagnone/resources/academic/github/learning-to-edit/.data/robert_kendra//LlauradorWedding-26.xmp
/Users/aagnone/resources/academic/github/learning-to-edit/.data/robert_kendra//LlauradorWedding-27.xmp
/Users/aagnone/resources/academic/github/learning-to-edit/.data/robert_kendra//LlauradorWedding-28.xmp
/Users/aagnone/resources/academic/github/learning-to-edit/.data/robert_kendra//LlauradorWedding-29-2.xmp
/Users/aagnone/resources/academic/github/learning-to-edit/.data/robert_kendra//LlauradorWedding-29.xmp
/Users/aagnone/resources/academic/github/learning-to-edit/.data/robert_kendra//LlauradorWedding-3-2.xmp
/Users/aagnone/resources/academic/github/learning-to-edit/.data/robert_kendra//LlauradorWedding-3.xmp
/Users/aagnone/resources/academic/github/learning-to-edit/.data/robert_kendra//LlauradorWedding-30.xmp
/Users/aagnone/resources/academic/github/learning-to-edit/.data/robert_kendra//LlauradorWedding-31.xmp
/Users/aagnone/resources/academic/github/learning-to-edit/.data/robert_kendra//LlauradorWedding-32.xmp
/Users/aagnone/resources/academic/github/learning-to-edit/.data/robert_kendra//LlauradorWedding-33.xmp
/Users/aagnone/resources/academic/github/learning-to-edit/.data/robert_kendra//LlauradorWedding-36.xmp
/Users/aagnone/resources/academic/github/learning-to-edit/.data/robert_kendra//LlauradorWedding-37.xmp
/Users/aagnone/resources/academic/github/learning-to-edit/.data/robert_kendra//LlauradorWedding-38.xmp
/Users/aagnone/resources/academic/github/learning-to-edit/.data/robert_kendra//LlauradorWedding-4-2.xmp
/Users/aagnone/resources/academic/github/learning-to-edit/.data/robert_kendra//LlauradorWedding-4.xmp
/Users/aagnone/resources/academic/github/learning-to-edit/.data/robert_kendra//LlauradorWedding-41-2.xmp
/Users/aagnone/resources/academic/github/learning-to-edit/.data/robert_kendra//LlauradorWedding-41.xmp
/Users/aagnone/resources/academic/github/learning-to-edit/.data/robert_kendra//LlauradorWedding-43.xmp
/Users/aagnone/resources/academic/github/learning-to-edit/.data/robert_kendra//LlauradorWedding-44.xmp
/Users/aagnone/resources/academic/github/learning-to-edit/.data/robert_kendra//LlauradorWedding-45.xmp
/Users/aagnone/resources/academic/github/learning-to-edit/.data/robert_kendra//LlauradorWedding-46-2.xmp
/Users/aagnone/resources/academic/github/learning-to-edit/.data/robert_kendra//LlauradorWedding-46.xmp
/Users/aagnone/resources/academic/github/learning-to-edit/.data/robert_kendra//LlauradorWedding-47-2.xmp
/Users/aagnone/resources/academic/github/learning-to-edit/.data/robert_kendra//LlauradorWedding-47.xmp
/Users/aagnone/resources/academic/github/learning-to-edit/.data/robert_kendra//LlauradorWedding-48.xmp
/Users/aagnone/resources/academic/github/learning-to-edit/.data/robert_kendra//LlauradorWedding-5.xmp
/Users/aagnone/resources/academic/github/learning-to-edit/.data/robert_kendra//LlauradorWedding-51.xmp
/Users/aagnone/resources/academic/github/learning-to-edit/.data/robert_kendra//LlauradorWedding-53-2.xmp
/Users/aagnone/resources/academic/github/learning-to-edit/.data/robert_kendra//LlauradorWedding-53.xmp
/Users/aagnone/resources/academic/github/learning-to-edit/.data/robert_kendra//LlauradorWedding-54.xmp
/Users/aagnone/resources/academic/github/learning-to-edit/.data/robert_kendra//LlauradorWedding-55.xmp
/Users/aagnone/resources/academic/github/learning-to-edit/.data/robert_kendra//LlauradorWedding-56.xmp
/Users/aagnone/resources/academic/github/learning-to-edit/.data/robert_kendra//LlauradorWedding-57-2.xmp
/Users/aagnone/resources/academic/github/learning-to-edit/.data/robert_kendra//LlauradorWedding-57.xmp
/Users/aagnone/resources/academic/github/learning-to-edit/.data/robert_kendra//LlauradorWedding-58-2.xmp
/Users/aagnone/resources/academic/github/learning-to-edit/.data/robert_kendra//LlauradorWedding-58.xmp
/Users/aagnone/resources/academic/github/learning-to-edit/.data/robert_kendra//LlauradorWedding-59.xmp
/Users/aagnone/resources/academic/github/learning-to-edit/.data/robert_kendra//LlauradorWedding-6.xmp
/Users/aagnone/resources/academic/github/learning-to-edit/.data/robert_kendra//LlauradorWedding-60.xmp
/Users/aagnone/resources/academic/github/learning-to-edit/.data/robert_kendra//LlauradorWedding-61-2.xmp
/Users/aagnone/resources/academic/github/learning-to-edit/.data/robert_kendra//LlauradorWedding-61.xmp
/Users/aagnone/resources/academic/github/learning-to-edit/.data/robert_kendra//LlauradorWedding-62.xmp
/Users/aagnone/resources/academic/github/learning-to-edit/.data/robert_kendra//LlauradorWedding-63-2.xmp
/Users/aagnone/resources/academic/github/learning-to-edit/.data/robert_kendra//LlauradorWedding-63.xmp
/Users/aagnone/resources/academic/github/learning-to-edit/.data/robert_kendra//LlauradorWedding-64-2.xmp
/Users/aagnone/resources/academic/github/learning-to-edit/.data/robert_kendra//LlauradorWedding-64.xmp
/Users/aagnone/resources/academic/github/learning-to-edit/.data/robert_kendra//LlauradorWedding-65-2.xmp
/Users/aagnone/resources/academic/github/learning-to-edit/.data/robert_kendra//LlauradorWedding-65.xmp
/Users/aagnone/resources/academic/github/learning-to-edit/.data/robert_kendra//LlauradorWedding-68-2.xmp
/Users/aagnone/resources/academic/github/learning-to-edit/.data/robert_kendra//LlauradorWedding-68.xmp
/Users/aagnone/resources/academic/github/learning-to-edit/.data/robert_kendra//LlauradorWedding-69-2.xmp
/Users/aagnone/resources/academic/github/learning-to-edit/.data/robert_kendra//LlauradorWedding-69.xmp
/Users/aagnone/resources/academic/github/learning-to-edit/.data/robert_kendra//LlauradorWedding-7.xmp
/Users/aagnone/resources/academic/github/learning-to-edit/.data/robert_kendra//LlauradorWedding-70.xmp
/Users/aagnone/resources/academic/github/learning-to-edit/.data/robert_kendra//LlauradorWedding-71-2.xmp
/Users/aagnone/resources/academic/github/learning-to-edit/.data/robert_kendra//LlauradorWedding-71.xmp
/Users/aagnone/resources/academic/github/learning-to-edit/.data/robert_kendra//LlauradorWedding-72-2.xmp
/Users/aagnone/resources/academic/github/learning-to-edit/.data/robert_kendra//LlauradorWedding-72.xmp
/Users/aagnone/resources/academic/github/learning-to-edit/.data/robert_kendra//LlauradorWedding-73-2.xmp
/Users/aagnone/resources/academic/github/learning-to-edit/.data/robert_kendra//LlauradorWedding-73.xmp
/Users/aagnone/resources/academic/github/learning-to-edit/.data/robert_kendra//LlauradorWedding-74.xmp
/Users/aagnone/resources/academic/github/learning-to-edit/.data/robert_kendra//LlauradorWedding-76.xmp
/Users/aagnone/resources/academic/github/learning-to-edit/.data/robert_kendra//LlauradorWedding-77.xmp
/Users/aagnone/resources/academic/github/learning-to-edit/.data/robert_kendra//LlauradorWedding-78-2.xmp
/Users/aagnone/resources/academic/github/learning-to-edit/.data/robert_kendra//LlauradorWedding-78.xmp
/Users/aagnone/resources/academic/github/learning-to-edit/.data/robert_kendra//LlauradorWedding-79.xmp
/Users/aagnone/resources/academic/github/learning-to-edit/.data/robert_kendra//LlauradorWedding-8.xmp
/Users/aagnone/resources/academic/github/learning-to-edit/.data/robert_kendra//LlauradorWedding-80.xmp
/Users/aagnone/resources/academic/github/learning-to-edit/.data/robert_kendra//LlauradorWedding-82.xmp
/Users/aagnone/resources/academic/github/learning-to-edit/.data/robert_kendra//LlauradorWedding-83.xmp
/Users/aagnone/resources/academic/github/learning-to-edit/.data/robert_kendra//LlauradorWedding-84.xmp
/Users/aagnone/resources/academic/github/learning-to-edit/.data/robert_kendra//LlauradorWedding-86-2.xmp
/Users/aagnone/resources/academic/github/learning-to-edit/.data/robert_kendra//LlauradorWedding-86.xmp
/Users/aagnone/resources/academic/github/learning-to-edit/.data/robert_kendra//LlauradorWedding-87.xmp
/Users/aagnone/resources/academic/github/learning-to-edit/.data/robert_kendra//LlauradorWedding-88.xmp
/Users/aagnone/resources/academic/github/learning-to-edit/.data/robert_kendra//LlauradorWedding-89-2.xmp
/Users/aagnone/resources/academic/github/learning-to-edit/.data/robert_kendra//LlauradorWedding-89.xmp
/Users/aagnone/resources/academic/github/learning-to-edit/.data/robert_kendra//LlauradorWedding-9.xmp
/Users/aagnone/resources/academic/github/learning-to-edit/.data/robert_kendra//LlauradorWedding-91.xmp
/Users/aagnone/resources/academic/github/learning-to-edit/.data/robert_kendra//LlauradorWedding-92.xmp
/Users/aagnone/resources/academic/github/learning-to-edit/.data/robert_kendra//LlauradorWedding-93-2.xmp
/Users/aagnone/resources/academic/github/learning-to-edit/.data/robert_kendra//LlauradorWedding-93.xmp
/Users/aagnone/resources/academic/github/learning-to-edit/.data/robert_kendra//LlauradorWedding-95.xmp
/Users/aagnone/resources/academic/github/learning-to-edit/.data/robert_kendra//LlauradorWedding-96.xmp
/Users/aagnone/resources/academic/github/learning-to-edit/.data/robert_kendra//LlauradorWedding-97.xmp
/Users/aagnone/resources/academic/github/learning-to-edit/.data/robert_kendra//LlauradorWedding-98-2.xmp
/Users/aagnone/resources/academic/github/learning-to-edit/.data/robert_kendra//LlauradorWedding-98.xmp
/Users/aagnone/resources/academic/github/learning-to-edit/.data/robert_kendra//LlauradorWedding.xmp
