/home/aagnone/Banning_Mills/DSC_6508.xmp.bak
/home/aagnone/Banning_Mills/DSC_6477.NEF
/home/aagnone/Banning_Mills/DSC_6480.xmp.bak
/home/aagnone/Banning_Mills/DSC_6631.NEF
/home/aagnone/Banning_Mills/DSC_6524.xmp.edit
/home/aagnone/Banning_Mills/DSC_6500.xmp
/home/aagnone/Banning_Mills/DSC_6675.NEF
/home/aagnone/Banning_Mills/DSC_6629.xmp
/home/aagnone/Banning_Mills/DSC_6476.NEF
/home/aagnone/Banning_Mills/DSC_6648.NEF
/home/aagnone/Banning_Mills/DSC_6552.xmp.bak
/home/aagnone/Banning_Mills/DSC_6467.xmp.bak
/home/aagnone/Banning_Mills/DSC_6551.NEF
/home/aagnone/Banning_Mills/DSC_6605.xmp.edit
/home/aagnone/Banning_Mills/DSC_6570.NEF
/home/aagnone/Banning_Mills/DSC_6563.xmp.bak
/home/aagnone/Banning_Mills/DSC_6580.xmp
/home/aagnone/Banning_Mills/DSC_6473.NEF
/home/aagnone/Banning_Mills/DSC_6531.xmp.bak
/home/aagnone/Banning_Mills/DSC_6548.xmp
/home/aagnone/Banning_Mills/DSC_6535.xmp
/home/aagnone/Banning_Mills/DSC_6667.NEF
/home/aagnone/Banning_Mills/DSC_6578.xmp
/home/aagnone/Banning_Mills/DSC_6465.xmp
/home/aagnone/Banning_Mills/DSC_6466.xmp.bak
/home/aagnone/Banning_Mills/DSC_6587.NEF
/home/aagnone/Banning_Mills/DSC_6496.xmp
/home/aagnone/Banning_Mills/DSC_6572.xmp
/home/aagnone/Banning_Mills/DSC_6495.NEF
/home/aagnone/Banning_Mills/DSC_6595.xmp.edit
/home/aagnone/Banning_Mills/DSC_6611.NEF
/home/aagnone/Banning_Mills/DSC_6568.xmp.edit
/home/aagnone/Banning_Mills/DSC_6507.xmp.bak
/home/aagnone/Banning_Mills/DSC_6597.xmp
/home/aagnone/Banning_Mills/DSC_6580.xmp.bak
/home/aagnone/Banning_Mills/DSC_6603.NEF
/home/aagnone/Banning_Mills/DSC_6542.xmp
/home/aagnone/Banning_Mills/DSC_6492.NEF
/home/aagnone/Banning_Mills/DSC_6554.xmp.bak
/home/aagnone/Banning_Mills/DSC_6622.xmp.bak
/home/aagnone/Banning_Mills/DSC_6611.xmp.bak
/home/aagnone/Banning_Mills/DSC_6513.NEF
/home/aagnone/Banning_Mills/DSC_6541.xmp.bak
/home/aagnone/Banning_Mills/DSC_6463.xmp
/home/aagnone/Banning_Mills/DSC_6509.xmp.bak
/home/aagnone/Banning_Mills/DSC_6590.xmp
/home/aagnone/Banning_Mills/DSC_6552.xmp
/home/aagnone/Banning_Mills/DSC_6543.NEF
/home/aagnone/Banning_Mills/DSC_6474.NEF
/home/aagnone/Banning_Mills/DSC_6587.xmp
/home/aagnone/Banning_Mills/DSC_6619.xmp.bak
/home/aagnone/Banning_Mills/DSC_6595.xmp.bak
/home/aagnone/Banning_Mills/DSC_6520.xmp.bak
/home/aagnone/Banning_Mills/DSC_6565.NEF
/home/aagnone/Banning_Mills/DSC_6575.xmp.edit
/home/aagnone/Banning_Mills/DSC_6516.NEF
/home/aagnone/Banning_Mills/DSC_6463.NEF
/home/aagnone/Banning_Mills/DSC_6515.xmp.bak
/home/aagnone/Banning_Mills/DSC_6624.xmp.bak
/home/aagnone/Banning_Mills/DSC_6505.xmp
/home/aagnone/Banning_Mills/DSC_6620.xmp
/home/aagnone/Banning_Mills/DSC_6488.xmp.edit
/home/aagnone/Banning_Mills/DSC_6576.NEF
/home/aagnone/Banning_Mills/DSC_6510.xmp.bak
/home/aagnone/Banning_Mills/DSC_6591.xmp
/home/aagnone/Banning_Mills/DSC_6523.xmp
/home/aagnone/Banning_Mills/DSC_6564.xmp.edit
/home/aagnone/Banning_Mills/DSC_6588.xmp.bak
/home/aagnone/Banning_Mills/DSC_6468.xmp.edit
/home/aagnone/Banning_Mills/DSC_6471.xmp.edit
/home/aagnone/Banning_Mills/DSC_6609.xmp.bak
/home/aagnone/Banning_Mills/DSC_6607.xmp
/home/aagnone/Banning_Mills/DSC_6504.xmp
/home/aagnone/Banning_Mills/DSC_6659.NEF
/home/aagnone/Banning_Mills/DSC_6594.xmp.edit
/home/aagnone/Banning_Mills/DSC_6532.xmp
/home/aagnone/Banning_Mills/DSC_6606.xmp.bak
/home/aagnone/Banning_Mills/DSC_6507.NEF
/home/aagnone/Banning_Mills/DSC_6612.xmp.bak
/home/aagnone/Banning_Mills/DSC_6570.xmp.edit
/home/aagnone/Banning_Mills/DSC_6549.xmp
/home/aagnone/Banning_Mills/DSC_6531.xmp
/home/aagnone/Banning_Mills/DSC_6592.NEF
/home/aagnone/Banning_Mills/DSC_6598.xmp.edit
/home/aagnone/Banning_Mills/DSC_6555.xmp.edit
/home/aagnone/Banning_Mills/DSC_6547.xmp
/home/aagnone/Banning_Mills/DSC_6503.xmp.bak
/home/aagnone/Banning_Mills/DSC_6482.NEF
/home/aagnone/Banning_Mills/DSC_6532.xmp.edit
/home/aagnone/Banning_Mills/DSC_6526.NEF
/home/aagnone/Banning_Mills/DSC_6547.xmp.edit
/home/aagnone/Banning_Mills/DSC_6487.xmp.bak
/home/aagnone/Banning_Mills/DSC_6623.xmp.edit
/home/aagnone/Banning_Mills/DSC_6514.NEF
/home/aagnone/Banning_Mills/DSC_6469.NEF
/home/aagnone/Banning_Mills/DSC_6614.xmp.edit
/home/aagnone/Banning_Mills/DSC_6462.xmp
/home/aagnone/Banning_Mills/DSC_6600.NEF
/home/aagnone/Banning_Mills/DSC_6564.xmp.bak
/home/aagnone/Banning_Mills/DSC_6527.xmp.bak
/home/aagnone/Banning_Mills/DSC_6630.xmp
/home/aagnone/Banning_Mills/DSC_6522.xmp.bak
/home/aagnone/Banning_Mills/DSC_6671.NEF
/home/aagnone/Banning_Mills/DSC_6550.NEF
/home/aagnone/Banning_Mills/DSC_6515.xmp
/home/aagnone/Banning_Mills/DSC_6599.xmp.edit
/home/aagnone/Banning_Mills/DSC_6537.NEF
/home/aagnone/Banning_Mills/DSC_6582.xmp.edit
/home/aagnone/Banning_Mills/DSC_6461.xmp.edit
/home/aagnone/Banning_Mills/DSC_6597.NEF
/home/aagnone/Banning_Mills/DSC_6533.NEF
/home/aagnone/Banning_Mills/DSC_6498.xmp
/home/aagnone/Banning_Mills/DSC_6507.xmp.edit
/home/aagnone/Banning_Mills/DSC_6629.NEF
/home/aagnone/Banning_Mills/DSC_6579.xmp.bak
/home/aagnone/Banning_Mills/DSC_6485.xmp
/home/aagnone/Banning_Mills/DSC_6483.xmp
/home/aagnone/Banning_Mills/DSC_6507.xmp
/home/aagnone/Banning_Mills/DSC_6494.xmp
/home/aagnone/Banning_Mills/DSC_6460.xmp
/home/aagnone/Banning_Mills/DSC_6596.xmp.edit
/home/aagnone/Banning_Mills/DSC_6489.xmp.bak
/home/aagnone/Banning_Mills/DSC_6669.xmp.edit
/home/aagnone/Banning_Mills/DSC_6535.NEF
/home/aagnone/Banning_Mills/DSC_6604.xmp.edit
/home/aagnone/Banning_Mills/DSC_6551.xmp
/home/aagnone/Banning_Mills/DSC_6467.NEF
/home/aagnone/Banning_Mills/DSC_6569.xmp
/home/aagnone/Banning_Mills/DSC_6594.xmp
/home/aagnone/Banning_Mills/DSC_6629.xmp.edit
/home/aagnone/Banning_Mills/DSC_6584.xmp.bak
/home/aagnone/Banning_Mills/DSC_6604.NEF
/home/aagnone/Banning_Mills/DSC_6620.xmp.bak
/home/aagnone/Banning_Mills/DSC_6530.NEF
/home/aagnone/Banning_Mills/DSC_6470.xmp.bak
/home/aagnone/Banning_Mills/DSC_6489.NEF
/home/aagnone/Banning_Mills/DSC_6643.NEF
/home/aagnone/Banning_Mills/DSC_6626.NEF
/home/aagnone/Banning_Mills/DSC_6632.NEF
/home/aagnone/Banning_Mills/DSC_6588.NEF
/home/aagnone/Banning_Mills/DSC_6571.NEF
/home/aagnone/Banning_Mills/DSC_6506.xmp
/home/aagnone/Banning_Mills/DSC_6540.xmp.bak
/home/aagnone/Banning_Mills/DSC_6605.xmp
/home/aagnone/Banning_Mills/DSC_6510.xmp.edit
/home/aagnone/Banning_Mills/DSC_6463.xmp.edit
/home/aagnone/Banning_Mills/DSC_6578.NEF
/home/aagnone/Banning_Mills/DSC_6484.xmp.bak
/home/aagnone/Banning_Mills/DSC_6490.xmp.edit
/home/aagnone/Banning_Mills/DSC_6519.xmp.bak
/home/aagnone/Banning_Mills/DSC_6658.NEF
/home/aagnone/Banning_Mills/DSC_6630.NEF
/home/aagnone/Banning_Mills/DSC_6545.xmp.bak
/home/aagnone/Banning_Mills/DSC_6553.xmp
/home/aagnone/Banning_Mills/DSC_6577.xmp.bak
/home/aagnone/Banning_Mills/DSC_6462.xmp.edit
/home/aagnone/Banning_Mills/DSC_6621.NEF
/home/aagnone/Banning_Mills/DSC_6551.xmp.edit
/home/aagnone/Banning_Mills/DSC_6566.xmp.bak
/home/aagnone/Banning_Mills/DSC_6493.xmp.edit
/home/aagnone/Banning_Mills/DSC_6504.xmp.bak
/home/aagnone/Banning_Mills/DSC_6680.NEF
/home/aagnone/Banning_Mills/DSC_6574.xmp.bak
/home/aagnone/Banning_Mills/DSC_6560.xmp
/home/aagnone/Banning_Mills/DSC_6575.xmp.bak
/home/aagnone/Banning_Mills/DSC_6582.xmp.bak
/home/aagnone/Banning_Mills/DSC_6601.NEF
/home/aagnone/Banning_Mills/DSC_6544.NEF
/home/aagnone/Banning_Mills/DSC_6611.xmp
/home/aagnone/Banning_Mills/DSC_6494.NEF
/home/aagnone/Banning_Mills/DSC_6479.xmp.bak
/home/aagnone/Banning_Mills/DSC_6505.NEF
/home/aagnone/Banning_Mills/DSC_6486.xmp.bak
/home/aagnone/Banning_Mills/DSC_6497.NEF
/home/aagnone/Banning_Mills/DSC_6600.xmp.bak
/home/aagnone/Banning_Mills/DSC_6582.NEF
/home/aagnone/Banning_Mills/DSC_6505.xmp.bak
/home/aagnone/Banning_Mills/DSC_6556.xmp.edit
/home/aagnone/Banning_Mills/DSC_6516.xmp.bak
/home/aagnone/Banning_Mills/DSC_6482.xmp.edit
/home/aagnone/Banning_Mills/DSC_6536.xmp.bak
/home/aagnone/Banning_Mills/DSC_6488.xmp.bak
/home/aagnone/Banning_Mills/DSC_6531.xmp.edit
/home/aagnone/Banning_Mills/DSC_6625.xmp.bak
/home/aagnone/Banning_Mills/DSC_6562.xmp.bak
/home/aagnone/Banning_Mills/DSC_6479.NEF
/home/aagnone/Banning_Mills/DSC_6536.xmp
/home/aagnone/Banning_Mills/DSC_6661.NEF
/home/aagnone/Banning_Mills/DSC_6662.NEF
/home/aagnone/Banning_Mills/DSC_6606.NEF
/home/aagnone/Banning_Mills/DSC_6463.xmp.bak
/home/aagnone/Banning_Mills/DSC_6637.NEF
/home/aagnone/Banning_Mills/DSC_6535.xmp.bak
/home/aagnone/Banning_Mills/DSC_6622.xmp
/home/aagnone/Banning_Mills/DSC_6584.xmp
/home/aagnone/Banning_Mills/DSC_6500.NEF
/home/aagnone/Banning_Mills/DSC_6473.xmp.edit
/home/aagnone/Banning_Mills/DSC_6654.NEF
/home/aagnone/Banning_Mills/DSC_6560.xmp.edit
/home/aagnone/Banning_Mills/DSC_6599.NEF
/home/aagnone/Banning_Mills/DSC_6651.NEF
/home/aagnone/Banning_Mills/DSC_6479.xmp.edit
/home/aagnone/Banning_Mills/DSC_6487.NEF
/home/aagnone/Banning_Mills/DSC_6590.NEF
/home/aagnone/Banning_Mills/DSC_6490.xmp.bak
/home/aagnone/Banning_Mills/DSC_6608.NEF
/home/aagnone/Banning_Mills/DSC_6567.xmp.edit
/home/aagnone/Banning_Mills/DSC_6558.xmp.edit
/home/aagnone/Banning_Mills/DSC_6549.xmp.edit
/home/aagnone/Banning_Mills/DSC_6619.NEF
/home/aagnone/Banning_Mills/DSC_6481.xmp.bak
/home/aagnone/Banning_Mills/DSC_6483.xmp.bak
/home/aagnone/Banning_Mills/DSC_6537.xmp
/home/aagnone/Banning_Mills/DSC_6589.xmp
/home/aagnone/Banning_Mills/DSC_6470.NEF
/home/aagnone/Banning_Mills/DSC_6600.xmp
/home/aagnone/Banning_Mills/DSC_6676.xmp.bak
/home/aagnone/Banning_Mills/DSC_6526.xmp.bak
/home/aagnone/Banning_Mills/DSC_6482.xmp.bak
/home/aagnone/Banning_Mills/DSC_6605.xmp.bak
/home/aagnone/Banning_Mills/DSC_6499.NEF
/home/aagnone/Banning_Mills/DSC_6524.NEF
/home/aagnone/Banning_Mills/DSC_6566.xmp
/home/aagnone/Banning_Mills/DSC_6491.xmp.edit
/home/aagnone/Banning_Mills/DSC_6512.xmp
/home/aagnone/Banning_Mills/DSC_6586.NEF
/home/aagnone/Banning_Mills/DSC_6515.NEF
/home/aagnone/Banning_Mills/DSC_6556.NEF
/home/aagnone/Banning_Mills/DSC_6469.xmp.edit
/home/aagnone/Banning_Mills/DSC_6553.xmp.bak
/home/aagnone/Banning_Mills/DSC_6546.xmp.edit
/home/aagnone/Banning_Mills/DSC_6522.xmp.edit
/home/aagnone/Banning_Mills/DSC_6564.NEF
/home/aagnone/Banning_Mills/DSC_6592.xmp.bak
/home/aagnone/Banning_Mills/DSC_6553.xmp.edit
/home/aagnone/Banning_Mills/DSC_6520.NEF
/home/aagnone/Banning_Mills/DSC_6669.xmp
/home/aagnone/Banning_Mills/DSC_6558.xmp.bak
/home/aagnone/Banning_Mills/DSC_6622.NEF
/home/aagnone/Banning_Mills/DSC_6478.xmp
/home/aagnone/Banning_Mills/DSC_6512.NEF
/home/aagnone/Banning_Mills/DSC_6593.NEF
/home/aagnone/Banning_Mills/DSC_6572.NEF
/home/aagnone/Banning_Mills/DSC_6613.xmp
/home/aagnone/Banning_Mills/DSC_6577.xmp
/home/aagnone/Banning_Mills/DSC_6528.NEF
/home/aagnone/Banning_Mills/DSC_6529.NEF
/home/aagnone/Banning_Mills/DSC_6593.xmp.bak
/home/aagnone/Banning_Mills/DSC_6620.xmp.edit
/home/aagnone/Banning_Mills/DSC_6672.NEF
/home/aagnone/Banning_Mills/DSC_6623.xmp
/home/aagnone/Banning_Mills/DSC_6530.xmp
/home/aagnone/Banning_Mills/DSC_6473.xmp.bak
/home/aagnone/Banning_Mills/DSC_6596.NEF
/home/aagnone/Banning_Mills/DSC_6500.xmp.bak
/home/aagnone/Banning_Mills/DSC_6676.NEF
/home/aagnone/Banning_Mills/DSC_6490.NEF
/home/aagnone/Banning_Mills/DSC_6537.xmp.bak
/home/aagnone/Banning_Mills/DSC_6617.NEF
/home/aagnone/Banning_Mills/DSC_6493.xmp
/home/aagnone/Banning_Mills/DSC_6501.xmp
/home/aagnone/Banning_Mills/DSC_6504.NEF
/home/aagnone/Banning_Mills/DSC_6499.xmp.bak
/home/aagnone/Banning_Mills/DSC_6481.NEF
/home/aagnone/Banning_Mills/DSC_6505.xmp.edit
/home/aagnone/Banning_Mills/DSC_6636.NEF
/home/aagnone/Banning_Mills/DSC_6550.xmp.bak
/home/aagnone/Banning_Mills/DSC_6571.xmp.edit
/home/aagnone/Banning_Mills/DSC_6471.xmp.bak
/home/aagnone/Banning_Mills/DSC_6559.xmp.bak
/home/aagnone/Banning_Mills/DSC_6524.xmp.bak
/home/aagnone/Banning_Mills/DSC_6618.xmp.edit
/home/aagnone/Banning_Mills/DSC_6562.NEF
/home/aagnone/Banning_Mills/DSC_6461.NEF
/home/aagnone/Banning_Mills/DSC_6639.NEF
/home/aagnone/Banning_Mills/DSC_6464.xmp.bak
/home/aagnone/Banning_Mills/DSC_6607.NEF
/home/aagnone/Banning_Mills/DSC_6602.NEF
/home/aagnone/Banning_Mills/DSC_6460.xmp.bak
/home/aagnone/Banning_Mills/DSC_6485.NEF
/home/aagnone/Banning_Mills/DSC_6492.xmp.bak
/home/aagnone/Banning_Mills/DSC_6609.xmp.edit
/home/aagnone/Banning_Mills/DSC_6666.xmp.edit
/home/aagnone/Banning_Mills/DSC_6508.xmp.edit
/home/aagnone/Banning_Mills/DSC_6603.xmp.edit
/home/aagnone/Banning_Mills/DSC_6545.xmp.edit
/home/aagnone/Banning_Mills/DSC_6627.NEF
/home/aagnone/Banning_Mills/DSC_6631.xmp.bak
/home/aagnone/Banning_Mills/DSC_6555.NEF
/home/aagnone/Banning_Mills/DSC_6568.xmp
/home/aagnone/Banning_Mills/DSC_6462.NEF
/home/aagnone/Banning_Mills/DSC_6506.xmp.edit
/home/aagnone/Banning_Mills/DSC_6586.xmp
/home/aagnone/Banning_Mills/DSC_6566.NEF
/home/aagnone/Banning_Mills/DSC_6622.xmp.edit
/home/aagnone/Banning_Mills/DSC_6483.NEF
/home/aagnone/Banning_Mills/DSC_6486.NEF
/home/aagnone/Banning_Mills/DSC_6635.NEF
/home/aagnone/Banning_Mills/DSC_6464.NEF
/home/aagnone/Banning_Mills/DSC_6504.xmp.edit
/home/aagnone/Banning_Mills/DSC_6520.xmp
/home/aagnone/Banning_Mills/DSC_6564.xmp
/home/aagnone/Banning_Mills/DSC_6481.xmp
/home/aagnone/Banning_Mills/DSC_6586.xmp.bak
/home/aagnone/Banning_Mills/DSC_6515.xmp.edit
/home/aagnone/Banning_Mills/DSC_6631.xmp.edit
/home/aagnone/Banning_Mills/DSC_6647.NEF
/home/aagnone/Banning_Mills/DSC_6565.xmp.bak
/home/aagnone/Banning_Mills/DSC_6669.NEF
/home/aagnone/Banning_Mills/DSC_6616.xmp.bak
/home/aagnone/Banning_Mills/DSC_6511.xmp.bak
/home/aagnone/Banning_Mills/DSC_6509.NEF
/home/aagnone/Banning_Mills/DSC_6498.xmp.edit
/home/aagnone/Banning_Mills/DSC_6608.xmp
/home/aagnone/Banning_Mills/DSC_6534.xmp.edit
/home/aagnone/Banning_Mills/DSC_6508.NEF
/home/aagnone/Banning_Mills/DSC_6605.NEF
/home/aagnone/Banning_Mills/DSC_6594.NEF
/home/aagnone/Banning_Mills/DSC_6625.NEF
/home/aagnone/Banning_Mills/DSC_6571.xmp.bak
/home/aagnone/Banning_Mills/DSC_6514.xmp
/home/aagnone/Banning_Mills/DSC_6494.xmp.edit
/home/aagnone/Banning_Mills/DSC_6480.NEF
/home/aagnone/Banning_Mills/DSC_6514.xmp.edit
/home/aagnone/Banning_Mills/DSC_6523.xmp.edit
/home/aagnone/Banning_Mills/DSC_6460.xmp.edit
/home/aagnone/Banning_Mills/DSC_6501.xmp.edit
/home/aagnone/Banning_Mills/DSC_6557.xmp.bak
/home/aagnone/Banning_Mills/DSC_6616.NEF
/home/aagnone/Banning_Mills/DSC_6585.NEF
/home/aagnone/Banning_Mills/DSC_6642.NEF
/home/aagnone/Banning_Mills/DSC_6581.NEF
/home/aagnone/Banning_Mills/DSC_6555.xmp
/home/aagnone/Banning_Mills/DSC_6623.xmp.bak
/home/aagnone/Banning_Mills/DSC_6487.xmp
/home/aagnone/Banning_Mills/DSC_6646.NEF
/home/aagnone/Banning_Mills/DSC_6608.xmp.edit
/home/aagnone/Banning_Mills/DSC_6592.xmp.edit
/home/aagnone/Banning_Mills/DSC_6598.xmp.bak
/home/aagnone/Banning_Mills/DSC_6538.xmp.bak
/home/aagnone/Banning_Mills/DSC_6591.xmp.bak
/home/aagnone/Banning_Mills/DSC_6623.NEF
/home/aagnone/Banning_Mills/DSC_6472.xmp
/home/aagnone/Banning_Mills/DSC_6510.NEF
/home/aagnone/Banning_Mills/DSC_6472.xmp.edit
/home/aagnone/Banning_Mills/DSC_6627.xmp.bak
/home/aagnone/Banning_Mills/DSC_6499.xmp.edit
/home/aagnone/Banning_Mills/DSC_6586.xmp.edit
/home/aagnone/Banning_Mills/DSC_6468.NEF
/home/aagnone/Banning_Mills/DSC_6588.xmp.edit
/home/aagnone/Banning_Mills/DSC_6612.xmp.edit
/home/aagnone/Banning_Mills/DSC_6559.xmp
/home/aagnone/Banning_Mills/DSC_6511.NEF
/home/aagnone/Banning_Mills/DSC_6609.xmp
/home/aagnone/Banning_Mills/DSC_6547.NEF
/home/aagnone/Banning_Mills/DSC_6484.xmp
/home/aagnone/Banning_Mills/DSC_6556.xmp
/home/aagnone/Banning_Mills/DSC_6678.NEF
/home/aagnone/Banning_Mills/DSC_6665.NEF
/home/aagnone/Banning_Mills/DSC_6489.xmp.edit
/home/aagnone/Banning_Mills/DSC_6630.xmp.edit
/home/aagnone/Banning_Mills/DSC_6465.xmp.edit
/home/aagnone/Banning_Mills/DSC_6557.NEF
/home/aagnone/Banning_Mills/DSC_6676.xmp.edit
/home/aagnone/Banning_Mills/DSC_6529.xmp
/home/aagnone/Banning_Mills/DSC_6461.xmp
/home/aagnone/Banning_Mills/DSC_6519.NEF
/home/aagnone/Banning_Mills/DSC_6538.xmp
/home/aagnone/Banning_Mills/DSC_6495.xmp.edit
/home/aagnone/Banning_Mills/DSC_6517.xmp.edit
/home/aagnone/Banning_Mills/DSC_6537.xmp.edit
/home/aagnone/Banning_Mills/DSC_6602.xmp.bak
/home/aagnone/Banning_Mills/DSC_6487.xmp.edit
/home/aagnone/Banning_Mills/DSC_6577.xmp.edit
/home/aagnone/Banning_Mills/DSC_6501.xmp.bak
/home/aagnone/Banning_Mills/DSC_6525.xmp
/home/aagnone/Banning_Mills/DSC_6482.xmp
/home/aagnone/Banning_Mills/DSC_6529.xmp.edit
/home/aagnone/Banning_Mills/DSC_6510.xmp
/home/aagnone/Banning_Mills/DSC_6542.xmp.edit
/home/aagnone/Banning_Mills/DSC_6519.xmp.edit
/home/aagnone/Banning_Mills/DSC_6541.NEF
/home/aagnone/Banning_Mills/DSC_6615.NEF
/home/aagnone/Banning_Mills/DSC_6473.xmp
/home/aagnone/Banning_Mills/DSC_6534.NEF
/home/aagnone/Banning_Mills/DSC_6552.xmp.edit
/home/aagnone/Banning_Mills/DSC_6619.xmp.edit
/home/aagnone/Banning_Mills/DSC_6474.xmp.bak
/home/aagnone/Banning_Mills/DSC_6530.xmp.bak
/home/aagnone/Banning_Mills/DSC_6589.xmp.edit
/home/aagnone/Banning_Mills/DSC_6480.xmp.edit
/home/aagnone/Banning_Mills/DSC_6469.xmp
/home/aagnone/Banning_Mills/DSC_6570.xmp.bak
/home/aagnone/Banning_Mills/DSC_6591.xmp.edit
/home/aagnone/Banning_Mills/DSC_6548.xmp.bak
/home/aagnone/Banning_Mills/DSC_6485.xmp.edit
/home/aagnone/Banning_Mills/DSC_6598.NEF
/home/aagnone/Banning_Mills/DSC_6539.NEF
/home/aagnone/Banning_Mills/DSC_6600.xmp.edit
/home/aagnone/Banning_Mills/DSC_6542.NEF
/home/aagnone/Banning_Mills/DSC_6607.xmp.edit
/home/aagnone/Banning_Mills/DSC_6596.xmp
/home/aagnone/Banning_Mills/DSC_6468.xmp.bak
/home/aagnone/Banning_Mills/DSC_6508.xmp
/home/aagnone/Banning_Mills/DSC_6634.NEF
/home/aagnone/Banning_Mills/DSC_6625.xmp.edit
/home/aagnone/Banning_Mills/DSC_6579.xmp.edit
/home/aagnone/Banning_Mills/DSC_6545.NEF
/home/aagnone/Banning_Mills/DSC_6587.xmp.edit
/home/aagnone/Banning_Mills/DSC_6584.xmp.edit
/home/aagnone/Banning_Mills/DSC_6476.xmp.bak
/home/aagnone/Banning_Mills/DSC_6666.xmp.bak
/home/aagnone/Banning_Mills/DSC_6495.xmp.bak
/home/aagnone/Banning_Mills/DSC_6578.xmp.edit
/home/aagnone/Banning_Mills/DSC_6534.xmp
/home/aagnone/Banning_Mills/DSC_6517.xmp
/home/aagnone/Banning_Mills/DSC_6604.xmp
/home/aagnone/Banning_Mills/DSC_6519.xmp
/home/aagnone/Banning_Mills/DSC_6568.xmp.bak
/home/aagnone/Banning_Mills/DSC_6469.xmp.bak
/home/aagnone/Banning_Mills/DSC_6525.xmp.edit
/home/aagnone/Banning_Mills/DSC_6551.xmp.bak
/home/aagnone/Banning_Mills/DSC_6491.xmp
/home/aagnone/Banning_Mills/DSC_6538.NEF
/home/aagnone/Banning_Mills/DSC_6496.xmp.edit
/home/aagnone/Banning_Mills/DSC_6509.xmp
/home/aagnone/Banning_Mills/DSC_6573.NEF
/home/aagnone/Banning_Mills/DSC_6606.xmp.edit
/home/aagnone/Banning_Mills/DSC_6624.xmp
/home/aagnone/Banning_Mills/DSC_6571.xmp
/home/aagnone/Banning_Mills/DSC_6624.NEF
/home/aagnone/Banning_Mills/DSC_6465.NEF
/home/aagnone/Banning_Mills/DSC_6534.xmp.bak
/home/aagnone/Banning_Mills/DSC_6528.xmp
/home/aagnone/Banning_Mills/DSC_6589.xmp.bak
/home/aagnone/Banning_Mills/DSC_6491.NEF
/home/aagnone/Banning_Mills/DSC_6462.xmp.bak
/home/aagnone/Banning_Mills/DSC_6578.xmp.bak
/home/aagnone/Banning_Mills/DSC_6558.NEF
/home/aagnone/Banning_Mills/DSC_6633.NEF
/home/aagnone/Banning_Mills/DSC_6544.xmp
/home/aagnone/Banning_Mills/DSC_6490.xmp
/home/aagnone/Banning_Mills/DSC_6608.xmp.bak
/home/aagnone/Banning_Mills/DSC_6561.NEF
/home/aagnone/Banning_Mills/DSC_6544.xmp.edit
/home/aagnone/Banning_Mills/DSC_6581.xmp.edit
/home/aagnone/Banning_Mills/DSC_6674.NEF
/home/aagnone/Banning_Mills/DSC_6542.xmp.bak
/home/aagnone/Banning_Mills/DSC_6627.xmp
/home/aagnone/Banning_Mills/DSC_6554.NEF
/home/aagnone/Banning_Mills/DSC_6512.xmp.bak
/home/aagnone/Banning_Mills/DSC_6558.xmp
/home/aagnone/Banning_Mills/DSC_6518.NEF
/home/aagnone/Banning_Mills/DSC_6529.xmp.bak
/home/aagnone/Banning_Mills/DSC_6614.xmp.bak
/home/aagnone/Banning_Mills/DSC_6491.xmp.bak
/home/aagnone/Banning_Mills/DSC_6559.NEF
/home/aagnone/Banning_Mills/DSC_6568.NEF
/home/aagnone/Banning_Mills/DSC_6470.xmp
/home/aagnone/Banning_Mills/DSC_6543.xmp.edit
/home/aagnone/Banning_Mills/DSC_6601.xmp
/home/aagnone/Banning_Mills/DSC_6538.xmp.edit
/home/aagnone/Banning_Mills/DSC_6603.xmp
/home/aagnone/Banning_Mills/DSC_6583.NEF
/home/aagnone/Banning_Mills/DSC_6652.NEF
/home/aagnone/Banning_Mills/DSC_6664.NEF
/home/aagnone/Banning_Mills/DSC_6681.NEF
/home/aagnone/Banning_Mills/DSC_6653.NEF
/home/aagnone/Banning_Mills/DSC_6496.NEF
/home/aagnone/Banning_Mills/DSC_6523.xmp.bak
/home/aagnone/Banning_Mills/DSC_6612.NEF
/home/aagnone/Banning_Mills/DSC_6466.NEF
/home/aagnone/Banning_Mills/DSC_6497.xmp
/home/aagnone/Banning_Mills/DSC_6621.xmp.bak
/home/aagnone/Banning_Mills/DSC_6604.xmp.bak
/home/aagnone/Banning_Mills/DSC_6677.NEF
/home/aagnone/Banning_Mills/DSC_6618.NEF
/home/aagnone/Banning_Mills/DSC_6613.xmp.bak
/home/aagnone/Banning_Mills/DSC_6594.xmp.bak
/home/aagnone/Banning_Mills/DSC_6640.NEF
/home/aagnone/Banning_Mills/DSC_6554.xmp
/home/aagnone/Banning_Mills/DSC_6567.NEF
/home/aagnone/Banning_Mills/DSC_6520.xmp.edit
/home/aagnone/Banning_Mills/DSC_6613.xmp.edit
/home/aagnone/Banning_Mills/DSC_6530.xmp.edit
/home/aagnone/Banning_Mills/DSC_6566.xmp.edit
/home/aagnone/Banning_Mills/DSC_6503.xmp.edit
/home/aagnone/Banning_Mills/DSC_6577.NEF
/home/aagnone/Banning_Mills/DSC_6536.NEF
/home/aagnone/Banning_Mills/DSC_6601.xmp.bak
/home/aagnone/Banning_Mills/DSC_6645.NEF
/home/aagnone/Banning_Mills/DSC_6513.xmp.edit
/home/aagnone/Banning_Mills/DSC_6483.xmp.edit
/home/aagnone/Banning_Mills/DSC_6546.xmp
/home/aagnone/Banning_Mills/DSC_6660.NEF
/home/aagnone/Banning_Mills/DSC_6585.xmp.bak
/home/aagnone/Banning_Mills/DSC_6481.xmp.edit
/home/aagnone/Banning_Mills/DSC_6498.xmp.bak
/home/aagnone/Banning_Mills/DSC_6511.xmp.edit
/home/aagnone/Banning_Mills/DSC_6624.xmp.edit
/home/aagnone/Banning_Mills/DSC_6511.xmp
/home/aagnone/Banning_Mills/DSC_6560.NEF
/home/aagnone/Banning_Mills/DSC_6517.NEF
/home/aagnone/Banning_Mills/DSC_6549.NEF
/home/aagnone/Banning_Mills/DSC_6486.xmp
/home/aagnone/Banning_Mills/DSC_6576.xmp.bak
/home/aagnone/Banning_Mills/DSC_6503.NEF
/home/aagnone/Banning_Mills/DSC_6590.xmp.bak
/home/aagnone/Banning_Mills/DSC_6509.xmp.edit
/home/aagnone/Banning_Mills/DSC_6475.NEF
/home/aagnone/Banning_Mills/DSC_6543.xmp
/home/aagnone/Banning_Mills/DSC_6531.NEF
/home/aagnone/Banning_Mills/DSC_6522.xmp
/home/aagnone/Banning_Mills/DSC_6493.xmp.bak
/home/aagnone/Banning_Mills/DSC_6460.NEF
/home/aagnone/Banning_Mills/DSC_6472.NEF
/home/aagnone/Banning_Mills/DSC_6573.xmp.edit
/home/aagnone/Banning_Mills/DSC_6580.NEF
/home/aagnone/Banning_Mills/DSC_6579.NEF
/home/aagnone/Banning_Mills/DSC_6547.xmp.bak
/home/aagnone/Banning_Mills/DSC_6512.xmp.edit
/home/aagnone/Banning_Mills/DSC_6580.xmp.edit
/home/aagnone/Banning_Mills/DSC_6548.NEF
/home/aagnone/Banning_Mills/DSC_6549.xmp.bak
/home/aagnone/Banning_Mills/DSC_6521.xmp.edit
/home/aagnone/Banning_Mills/DSC_6592.xmp
/home/aagnone/Banning_Mills/DSC_6630.xmp.bak
/home/aagnone/Banning_Mills/DSC_6582.xmp
/home/aagnone/Banning_Mills/DSC_6576.xmp.edit
/home/aagnone/Banning_Mills/DSC_6575.NEF
/home/aagnone/Banning_Mills/DSC_6475.xmp.edit
/home/aagnone/Banning_Mills/DSC_6493.NEF
/home/aagnone/Banning_Mills/DSC_6573.xmp.bak
/home/aagnone/Banning_Mills/DSC_6517.xmp.bak
/home/aagnone/Banning_Mills/DSC_6471.NEF
/home/aagnone/Banning_Mills/DSC_6615.xmp
/home/aagnone/Banning_Mills/DSC_6472.xmp.bak
/home/aagnone/Banning_Mills/DSC_6599.xmp.bak
/home/aagnone/Banning_Mills/DSC_6499.xmp
/home/aagnone/Banning_Mills/DSC_6488.xmp
/home/aagnone/Banning_Mills/DSC_6581.xmp
/home/aagnone/Banning_Mills/DSC_6525.xmp.bak
/home/aagnone/Banning_Mills/DSC_6554.xmp.edit
/home/aagnone/Banning_Mills/DSC_6492.xmp
/home/aagnone/Banning_Mills/DSC_6543.xmp.bak
/home/aagnone/Banning_Mills/DSC_6655.NEF
/home/aagnone/Banning_Mills/DSC_6591.NEF
/home/aagnone/Banning_Mills/DSC_6614.NEF
/home/aagnone/Banning_Mills/DSC_6574.NEF
/home/aagnone/Banning_Mills/DSC_6514.xmp.bak
/home/aagnone/Banning_Mills/DSC_6597.xmp.bak
/home/aagnone/Banning_Mills/DSC_6480.xmp
/home/aagnone/Banning_Mills/DSC_6513.xmp
/home/aagnone/Banning_Mills/DSC_6669.xmp.bak
/home/aagnone/Banning_Mills/DSC_6609.NEF
/home/aagnone/Banning_Mills/DSC_6588.xmp
/home/aagnone/Banning_Mills/DSC_6528.xmp.edit
/home/aagnone/Banning_Mills/DSC_6618.xmp
/home/aagnone/Banning_Mills/DSC_6649.NEF
/home/aagnone/Banning_Mills/DSC_6626.xmp.bak
/home/aagnone/Banning_Mills/DSC_6617.xmp.edit
/home/aagnone/Banning_Mills/DSC_6521.NEF
/home/aagnone/Banning_Mills/DSC_6546.xmp.bak
/home/aagnone/Banning_Mills/DSC_6532.xmp.bak
/home/aagnone/Banning_Mills/DSC_6666.xmp
/home/aagnone/Banning_Mills/DSC_6572.xmp.edit
/home/aagnone/Banning_Mills/DSC_6628.xmp
/home/aagnone/Banning_Mills/DSC_6629.xmp.bak
/home/aagnone/Banning_Mills/DSC_6613.NEF
/home/aagnone/Banning_Mills/DSC_6625.xmp
/home/aagnone/Banning_Mills/DSC_6465.xmp.bak
/home/aagnone/Banning_Mills/DSC_6513.xmp.bak
/home/aagnone/Banning_Mills/DSC_6501.NEF
/home/aagnone/Banning_Mills/DSC_6676.xmp
/home/aagnone/Banning_Mills/DSC_6575.xmp
/home/aagnone/Banning_Mills/DSC_6525.NEF
/home/aagnone/Banning_Mills/DSC_6497.xmp.edit
/home/aagnone/Banning_Mills/DSC_6518.xmp
/home/aagnone/Banning_Mills/DSC_6666.NEF
/home/aagnone/Banning_Mills/DSC_6615.xmp.edit
/home/aagnone/Banning_Mills/DSC_6518.xmp.edit
/home/aagnone/Banning_Mills/DSC_6617.xmp.bak
/home/aagnone/Banning_Mills/DSC_6565.xmp
/home/aagnone/Banning_Mills/DSC_6503.xmp
/home/aagnone/Banning_Mills/DSC_6486.xmp.edit
/home/aagnone/Banning_Mills/DSC_6484.xmp.edit
/home/aagnone/Banning_Mills/DSC_6644.NEF
/home/aagnone/Banning_Mills/DSC_6478.xmp.bak
/home/aagnone/Banning_Mills/DSC_6595.NEF
/home/aagnone/Banning_Mills/DSC_6506.NEF
/home/aagnone/Banning_Mills/DSC_6567.xmp
/home/aagnone/Banning_Mills/DSC_6540.NEF
/home/aagnone/Banning_Mills/DSC_6484.NEF
/home/aagnone/Banning_Mills/DSC_6581.xmp.bak
/home/aagnone/Banning_Mills/DSC_6545.xmp
/home/aagnone/Banning_Mills/DSC_6567.xmp.bak
/home/aagnone/Banning_Mills/DSC_6631.xmp
/home/aagnone/Banning_Mills/DSC_6570.xmp
/home/aagnone/Banning_Mills/DSC_6467.xmp
/home/aagnone/Banning_Mills/DSC_6616.xmp.edit
/home/aagnone/Banning_Mills/DSC_6496.xmp.bak
/home/aagnone/Banning_Mills/DSC_6475.xmp
/home/aagnone/Banning_Mills/DSC_6590.xmp.edit
/home/aagnone/Banning_Mills/DSC_6579.xmp
/home/aagnone/Banning_Mills/DSC_6478.xmp.edit
/home/aagnone/Banning_Mills/DSC_6527.NEF
/home/aagnone/Banning_Mills/DSC_6506.xmp.bak
/home/aagnone/Banning_Mills/DSC_6606.xmp
/home/aagnone/Banning_Mills/DSC_6668.NEF
/home/aagnone/Banning_Mills/DSC_6522.NEF
/home/aagnone/Banning_Mills/DSC_6470.xmp.edit
/home/aagnone/Banning_Mills/DSC_6521.xmp
/home/aagnone/Banning_Mills/DSC_6607.xmp.bak
/home/aagnone/Banning_Mills/DSC_6461.xmp.bak
/home/aagnone/Banning_Mills/DSC_6552.NEF
/home/aagnone/Banning_Mills/DSC_6601.xmp.edit
/home/aagnone/Banning_Mills/DSC_6596.xmp.bak
/home/aagnone/Banning_Mills/DSC_6598.xmp
/home/aagnone/Banning_Mills/DSC_6679.NEF
/home/aagnone/Banning_Mills/DSC_6569.xmp.edit
/home/aagnone/Banning_Mills/DSC_6628.NEF
/home/aagnone/Banning_Mills/DSC_6573.xmp
/home/aagnone/Banning_Mills/DSC_6488.NEF
/home/aagnone/Banning_Mills/DSC_6627.xmp.edit
/home/aagnone/Banning_Mills/DSC_6574.xmp.edit
/home/aagnone/Banning_Mills/DSC_6656.NEF
/home/aagnone/Banning_Mills/DSC_6597.xmp.edit
/home/aagnone/Banning_Mills/DSC_6556.xmp.bak
/home/aagnone/Banning_Mills/DSC_6611.xmp.edit
/home/aagnone/Banning_Mills/DSC_6467.xmp.edit
/home/aagnone/Banning_Mills/DSC_6584.NEF
/home/aagnone/Banning_Mills/DSC_6478.NEF
/home/aagnone/Banning_Mills/DSC_6560.xmp.bak
/home/aagnone/Banning_Mills/DSC_6533.xmp.bak
/home/aagnone/Banning_Mills/DSC_6479.xmp
/home/aagnone/Banning_Mills/DSC_6663.NEF
/home/aagnone/Banning_Mills/DSC_6599.xmp
/home/aagnone/Banning_Mills/DSC_6546.NEF
/home/aagnone/Banning_Mills/DSC_6574.xmp
/home/aagnone/Banning_Mills/DSC_6475.xmp.bak
/home/aagnone/Banning_Mills/DSC_6553.NEF
/home/aagnone/Banning_Mills/DSC_6595.xmp
/home/aagnone/Banning_Mills/DSC_6565.xmp.edit
/home/aagnone/Banning_Mills/DSC_6576.xmp
/home/aagnone/Banning_Mills/DSC_6617.xmp
/home/aagnone/Banning_Mills/DSC_6477.xmp.bak
/home/aagnone/Banning_Mills/DSC_6540.xmp
/home/aagnone/Banning_Mills/DSC_6628.xmp.bak
/home/aagnone/Banning_Mills/DSC_6489.xmp
/home/aagnone/Banning_Mills/DSC_6528.xmp.bak
/home/aagnone/Banning_Mills/DSC_6532.NEF
/home/aagnone/Banning_Mills/DSC_6494.xmp.bak
/home/aagnone/Banning_Mills/DSC_6616.xmp
/home/aagnone/Banning_Mills/DSC_6495.xmp
/home/aagnone/Banning_Mills/DSC_6614.xmp
/home/aagnone/Banning_Mills/DSC_6498.NEF
/home/aagnone/Banning_Mills/DSC_6539.xmp.bak
/home/aagnone/Banning_Mills/DSC_6523.NEF
/home/aagnone/Banning_Mills/DSC_6615.xmp.bak
/home/aagnone/Banning_Mills/DSC_6650.NEF
/home/aagnone/Banning_Mills/DSC_6610.NEF
/home/aagnone/Banning_Mills/DSC_6589.NEF
/home/aagnone/Banning_Mills/DSC_6569.NEF
/home/aagnone/Banning_Mills/DSC_6536.xmp.edit
/home/aagnone/Banning_Mills/DSC_6540.xmp.edit
/home/aagnone/Banning_Mills/DSC_6497.xmp.bak
/home/aagnone/Banning_Mills/DSC_6612.xmp
/home/aagnone/Banning_Mills/DSC_6471.xmp
/home/aagnone/Banning_Mills/DSC_6638.NEF
/home/aagnone/Banning_Mills/DSC_6563.NEF
/home/aagnone/Banning_Mills/DSC_6485.xmp.bak
/home/aagnone/Banning_Mills/DSC_6641.NEF
/home/aagnone/Banning_Mills/DSC_6657.NEF
/home/aagnone/Banning_Mills/DSC_6548.xmp.edit
/home/aagnone/Banning_Mills/DSC_6673.NEF
/home/aagnone/Banning_Mills/DSC_6492.xmp.edit
/home/aagnone/Banning_Mills/DSC_6569.xmp.bak
/home/aagnone/Banning_Mills/DSC_6628.xmp.edit
/home/aagnone/Banning_Mills/DSC_6535.xmp.edit
/home/aagnone/Banning_Mills/DSC_6561.xmp.bak
/home/aagnone/Banning_Mills/DSC_6618.xmp.bak
/home/aagnone/Banning_Mills/DSC_6610.xmp.bak
/home/aagnone/Banning_Mills/DSC_6670.NEF
/home/aagnone/Banning_Mills/DSC_6583.xmp.bak
/home/aagnone/Banning_Mills/DSC_6559.xmp.edit
/home/aagnone/Banning_Mills/DSC_6500.xmp.edit
/home/aagnone/Banning_Mills/DSC_6524.xmp
/home/aagnone/Banning_Mills/DSC_6620.NEF
/home/aagnone/Banning_Mills/DSC_6468.xmp
/home/aagnone/Banning_Mills/DSC_6555.xmp.bak
/home/aagnone/Banning_Mills/DSC_6603.xmp.bak
/home/aagnone/Banning_Mills/DSC_6518.xmp.bak
/home/aagnone/Banning_Mills/DSC_6544.xmp.bak
/home/aagnone/Banning_Mills/DSC_6587.xmp.bak
/home/aagnone/Banning_Mills/DSC_6619.xmp
/home/aagnone/Banning_Mills/DSC_6572.xmp.bak
/home/aagnone/Banning_Mills/DSC_6521.xmp.bak
