/media/aagnone/My Passport/6-10/DSC_8490.xmp
/media/aagnone/My Passport/6-10/DSC_8339.NEF
/media/aagnone/My Passport/6-10/DSC_8339.xmp
/media/aagnone/My Passport/6-10/DSC_8340.NEF
/media/aagnone/My Passport/6-10/DSC_8340.xmp
/media/aagnone/My Passport/6-10/DSC_8341.NEF
/media/aagnone/My Passport/6-10/DSC_8341.xmp
/media/aagnone/My Passport/6-10/DSC_8342.NEF
/media/aagnone/My Passport/6-10/DSC_8342.xmp
/media/aagnone/My Passport/6-10/DSC_8343.NEF
/media/aagnone/My Passport/6-10/DSC_8343.xmp
/media/aagnone/My Passport/6-10/DSC_8344.NEF
/media/aagnone/My Passport/6-10/DSC_8344.xmp
/media/aagnone/My Passport/6-10/DSC_8345.NEF
/media/aagnone/My Passport/6-10/DSC_8345.xmp
/media/aagnone/My Passport/6-10/DSC_8346.NEF
/media/aagnone/My Passport/6-10/DSC_8347.NEF
/media/aagnone/My Passport/6-10/DSC_8347.xmp
/media/aagnone/My Passport/6-10/DSC_8348.NEF
/media/aagnone/My Passport/6-10/DSC_8348.xmp
/media/aagnone/My Passport/6-10/DSC_8349.NEF
/media/aagnone/My Passport/6-10/DSC_8349.xmp
/media/aagnone/My Passport/6-10/DSC_8350.NEF
/media/aagnone/My Passport/6-10/DSC_8350.xmp
/media/aagnone/My Passport/6-10/DSC_8351.NEF
/media/aagnone/My Passport/6-10/DSC_8351.xmp
/media/aagnone/My Passport/6-10/DSC_8352.NEF
/media/aagnone/My Passport/6-10/DSC_8352.xmp
/media/aagnone/My Passport/6-10/DSC_8353.NEF
/media/aagnone/My Passport/6-10/DSC_8353.xmp
/media/aagnone/My Passport/6-10/DSC_8354.NEF
/media/aagnone/My Passport/6-10/DSC_8354.xmp
/media/aagnone/My Passport/6-10/DSC_8355.NEF
/media/aagnone/My Passport/6-10/DSC_8356.NEF
/media/aagnone/My Passport/6-10/DSC_8356.xmp
/media/aagnone/My Passport/6-10/DSC_8357.NEF
/media/aagnone/My Passport/6-10/DSC_8357.xmp
/media/aagnone/My Passport/6-10/DSC_8358.NEF
/media/aagnone/My Passport/6-10/DSC_8358.xmp
/media/aagnone/My Passport/6-10/DSC_8359.NEF
/media/aagnone/My Passport/6-10/DSC_8359.xmp
/media/aagnone/My Passport/6-10/DSC_8360.NEF
/media/aagnone/My Passport/6-10/DSC_8360.xmp
/media/aagnone/My Passport/6-10/DSC_8361.NEF
/media/aagnone/My Passport/6-10/DSC_8361.xmp
/media/aagnone/My Passport/6-10/DSC_8362.NEF
/media/aagnone/My Passport/6-10/DSC_8362.xmp
/media/aagnone/My Passport/6-10/DSC_8363.NEF
/media/aagnone/My Passport/6-10/DSC_8363.xmp
/media/aagnone/My Passport/6-10/DSC_8364.NEF
/media/aagnone/My Passport/6-10/DSC_8365.NEF
/media/aagnone/My Passport/6-10/DSC_8365.xmp
/media/aagnone/My Passport/6-10/DSC_8366.NEF
/media/aagnone/My Passport/6-10/DSC_8366.xmp
/media/aagnone/My Passport/6-10/DSC_8367.NEF
/media/aagnone/My Passport/6-10/DSC_8367.xmp
/media/aagnone/My Passport/6-10/DSC_8368.NEF
/media/aagnone/My Passport/6-10/DSC_8368.xmp
/media/aagnone/My Passport/6-10/DSC_8369.NEF
/media/aagnone/My Passport/6-10/DSC_8369.xmp
/media/aagnone/My Passport/6-10/DSC_8370.NEF
/media/aagnone/My Passport/6-10/DSC_8370.xmp
/media/aagnone/My Passport/6-10/DSC_8371.NEF
/media/aagnone/My Passport/6-10/DSC_8371.xmp
/media/aagnone/My Passport/6-10/DSC_8372.NEF
/media/aagnone/My Passport/6-10/DSC_8372.xmp
/media/aagnone/My Passport/6-10/DSC_8373.NEF
/media/aagnone/My Passport/6-10/DSC_8346.xmp
/media/aagnone/My Passport/6-10/DSC_8355.xmp
/media/aagnone/My Passport/6-10/DSC_8364.xmp
/media/aagnone/My Passport/6-10/DSC_8373.xmp
/media/aagnone/My Passport/6-10/DSC_8382.xmp
/media/aagnone/My Passport/6-10/DSC_8391.xmp
/media/aagnone/My Passport/6-10/DSC_8400.xmp
/media/aagnone/My Passport/6-10/DSC_8409.xmp
/media/aagnone/My Passport/6-10/DSC_8418.xmp
/media/aagnone/My Passport/6-10/DSC_8427.xmp
/media/aagnone/My Passport/6-10/DSC_8436.xmp
/media/aagnone/My Passport/6-10/DSC_8445.xmp
/media/aagnone/My Passport/6-10/DSC_8454.xmp
/media/aagnone/My Passport/6-10/DSC_8463.xmp
/media/aagnone/My Passport/6-10/DSC_8472.xmp
/media/aagnone/My Passport/6-10/DSC_8481.xmp
/media/aagnone/My Passport/6-10/DSC_8374.NEF
/media/aagnone/My Passport/6-10/DSC_8374.xmp
/media/aagnone/My Passport/6-10/DSC_8375.NEF
/media/aagnone/My Passport/6-10/DSC_8375.xmp
/media/aagnone/My Passport/6-10/DSC_8376.NEF
/media/aagnone/My Passport/6-10/DSC_8376.xmp
/media/aagnone/My Passport/6-10/DSC_8377.NEF
/media/aagnone/My Passport/6-10/DSC_8377.xmp
/media/aagnone/My Passport/6-10/DSC_8378.NEF
/media/aagnone/My Passport/6-10/DSC_8378.xmp
/media/aagnone/My Passport/6-10/DSC_8379.NEF
/media/aagnone/My Passport/6-10/DSC_8379.xmp
/media/aagnone/My Passport/6-10/DSC_8380.NEF
/media/aagnone/My Passport/6-10/DSC_8380.xmp
/media/aagnone/My Passport/6-10/DSC_8381.NEF
/media/aagnone/My Passport/6-10/DSC_8381.xmp
/media/aagnone/My Passport/6-10/DSC_8382.NEF
/media/aagnone/My Passport/6-10/DSC_8383.NEF
/media/aagnone/My Passport/6-10/DSC_8383.xmp
/media/aagnone/My Passport/6-10/DSC_8384.NEF
/media/aagnone/My Passport/6-10/DSC_8384.xmp
/media/aagnone/My Passport/6-10/DSC_8385.NEF
/media/aagnone/My Passport/6-10/DSC_8385.xmp
/media/aagnone/My Passport/6-10/DSC_8386.NEF
/media/aagnone/My Passport/6-10/DSC_8386.xmp
/media/aagnone/My Passport/6-10/DSC_8387.NEF
/media/aagnone/My Passport/6-10/DSC_8387.xmp
/media/aagnone/My Passport/6-10/DSC_8388.NEF
/media/aagnone/My Passport/6-10/DSC_8388.xmp
/media/aagnone/My Passport/6-10/DSC_8389.NEF
/media/aagnone/My Passport/6-10/DSC_8389.xmp
/media/aagnone/My Passport/6-10/DSC_8390.NEF
/media/aagnone/My Passport/6-10/DSC_8390.xmp
/media/aagnone/My Passport/6-10/DSC_8391.NEF
/media/aagnone/My Passport/6-10/DSC_8392.NEF
/media/aagnone/My Passport/6-10/DSC_8392.xmp
/media/aagnone/My Passport/6-10/DSC_8393.NEF
/media/aagnone/My Passport/6-10/DSC_8393.xmp
/media/aagnone/My Passport/6-10/DSC_8394.NEF
/media/aagnone/My Passport/6-10/DSC_8394.xmp
/media/aagnone/My Passport/6-10/DSC_8395.NEF
/media/aagnone/My Passport/6-10/DSC_8395.xmp
/media/aagnone/My Passport/6-10/DSC_8396.NEF
/media/aagnone/My Passport/6-10/DSC_8396.xmp
/media/aagnone/My Passport/6-10/DSC_8397.NEF
/media/aagnone/My Passport/6-10/DSC_8397.xmp
/media/aagnone/My Passport/6-10/DSC_8398.NEF
/media/aagnone/My Passport/6-10/DSC_8398.xmp
/media/aagnone/My Passport/6-10/DSC_8399.NEF
/media/aagnone/My Passport/6-10/DSC_8399.xmp
/media/aagnone/My Passport/6-10/DSC_8400.NEF
/media/aagnone/My Passport/6-10/DSC_8401.NEF
/media/aagnone/My Passport/6-10/DSC_8401.xmp
/media/aagnone/My Passport/6-10/DSC_8402.NEF
/media/aagnone/My Passport/6-10/DSC_8402.xmp
/media/aagnone/My Passport/6-10/DSC_8403.NEF
/media/aagnone/My Passport/6-10/DSC_8403.xmp
/media/aagnone/My Passport/6-10/DSC_8404.NEF
/media/aagnone/My Passport/6-10/DSC_8404.xmp
/media/aagnone/My Passport/6-10/DSC_8405.NEF
/media/aagnone/My Passport/6-10/DSC_8405.xmp
/media/aagnone/My Passport/6-10/DSC_8406.NEF
/media/aagnone/My Passport/6-10/DSC_8406.xmp
/media/aagnone/My Passport/6-10/DSC_8407.NEF
/media/aagnone/My Passport/6-10/DSC_8407.xmp
/media/aagnone/My Passport/6-10/DSC_8408.NEF
/media/aagnone/My Passport/6-10/DSC_8408.xmp
/media/aagnone/My Passport/6-10/DSC_8409.NEF
/media/aagnone/My Passport/6-10/DSC_8410.NEF
/media/aagnone/My Passport/6-10/DSC_8410.xmp
/media/aagnone/My Passport/6-10/DSC_8411.NEF
/media/aagnone/My Passport/6-10/DSC_8411.xmp
/media/aagnone/My Passport/6-10/DSC_8412.NEF
/media/aagnone/My Passport/6-10/DSC_8412.xmp
/media/aagnone/My Passport/6-10/DSC_8413.NEF
/media/aagnone/My Passport/6-10/DSC_8413.xmp
/media/aagnone/My Passport/6-10/DSC_8414.NEF
/media/aagnone/My Passport/6-10/DSC_8414.xmp
/media/aagnone/My Passport/6-10/DSC_8415.NEF
/media/aagnone/My Passport/6-10/DSC_8415.xmp
/media/aagnone/My Passport/6-10/DSC_8416.NEF
/media/aagnone/My Passport/6-10/DSC_8416.xmp
/media/aagnone/My Passport/6-10/DSC_8417.NEF
/media/aagnone/My Passport/6-10/DSC_8417.xmp
/media/aagnone/My Passport/6-10/DSC_8418.NEF
/media/aagnone/My Passport/6-10/DSC_8419.NEF
/media/aagnone/My Passport/6-10/DSC_8419.xmp
/media/aagnone/My Passport/6-10/DSC_8420.NEF
/media/aagnone/My Passport/6-10/DSC_8420.xmp
/media/aagnone/My Passport/6-10/DSC_8421.NEF
/media/aagnone/My Passport/6-10/DSC_8421.xmp
/media/aagnone/My Passport/6-10/DSC_8422.NEF
/media/aagnone/My Passport/6-10/DSC_8422.xmp
/media/aagnone/My Passport/6-10/DSC_8423.NEF
/media/aagnone/My Passport/6-10/DSC_8423.xmp
/media/aagnone/My Passport/6-10/DSC_8424.NEF
/media/aagnone/My Passport/6-10/DSC_8424.xmp
/media/aagnone/My Passport/6-10/DSC_8425.NEF
/media/aagnone/My Passport/6-10/DSC_8425.xmp
/media/aagnone/My Passport/6-10/DSC_8426.NEF
/media/aagnone/My Passport/6-10/DSC_8426.xmp
/media/aagnone/My Passport/6-10/DSC_8427.NEF
/media/aagnone/My Passport/6-10/DSC_8428.NEF
/media/aagnone/My Passport/6-10/DSC_8428.xmp
/media/aagnone/My Passport/6-10/DSC_8429.NEF
/media/aagnone/My Passport/6-10/DSC_8429.xmp
/media/aagnone/My Passport/6-10/DSC_8430.NEF
/media/aagnone/My Passport/6-10/DSC_8430.xmp
/media/aagnone/My Passport/6-10/DSC_8431.NEF
/media/aagnone/My Passport/6-10/DSC_8431.xmp
/media/aagnone/My Passport/6-10/DSC_8432.NEF
/media/aagnone/My Passport/6-10/DSC_8432.xmp
/media/aagnone/My Passport/6-10/DSC_8433.NEF
/media/aagnone/My Passport/6-10/DSC_8433.xmp
/media/aagnone/My Passport/6-10/DSC_8434.NEF
/media/aagnone/My Passport/6-10/DSC_8434.xmp
/media/aagnone/My Passport/6-10/DSC_8435.NEF
/media/aagnone/My Passport/6-10/DSC_8435.xmp
/media/aagnone/My Passport/6-10/DSC_8436.NEF
/media/aagnone/My Passport/6-10/DSC_8437.NEF
/media/aagnone/My Passport/6-10/DSC_8437.xmp
/media/aagnone/My Passport/6-10/DSC_8438.NEF
/media/aagnone/My Passport/6-10/DSC_8438.xmp
/media/aagnone/My Passport/6-10/DSC_8439.NEF
/media/aagnone/My Passport/6-10/DSC_8439.xmp
/media/aagnone/My Passport/6-10/DSC_8440.NEF
/media/aagnone/My Passport/6-10/DSC_8440.xmp
/media/aagnone/My Passport/6-10/DSC_8441.NEF
/media/aagnone/My Passport/6-10/DSC_8441.xmp
/media/aagnone/My Passport/6-10/DSC_8442.NEF
/media/aagnone/My Passport/6-10/DSC_8442.xmp
/media/aagnone/My Passport/6-10/DSC_8443.NEF
/media/aagnone/My Passport/6-10/DSC_8443.xmp
/media/aagnone/My Passport/6-10/DSC_8444.NEF
/media/aagnone/My Passport/6-10/DSC_8444.xmp
/media/aagnone/My Passport/6-10/DSC_8445.NEF
/media/aagnone/My Passport/6-10/DSC_8446.NEF
/media/aagnone/My Passport/6-10/DSC_8446.xmp
/media/aagnone/My Passport/6-10/DSC_8447.NEF
/media/aagnone/My Passport/6-10/DSC_8447.xmp
/media/aagnone/My Passport/6-10/DSC_8448.NEF
/media/aagnone/My Passport/6-10/DSC_8448.xmp
/media/aagnone/My Passport/6-10/DSC_8449.NEF
/media/aagnone/My Passport/6-10/DSC_8449.xmp
/media/aagnone/My Passport/6-10/DSC_8450.NEF
/media/aagnone/My Passport/6-10/DSC_8450.xmp
/media/aagnone/My Passport/6-10/DSC_8451.NEF
/media/aagnone/My Passport/6-10/DSC_8451.xmp
/media/aagnone/My Passport/6-10/DSC_8452.NEF
/media/aagnone/My Passport/6-10/DSC_8452.xmp
/media/aagnone/My Passport/6-10/DSC_8453.NEF
/media/aagnone/My Passport/6-10/DSC_8453.xmp
/media/aagnone/My Passport/6-10/DSC_8454.NEF
/media/aagnone/My Passport/6-10/DSC_8455.NEF
/media/aagnone/My Passport/6-10/DSC_8455.xmp
/media/aagnone/My Passport/6-10/DSC_8456.NEF
/media/aagnone/My Passport/6-10/DSC_8456.xmp
/media/aagnone/My Passport/6-10/DSC_8457.NEF
/media/aagnone/My Passport/6-10/DSC_8457.xmp
/media/aagnone/My Passport/6-10/DSC_8458.NEF
/media/aagnone/My Passport/6-10/DSC_8458.xmp
/media/aagnone/My Passport/6-10/DSC_8459.NEF
/media/aagnone/My Passport/6-10/DSC_8459.xmp
/media/aagnone/My Passport/6-10/DSC_8460.NEF
/media/aagnone/My Passport/6-10/DSC_8460.xmp
/media/aagnone/My Passport/6-10/DSC_8461.NEF
/media/aagnone/My Passport/6-10/DSC_8461.xmp
/media/aagnone/My Passport/6-10/DSC_8462.NEF
/media/aagnone/My Passport/6-10/DSC_8462.xmp
/media/aagnone/My Passport/6-10/DSC_8463.NEF
/media/aagnone/My Passport/6-10/DSC_8464.NEF
/media/aagnone/My Passport/6-10/DSC_8464.xmp
/media/aagnone/My Passport/6-10/DSC_8465.NEF
/media/aagnone/My Passport/6-10/DSC_8465.xmp
/media/aagnone/My Passport/6-10/DSC_8466.NEF
/media/aagnone/My Passport/6-10/DSC_8466.xmp
/media/aagnone/My Passport/6-10/DSC_8467.NEF
/media/aagnone/My Passport/6-10/DSC_8467.xmp
/media/aagnone/My Passport/6-10/DSC_8468.NEF
/media/aagnone/My Passport/6-10/DSC_8468.xmp
/media/aagnone/My Passport/6-10/DSC_8469.NEF
/media/aagnone/My Passport/6-10/DSC_8469.xmp
/media/aagnone/My Passport/6-10/DSC_8470.NEF
/media/aagnone/My Passport/6-10/DSC_8470.xmp
/media/aagnone/My Passport/6-10/DSC_8471.NEF
/media/aagnone/My Passport/6-10/DSC_8471.xmp
/media/aagnone/My Passport/6-10/DSC_8472.NEF
/media/aagnone/My Passport/6-10/DSC_8473.NEF
/media/aagnone/My Passport/6-10/DSC_8473.xmp
/media/aagnone/My Passport/6-10/DSC_8474.NEF
/media/aagnone/My Passport/6-10/DSC_8474.xmp
/media/aagnone/My Passport/6-10/DSC_8475.NEF
/media/aagnone/My Passport/6-10/DSC_8475.xmp
/media/aagnone/My Passport/6-10/DSC_8476.NEF
/media/aagnone/My Passport/6-10/DSC_8476.xmp
/media/aagnone/My Passport/6-10/DSC_8477.NEF
/media/aagnone/My Passport/6-10/DSC_8477.xmp
/media/aagnone/My Passport/6-10/DSC_8478.NEF
/media/aagnone/My Passport/6-10/DSC_8478.xmp
/media/aagnone/My Passport/6-10/DSC_8479.NEF
/media/aagnone/My Passport/6-10/DSC_8479.xmp
/media/aagnone/My Passport/6-10/DSC_8480.NEF
/media/aagnone/My Passport/6-10/DSC_8480.xmp
/media/aagnone/My Passport/6-10/DSC_8481.NEF
/media/aagnone/My Passport/6-10/DSC_8482.NEF
/media/aagnone/My Passport/6-10/DSC_8482.xmp
/media/aagnone/My Passport/6-10/DSC_8483.NEF
/media/aagnone/My Passport/6-10/DSC_8483.xmp
/media/aagnone/My Passport/6-10/DSC_8484.NEF
/media/aagnone/My Passport/6-10/DSC_8484.xmp
/media/aagnone/My Passport/6-10/DSC_8485.NEF
/media/aagnone/My Passport/6-10/DSC_8485.xmp
/media/aagnone/My Passport/6-10/DSC_8486.NEF
/media/aagnone/My Passport/6-10/DSC_8486.xmp
/media/aagnone/My Passport/6-10/DSC_8487.NEF
/media/aagnone/My Passport/6-10/DSC_8487.xmp
/media/aagnone/My Passport/6-10/DSC_8488.NEF
/media/aagnone/My Passport/6-10/DSC_8488.xmp
/media/aagnone/My Passport/6-10/DSC_8489.NEF
/media/aagnone/My Passport/6-10/DSC_8489.xmp
/media/aagnone/My Passport/6-10/DSC_8490.NEF
/media/aagnone/My Passport/6-10/DSC_8491.NEF
/media/aagnone/My Passport/6-10/DSC_8491.xmp
/media/aagnone/My Passport/6-10/DSC_8492.NEF
/media/aagnone/My Passport/6-10/DSC_8492.xmp
/media/aagnone/My Passport/6-10/DSC_8493.NEF
/media/aagnone/My Passport/6-10/DSC_8493.xmp
/media/aagnone/My Passport/6-10/DSC_8494.NEF
/media/aagnone/My Passport/6-10/DSC_8494.xmp
/media/aagnone/My Passport/6-10/DSC_8495.NEF
/media/aagnone/My Passport/6-10/DSC_8495.xmp
/media/aagnone/My Passport/6-10/DSC_8496.NEF
/media/aagnone/My Passport/6-10/DSC_8496.xmp
/media/aagnone/My Passport/6-10/DSC_8497.NEF
/media/aagnone/My Passport/6-10/DSC_8497.xmp
/media/aagnone/My Passport/6-10/DSC_8498.NEF
/media/aagnone/My Passport/6-10/DSC_8498.xmp
/media/aagnone/My Passport/6-10/DSC_8499.NEF
/media/aagnone/My Passport/6-10/DSC_8500.NEF
/media/aagnone/My Passport/6-10/DSC_8500.xmp
/media/aagnone/My Passport/6-10/DSC_8501.NEF
/media/aagnone/My Passport/6-10/DSC_8501.xmp
/media/aagnone/My Passport/6-10/DSC_8502.NEF
/media/aagnone/My Passport/6-10/DSC_8502.xmp
/media/aagnone/My Passport/6-10/DSC_8503.NEF
/media/aagnone/My Passport/6-10/DSC_8503.xmp
/media/aagnone/My Passport/6-10/DSC_8504.NEF
/media/aagnone/My Passport/6-10/DSC_8504.xmp
/media/aagnone/My Passport/6-10/DSC_8505.NEF
/media/aagnone/My Passport/6-10/DSC_8505.xmp
/media/aagnone/My Passport/6-10/DSC_8506.NEF
/media/aagnone/My Passport/6-10/DSC_8506.xmp
/media/aagnone/My Passport/6-10/DSC_8507.NEF
/media/aagnone/My Passport/6-10/DSC_8507.xmp
/media/aagnone/My Passport/6-10/DSC_8508.NEF
/media/aagnone/My Passport/6-10/DSC_8509.NEF
/media/aagnone/My Passport/6-10/DSC_8509.xmp
/media/aagnone/My Passport/6-10/DSC_8510.NEF
/media/aagnone/My Passport/6-10/DSC_8510.xmp
/media/aagnone/My Passport/6-10/DSC_8511.NEF
/media/aagnone/My Passport/6-10/DSC_8511.xmp
/media/aagnone/My Passport/6-10/DSC_8512.NEF
/media/aagnone/My Passport/6-10/DSC_8512.xmp
/media/aagnone/My Passport/6-10/DSC_8513.NEF
/media/aagnone/My Passport/6-10/DSC_8513.xmp
/media/aagnone/My Passport/6-10/DSC_8514.NEF
/media/aagnone/My Passport/6-10/DSC_8514.xmp
/media/aagnone/My Passport/6-10/DSC_8515.NEF
/media/aagnone/My Passport/6-10/DSC_8515.xmp
/media/aagnone/My Passport/6-10/DSC_8516.NEF
/media/aagnone/My Passport/6-10/DSC_8516.xmp
/media/aagnone/My Passport/6-10/DSC_8517.NEF
/media/aagnone/My Passport/6-10/DSC_8518.NEF
/media/aagnone/My Passport/6-10/DSC_8518.xmp
/media/aagnone/My Passport/6-10/DSC_8519.NEF
/media/aagnone/My Passport/6-10/DSC_8519.xmp
/media/aagnone/My Passport/6-10/DSC_8520.NEF
/media/aagnone/My Passport/6-10/DSC_8520.xmp
/media/aagnone/My Passport/6-10/DSC_8521.NEF
/media/aagnone/My Passport/6-10/DSC_8521.xmp
/media/aagnone/My Passport/6-10/DSC_8522.NEF
/media/aagnone/My Passport/6-10/DSC_8522.xmp
/media/aagnone/My Passport/6-10/DSC_8523.NEF
/media/aagnone/My Passport/6-10/DSC_8523.xmp
/media/aagnone/My Passport/6-10/DSC_8524.NEF
/media/aagnone/My Passport/6-10/DSC_8524.xmp
/media/aagnone/My Passport/6-10/DSC_8525.NEF
/media/aagnone/My Passport/6-10/DSC_8525.xmp
/media/aagnone/My Passport/6-10/DSC_8526.NEF
/media/aagnone/My Passport/6-10/DSC_8527.NEF
/media/aagnone/My Passport/6-10/DSC_8527.xmp
/media/aagnone/My Passport/6-10/DSC_8528.NEF
/media/aagnone/My Passport/6-10/DSC_8528.xmp
/media/aagnone/My Passport/6-10/DSC_8529.NEF
/media/aagnone/My Passport/6-10/DSC_8529.xmp
/media/aagnone/My Passport/6-10/DSC_8530.NEF
/media/aagnone/My Passport/6-10/DSC_8530.xmp
/media/aagnone/My Passport/6-10/DSC_8531.NEF
/media/aagnone/My Passport/6-10/DSC_8531.xmp
/media/aagnone/My Passport/6-10/DSC_8532.NEF
/media/aagnone/My Passport/6-10/DSC_8532.xmp
/media/aagnone/My Passport/6-10/DSC_8533.NEF
/media/aagnone/My Passport/6-10/DSC_8533.xmp
/media/aagnone/My Passport/6-10/DSC_8534.NEF
/media/aagnone/My Passport/6-10/DSC_8534.xmp
/media/aagnone/My Passport/6-10/DSC_8535.NEF
/media/aagnone/My Passport/6-10/DSC_8536.NEF
/media/aagnone/My Passport/6-10/DSC_8536.xmp
/media/aagnone/My Passport/6-10/DSC_8537.NEF
/media/aagnone/My Passport/6-10/DSC_8537.xmp
/media/aagnone/My Passport/6-10/DSC_8538.NEF
/media/aagnone/My Passport/6-10/DSC_8538.xmp
/media/aagnone/My Passport/6-10/DSC_8539.NEF
/media/aagnone/My Passport/6-10/DSC_8539.xmp
/media/aagnone/My Passport/6-10/DSC_8540.NEF
/media/aagnone/My Passport/6-10/DSC_8540.xmp
/media/aagnone/My Passport/6-10/DSC_8541.NEF
/media/aagnone/My Passport/6-10/DSC_8541.xmp
/media/aagnone/My Passport/6-10/DSC_8542.NEF
/media/aagnone/My Passport/6-10/DSC_8542.xmp
/media/aagnone/My Passport/6-10/DSC_8543.NEF
/media/aagnone/My Passport/6-10/DSC_8543.xmp
/media/aagnone/My Passport/6-10/DSC_8544.NEF
/media/aagnone/My Passport/6-10/DSC_8545.NEF
/media/aagnone/My Passport/6-10/DSC_8545.xmp
/media/aagnone/My Passport/6-10/DSC_8546.NEF
/media/aagnone/My Passport/6-10/DSC_8546.xmp
/media/aagnone/My Passport/6-10/DSC_8547.NEF
/media/aagnone/My Passport/6-10/DSC_8547.xmp
/media/aagnone/My Passport/6-10/DSC_8548.NEF
/media/aagnone/My Passport/6-10/DSC_8548.xmp
/media/aagnone/My Passport/6-10/DSC_8549.NEF
/media/aagnone/My Passport/6-10/DSC_8549.xmp
/media/aagnone/My Passport/6-10/DSC_8550.NEF
/media/aagnone/My Passport/6-10/DSC_8550.xmp
/media/aagnone/My Passport/6-10/DSC_8551.NEF
/media/aagnone/My Passport/6-10/DSC_8551.xmp
/media/aagnone/My Passport/6-10/DSC_8552.NEF
/media/aagnone/My Passport/6-10/DSC_8552.xmp
/media/aagnone/My Passport/6-10/DSC_8553.NEF
/media/aagnone/My Passport/6-10/DSC_8554.NEF
/media/aagnone/My Passport/6-10/DSC_8554.xmp
/media/aagnone/My Passport/6-10/DSC_8555.NEF
/media/aagnone/My Passport/6-10/DSC_8555.xmp
/media/aagnone/My Passport/6-10/DSC_8556.NEF
/media/aagnone/My Passport/6-10/DSC_8556.xmp
/media/aagnone/My Passport/6-10/DSC_8557.NEF
/media/aagnone/My Passport/6-10/DSC_8557.xmp
/media/aagnone/My Passport/6-10/DSC_8558.NEF
/media/aagnone/My Passport/6-10/DSC_8558.xmp
/media/aagnone/My Passport/6-10/DSC_8559.NEF
/media/aagnone/My Passport/6-10/DSC_8559.xmp
/media/aagnone/My Passport/6-10/DSC_8560.NEF
/media/aagnone/My Passport/6-10/DSC_8560.xmp
/media/aagnone/My Passport/6-10/DSC_8561.NEF
/media/aagnone/My Passport/6-10/DSC_8561.xmp
/media/aagnone/My Passport/6-10/DSC_8562.NEF
/media/aagnone/My Passport/6-10/DSC_8563.NEF
/media/aagnone/My Passport/6-10/DSC_8563.xmp
/media/aagnone/My Passport/6-10/DSC_8564.NEF
/media/aagnone/My Passport/6-10/DSC_8564.xmp
/media/aagnone/My Passport/6-10/DSC_8565.NEF
/media/aagnone/My Passport/6-10/DSC_8565.xmp
/media/aagnone/My Passport/6-10/DSC_8566.NEF
/media/aagnone/My Passport/6-10/DSC_8566.xmp
/media/aagnone/My Passport/6-10/DSC_8567.NEF
/media/aagnone/My Passport/6-10/DSC_8567.xmp
/media/aagnone/My Passport/6-10/DSC_8568.NEF
/media/aagnone/My Passport/6-10/DSC_8568.xmp
/media/aagnone/My Passport/6-10/DSC_8569.NEF
/media/aagnone/My Passport/6-10/DSC_8569.xmp
/media/aagnone/My Passport/6-10/DSC_8570.NEF
/media/aagnone/My Passport/6-10/DSC_8570.xmp
/media/aagnone/My Passport/6-10/DSC_8571.NEF
/media/aagnone/My Passport/6-10/DSC_8572.NEF
/media/aagnone/My Passport/6-10/DSC_8572.xmp
/media/aagnone/My Passport/6-10/DSC_8573.NEF
/media/aagnone/My Passport/6-10/DSC_8573.xmp
/media/aagnone/My Passport/6-10/DSC_8574.NEF
/media/aagnone/My Passport/6-10/DSC_8574.xmp
/media/aagnone/My Passport/6-10/DSC_8575.NEF
/media/aagnone/My Passport/6-10/DSC_8575.xmp
/media/aagnone/My Passport/6-10/DSC_8576.NEF
/media/aagnone/My Passport/6-10/DSC_8576.xmp
/media/aagnone/My Passport/6-10/DSC_8577.NEF
/media/aagnone/My Passport/6-10/DSC_8577.xmp
/media/aagnone/My Passport/6-10/DSC_8578.NEF
/media/aagnone/My Passport/6-10/DSC_8578.xmp
/media/aagnone/My Passport/6-10/DSC_8579.NEF
/media/aagnone/My Passport/6-10/DSC_8579.xmp
/media/aagnone/My Passport/6-10/DSC_8580.NEF
/media/aagnone/My Passport/6-10/DSC_8581.NEF
/media/aagnone/My Passport/6-10/DSC_8581.xmp
/media/aagnone/My Passport/6-10/DSC_8582.NEF
/media/aagnone/My Passport/6-10/DSC_8582.xmp
/media/aagnone/My Passport/6-10/DSC_8583.NEF
/media/aagnone/My Passport/6-10/DSC_8583.xmp
/media/aagnone/My Passport/6-10/DSC_8584.NEF
/media/aagnone/My Passport/6-10/DSC_8584.xmp
/media/aagnone/My Passport/6-10/DSC_8585.NEF
/media/aagnone/My Passport/6-10/DSC_8585.xmp
/media/aagnone/My Passport/6-10/DSC_8586.NEF
/media/aagnone/My Passport/6-10/DSC_8586.xmp
/media/aagnone/My Passport/6-10/DSC_8587.NEF
/media/aagnone/My Passport/6-10/DSC_8587.xmp
/media/aagnone/My Passport/6-10/DSC_8588.NEF
/media/aagnone/My Passport/6-10/DSC_8588.xmp
/media/aagnone/My Passport/6-10/DSC_8589.NEF
/media/aagnone/My Passport/6-10/DSC_8590.NEF
/media/aagnone/My Passport/6-10/DSC_8590.xmp
/media/aagnone/My Passport/6-10/DSC_8591.NEF
/media/aagnone/My Passport/6-10/DSC_8591.xmp
/media/aagnone/My Passport/6-10/DSC_8592.NEF
/media/aagnone/My Passport/6-10/DSC_8592.xmp
/media/aagnone/My Passport/6-10/DSC_8593.NEF
/media/aagnone/My Passport/6-10/DSC_8593.xmp
/media/aagnone/My Passport/6-10/DSC_8594.NEF
/media/aagnone/My Passport/6-10/DSC_8594.xmp
/media/aagnone/My Passport/6-10/DSC_8595.NEF
/media/aagnone/My Passport/6-10/DSC_8595.xmp
/media/aagnone/My Passport/6-10/DSC_8596.NEF
/media/aagnone/My Passport/6-10/DSC_8596.xmp
/media/aagnone/My Passport/6-10/DSC_8597.NEF
/media/aagnone/My Passport/6-10/DSC_8597.xmp
/media/aagnone/My Passport/6-10/DSC_8598.NEF
/media/aagnone/My Passport/6-10/DSC_8599.NEF
/media/aagnone/My Passport/6-10/DSC_8599.xmp
/media/aagnone/My Passport/6-10/DSC_8600.NEF
/media/aagnone/My Passport/6-10/DSC_8600.xmp
/media/aagnone/My Passport/6-10/DSC_8601.NEF
/media/aagnone/My Passport/6-10/DSC_8601.xmp
/media/aagnone/My Passport/6-10/DSC_8602.NEF
/media/aagnone/My Passport/6-10/DSC_8602.xmp
/media/aagnone/My Passport/6-10/DSC_8603.NEF
/media/aagnone/My Passport/6-10/DSC_8603.xmp
/media/aagnone/My Passport/6-10/DSC_8604.NEF
/media/aagnone/My Passport/6-10/DSC_8604.xmp
/media/aagnone/My Passport/6-10/DSC_8605.NEF
/media/aagnone/My Passport/6-10/DSC_8605.xmp
/media/aagnone/My Passport/6-10/DSC_8606.NEF
/media/aagnone/My Passport/6-10/DSC_8606.xmp
/media/aagnone/My Passport/6-10/DSC_8607.NEF
/media/aagnone/My Passport/6-10/DSC_8608.NEF
/media/aagnone/My Passport/6-10/DSC_8608.xmp
/media/aagnone/My Passport/6-10/DSC_8609.NEF
/media/aagnone/My Passport/6-10/DSC_8609.xmp
/media/aagnone/My Passport/6-10/DSC_8610.NEF
/media/aagnone/My Passport/6-10/DSC_8610.xmp
/media/aagnone/My Passport/6-10/DSC_8611.NEF
/media/aagnone/My Passport/6-10/DSC_8611.xmp
/media/aagnone/My Passport/6-10/DSC_8612.NEF
/media/aagnone/My Passport/6-10/DSC_8612.xmp
/media/aagnone/My Passport/6-10/DSC_8613.NEF
/media/aagnone/My Passport/6-10/DSC_8613.xmp
/media/aagnone/My Passport/6-10/DSC_8614.NEF
/media/aagnone/My Passport/6-10/DSC_8614.xmp
/media/aagnone/My Passport/6-10/DSC_8615.NEF
/media/aagnone/My Passport/6-10/DSC_8615.xmp
/media/aagnone/My Passport/6-10/DSC_8616.NEF
/media/aagnone/My Passport/6-10/DSC_8617.NEF
/media/aagnone/My Passport/6-10/DSC_8617.xmp
/media/aagnone/My Passport/6-10/DSC_8618.NEF
/media/aagnone/My Passport/6-10/DSC_8618.xmp
/media/aagnone/My Passport/6-10/DSC_8619.NEF
/media/aagnone/My Passport/6-10/DSC_8619.xmp
/media/aagnone/My Passport/6-10/DSC_8620.NEF
/media/aagnone/My Passport/6-10/DSC_8620.xmp
/media/aagnone/My Passport/6-10/DSC_8621.NEF
/media/aagnone/My Passport/6-10/DSC_8621.xmp
/media/aagnone/My Passport/6-10/DSC_8622.NEF
/media/aagnone/My Passport/6-10/DSC_8622.xmp
/media/aagnone/My Passport/6-10/DSC_8623.NEF
/media/aagnone/My Passport/6-10/DSC_8623.xmp
/media/aagnone/My Passport/6-10/DSC_8624.NEF
/media/aagnone/My Passport/6-10/DSC_8624.xmp
/media/aagnone/My Passport/6-10/DSC_8625.NEF
/media/aagnone/My Passport/6-10/DSC_8626.NEF
/media/aagnone/My Passport/6-10/DSC_8626.xmp
/media/aagnone/My Passport/6-10/DSC_8627.NEF
/media/aagnone/My Passport/6-10/DSC_8627.xmp
/media/aagnone/My Passport/6-10/DSC_8628.NEF
/media/aagnone/My Passport/6-10/DSC_8628.xmp
/media/aagnone/My Passport/6-10/DSC_8629.NEF
/media/aagnone/My Passport/6-10/DSC_8629.xmp
/media/aagnone/My Passport/6-10/DSC_8630.NEF
/media/aagnone/My Passport/6-10/DSC_8630.xmp
/media/aagnone/My Passport/6-10/DSC_8631.NEF
/media/aagnone/My Passport/6-10/DSC_8631.xmp
/media/aagnone/My Passport/6-10/DSC_8632.NEF
/media/aagnone/My Passport/6-10/DSC_8632.xmp
/media/aagnone/My Passport/6-10/DSC_8633.NEF
/media/aagnone/My Passport/6-10/DSC_8633.xmp
/media/aagnone/My Passport/6-10/DSC_8634.NEF
/media/aagnone/My Passport/6-10/DSC_8635.NEF
/media/aagnone/My Passport/6-10/DSC_8635.xmp
/media/aagnone/My Passport/6-10/DSC_8636.NEF
/media/aagnone/My Passport/6-10/DSC_8636.xmp
/media/aagnone/My Passport/6-10/DSC_8637.NEF
/media/aagnone/My Passport/6-10/DSC_8637.xmp
/media/aagnone/My Passport/6-10/DSC_8638.NEF
/media/aagnone/My Passport/6-10/DSC_8638.xmp
/media/aagnone/My Passport/6-10/DSC_8639.NEF
/media/aagnone/My Passport/6-10/DSC_8639.xmp
/media/aagnone/My Passport/6-10/DSC_8640.NEF
/media/aagnone/My Passport/6-10/DSC_8640.xmp
/media/aagnone/My Passport/6-10/DSC_8641.NEF
/media/aagnone/My Passport/6-10/DSC_8641.xmp
/media/aagnone/My Passport/6-10/DSC_8642.NEF
/media/aagnone/My Passport/6-10/DSC_8642.xmp
/media/aagnone/My Passport/6-10/DSC_8643.NEF
/media/aagnone/My Passport/6-10/DSC_8644.NEF
/media/aagnone/My Passport/6-10/DSC_8644.xmp
/media/aagnone/My Passport/6-10/DSC_8645.NEF
/media/aagnone/My Passport/6-10/DSC_8645.xmp
/media/aagnone/My Passport/6-10/DSC_8646.NEF
/media/aagnone/My Passport/6-10/DSC_8646.xmp
/media/aagnone/My Passport/6-10/DSC_8647.NEF
/media/aagnone/My Passport/6-10/DSC_8647.xmp
/media/aagnone/My Passport/6-10/DSC_8648.NEF
/media/aagnone/My Passport/6-10/DSC_8648.xmp
/media/aagnone/My Passport/6-10/DSC_8649.NEF
/media/aagnone/My Passport/6-10/DSC_8649.xmp
/media/aagnone/My Passport/6-10/DSC_8650.NEF
/media/aagnone/My Passport/6-10/DSC_8650.xmp
/media/aagnone/My Passport/6-10/DSC_8651.NEF
/media/aagnone/My Passport/6-10/DSC_8651.xmp
/media/aagnone/My Passport/6-10/DSC_8652.NEF
/media/aagnone/My Passport/6-10/DSC_8499.xmp
/media/aagnone/My Passport/6-10/DSC_8508.xmp
/media/aagnone/My Passport/6-10/DSC_8517.xmp
/media/aagnone/My Passport/6-10/DSC_8526.xmp
/media/aagnone/My Passport/6-10/DSC_8535.xmp
/media/aagnone/My Passport/6-10/DSC_8544.xmp
/media/aagnone/My Passport/6-10/DSC_8553.xmp
/media/aagnone/My Passport/6-10/DSC_8562.xmp
/media/aagnone/My Passport/6-10/DSC_8571.xmp
/media/aagnone/My Passport/6-10/DSC_8580.xmp
/media/aagnone/My Passport/6-10/DSC_8589.xmp
/media/aagnone/My Passport/6-10/DSC_8598.xmp
/media/aagnone/My Passport/6-10/DSC_8607.xmp
/media/aagnone/My Passport/6-10/DSC_8616.xmp
/media/aagnone/My Passport/6-10/DSC_8625.xmp
/media/aagnone/My Passport/6-10/DSC_8634.xmp
/media/aagnone/My Passport/6-10/DSC_8643.xmp
/media/aagnone/My Passport/6-10/DSC_8652.xmp
/media/aagnone/My Passport/6-10/DSC_8661.xmp
/media/aagnone/My Passport/6-10/DSC_8670.xmp
/media/aagnone/My Passport/6-10/DSC_8679.xmp
/media/aagnone/My Passport/6-10/DSC_8688.xmp
/media/aagnone/My Passport/6-10/DSC_8697.xmp
/media/aagnone/My Passport/6-10/DSC_8706.xmp
/media/aagnone/My Passport/6-10/DSC_8715.xmp
/media/aagnone/My Passport/6-10/DSC_8729.xmp
/media/aagnone/My Passport/6-10/DSC_8738.xmp
/media/aagnone/My Passport/6-10/DSC_8747.xmp
/media/aagnone/My Passport/6-10/DSC_8653.NEF
/media/aagnone/My Passport/6-10/DSC_8653.xmp
/media/aagnone/My Passport/6-10/DSC_8654.NEF
/media/aagnone/My Passport/6-10/DSC_8654.xmp
/media/aagnone/My Passport/6-10/DSC_8655.NEF
/media/aagnone/My Passport/6-10/DSC_8655.xmp
/media/aagnone/My Passport/6-10/DSC_8656.NEF
/media/aagnone/My Passport/6-10/DSC_8656.xmp
/media/aagnone/My Passport/6-10/DSC_8657.NEF
/media/aagnone/My Passport/6-10/DSC_8657.xmp
/media/aagnone/My Passport/6-10/DSC_8658.NEF
/media/aagnone/My Passport/6-10/DSC_8658.xmp
/media/aagnone/My Passport/6-10/DSC_8659.NEF
/media/aagnone/My Passport/6-10/DSC_8659.xmp
/media/aagnone/My Passport/6-10/DSC_8660.NEF
/media/aagnone/My Passport/6-10/DSC_8660.xmp
/media/aagnone/My Passport/6-10/DSC_8661.NEF
/media/aagnone/My Passport/6-10/DSC_8662.NEF
/media/aagnone/My Passport/6-10/DSC_8662.xmp
/media/aagnone/My Passport/6-10/DSC_8663.NEF
/media/aagnone/My Passport/6-10/DSC_8663.xmp
/media/aagnone/My Passport/6-10/DSC_8664.NEF
/media/aagnone/My Passport/6-10/DSC_8664.xmp
/media/aagnone/My Passport/6-10/DSC_8665.NEF
/media/aagnone/My Passport/6-10/DSC_8665.xmp
/media/aagnone/My Passport/6-10/DSC_8666.NEF
/media/aagnone/My Passport/6-10/DSC_8666.xmp
/media/aagnone/My Passport/6-10/DSC_8667.NEF
/media/aagnone/My Passport/6-10/DSC_8667.xmp
/media/aagnone/My Passport/6-10/DSC_8668.NEF
/media/aagnone/My Passport/6-10/DSC_8668.xmp
/media/aagnone/My Passport/6-10/DSC_8669.NEF
/media/aagnone/My Passport/6-10/DSC_8669.xmp
/media/aagnone/My Passport/6-10/DSC_8670.NEF
/media/aagnone/My Passport/6-10/DSC_8671.NEF
/media/aagnone/My Passport/6-10/DSC_8671.xmp
/media/aagnone/My Passport/6-10/DSC_8672.NEF
/media/aagnone/My Passport/6-10/DSC_8672.xmp
/media/aagnone/My Passport/6-10/DSC_8673.NEF
/media/aagnone/My Passport/6-10/DSC_8673.xmp
/media/aagnone/My Passport/6-10/DSC_8674.NEF
/media/aagnone/My Passport/6-10/DSC_8674.xmp
/media/aagnone/My Passport/6-10/DSC_8675.NEF
/media/aagnone/My Passport/6-10/DSC_8675.xmp
/media/aagnone/My Passport/6-10/DSC_8676.NEF
/media/aagnone/My Passport/6-10/DSC_8676.xmp
/media/aagnone/My Passport/6-10/DSC_8677.NEF
/media/aagnone/My Passport/6-10/DSC_8677.xmp
/media/aagnone/My Passport/6-10/DSC_8678.NEF
/media/aagnone/My Passport/6-10/DSC_8678.xmp
/media/aagnone/My Passport/6-10/DSC_8679.NEF
/media/aagnone/My Passport/6-10/DSC_8680.NEF
/media/aagnone/My Passport/6-10/DSC_8680.xmp
/media/aagnone/My Passport/6-10/DSC_8681.NEF
/media/aagnone/My Passport/6-10/DSC_8681.xmp
/media/aagnone/My Passport/6-10/DSC_8682.NEF
/media/aagnone/My Passport/6-10/DSC_8682.xmp
/media/aagnone/My Passport/6-10/DSC_8683.NEF
/media/aagnone/My Passport/6-10/DSC_8683.xmp
/media/aagnone/My Passport/6-10/DSC_8684.NEF
/media/aagnone/My Passport/6-10/DSC_8684.xmp
/media/aagnone/My Passport/6-10/DSC_8685.NEF
/media/aagnone/My Passport/6-10/DSC_8685.xmp
/media/aagnone/My Passport/6-10/DSC_8686.NEF
/media/aagnone/My Passport/6-10/DSC_8686.xmp
/media/aagnone/My Passport/6-10/DSC_8687.NEF
/media/aagnone/My Passport/6-10/DSC_8687.xmp
/media/aagnone/My Passport/6-10/DSC_8688.NEF
/media/aagnone/My Passport/6-10/DSC_8689.NEF
/media/aagnone/My Passport/6-10/DSC_8689.xmp
/media/aagnone/My Passport/6-10/DSC_8690.NEF
/media/aagnone/My Passport/6-10/DSC_8690.xmp
/media/aagnone/My Passport/6-10/DSC_8691.NEF
/media/aagnone/My Passport/6-10/DSC_8691.xmp
/media/aagnone/My Passport/6-10/DSC_8692.NEF
/media/aagnone/My Passport/6-10/DSC_8692.xmp
/media/aagnone/My Passport/6-10/DSC_8693.NEF
/media/aagnone/My Passport/6-10/DSC_8693.xmp
/media/aagnone/My Passport/6-10/DSC_8694.NEF
/media/aagnone/My Passport/6-10/DSC_8694.xmp
/media/aagnone/My Passport/6-10/DSC_8695.NEF
/media/aagnone/My Passport/6-10/DSC_8695.xmp
/media/aagnone/My Passport/6-10/DSC_8696.NEF
/media/aagnone/My Passport/6-10/DSC_8696.xmp
/media/aagnone/My Passport/6-10/DSC_8697.NEF
/media/aagnone/My Passport/6-10/DSC_8698.NEF
/media/aagnone/My Passport/6-10/DSC_8698.xmp
/media/aagnone/My Passport/6-10/DSC_8699.NEF
/media/aagnone/My Passport/6-10/DSC_8699.xmp
/media/aagnone/My Passport/6-10/DSC_8700.NEF
/media/aagnone/My Passport/6-10/DSC_8700.xmp
/media/aagnone/My Passport/6-10/DSC_8701.NEF
/media/aagnone/My Passport/6-10/DSC_8701.xmp
/media/aagnone/My Passport/6-10/DSC_8702.NEF
/media/aagnone/My Passport/6-10/DSC_8702.xmp
/media/aagnone/My Passport/6-10/DSC_8703.NEF
/media/aagnone/My Passport/6-10/DSC_8703.xmp
/media/aagnone/My Passport/6-10/DSC_8704.NEF
/media/aagnone/My Passport/6-10/DSC_8704.xmp
/media/aagnone/My Passport/6-10/DSC_8705.NEF
/media/aagnone/My Passport/6-10/DSC_8705.xmp
/media/aagnone/My Passport/6-10/DSC_8706.NEF
/media/aagnone/My Passport/6-10/DSC_8707.NEF
/media/aagnone/My Passport/6-10/DSC_8707.xmp
/media/aagnone/My Passport/6-10/DSC_8708.NEF
/media/aagnone/My Passport/6-10/DSC_8708.xmp
/media/aagnone/My Passport/6-10/DSC_8709.NEF
/media/aagnone/My Passport/6-10/DSC_8709.xmp
/media/aagnone/My Passport/6-10/DSC_8710.NEF
/media/aagnone/My Passport/6-10/DSC_8710.xmp
/media/aagnone/My Passport/6-10/DSC_8711.NEF
/media/aagnone/My Passport/6-10/DSC_8711.xmp
/media/aagnone/My Passport/6-10/DSC_8712.NEF
/media/aagnone/My Passport/6-10/DSC_8712.xmp
/media/aagnone/My Passport/6-10/DSC_8713.NEF
/media/aagnone/My Passport/6-10/DSC_8713.xmp
/media/aagnone/My Passport/6-10/DSC_8714.NEF
/media/aagnone/My Passport/6-10/DSC_8714.xmp
/media/aagnone/My Passport/6-10/DSC_8715.NEF
/media/aagnone/My Passport/6-10/DSC_8721.NEF
/media/aagnone/My Passport/6-10/DSC_8721.xmp
/media/aagnone/My Passport/6-10/DSC_8722.NEF
/media/aagnone/My Passport/6-10/DSC_8722.xmp
/media/aagnone/My Passport/6-10/DSC_8723.NEF
/media/aagnone/My Passport/6-10/DSC_8723.xmp
/media/aagnone/My Passport/6-10/DSC_8724.NEF
/media/aagnone/My Passport/6-10/DSC_8724.xmp
/media/aagnone/My Passport/6-10/DSC_8725.NEF
/media/aagnone/My Passport/6-10/DSC_8725.xmp
/media/aagnone/My Passport/6-10/DSC_8726.NEF
/media/aagnone/My Passport/6-10/DSC_8726.xmp
/media/aagnone/My Passport/6-10/DSC_8727.NEF
/media/aagnone/My Passport/6-10/DSC_8727.xmp
/media/aagnone/My Passport/6-10/DSC_8728.NEF
/media/aagnone/My Passport/6-10/DSC_8728.xmp
/media/aagnone/My Passport/6-10/DSC_8729.NEF
/media/aagnone/My Passport/6-10/DSC_8730.NEF
/media/aagnone/My Passport/6-10/DSC_8730.xmp
/media/aagnone/My Passport/6-10/DSC_8731.NEF
/media/aagnone/My Passport/6-10/DSC_8731.xmp
/media/aagnone/My Passport/6-10/DSC_8732.NEF
/media/aagnone/My Passport/6-10/DSC_8732.xmp
/media/aagnone/My Passport/6-10/DSC_8733.NEF
/media/aagnone/My Passport/6-10/DSC_8733.xmp
/media/aagnone/My Passport/6-10/DSC_8734.NEF
/media/aagnone/My Passport/6-10/DSC_8734.xmp
/media/aagnone/My Passport/6-10/DSC_8735.NEF
/media/aagnone/My Passport/6-10/DSC_8735.xmp
/media/aagnone/My Passport/6-10/DSC_8736.NEF
/media/aagnone/My Passport/6-10/DSC_8736.xmp
/media/aagnone/My Passport/6-10/DSC_8737.NEF
/media/aagnone/My Passport/6-10/DSC_8737.xmp
/media/aagnone/My Passport/6-10/DSC_8738.NEF
/media/aagnone/My Passport/6-10/DSC_8739.NEF
/media/aagnone/My Passport/6-10/DSC_8739.xmp
/media/aagnone/My Passport/6-10/DSC_8740.NEF
/media/aagnone/My Passport/6-10/DSC_8740.xmp
/media/aagnone/My Passport/6-10/DSC_8741.NEF
/media/aagnone/My Passport/6-10/DSC_8741.xmp
/media/aagnone/My Passport/6-10/DSC_8742.NEF
/media/aagnone/My Passport/6-10/DSC_8742.xmp
/media/aagnone/My Passport/6-10/DSC_8743.NEF
/media/aagnone/My Passport/6-10/DSC_8743.xmp
/media/aagnone/My Passport/6-10/DSC_8744.NEF
/media/aagnone/My Passport/6-10/DSC_8744.xmp
/media/aagnone/My Passport/6-10/DSC_8745.NEF
/media/aagnone/My Passport/6-10/DSC_8745.xmp
/media/aagnone/My Passport/6-10/DSC_8746.NEF
/media/aagnone/My Passport/6-10/DSC_8746.xmp
/media/aagnone/My Passport/6-10/DSC_8747.NEF
/media/aagnone/My Passport/6-10/DSC_8748.NEF
/media/aagnone/My Passport/6-10/DSC_8748.xmp
/media/aagnone/My Passport/6-10/DSC_8749.NEF
/media/aagnone/My Passport/6-10/DSC_8749.xmp
/media/aagnone/My Passport/6-10/DSC_8750.NEF
/media/aagnone/My Passport/6-10/DSC_8750.xmp
/media/aagnone/My Passport/6-10/DSC_8751.NEF
/media/aagnone/My Passport/6-10/DSC_8751.xmp
/media/aagnone/My Passport/6-10/DSC_8752.NEF
/media/aagnone/My Passport/6-10/DSC_8752.xmp
/media/aagnone/My Passport/6-10/DSC_8753.NEF
/media/aagnone/My Passport/6-10/DSC_8753.xmp
/media/aagnone/My Passport/6-10/DSC_8754.NEF
/media/aagnone/My Passport/6-10/DSC_8754.xmp
/media/aagnone/My Passport/6-10/DSC_8755.NEF
/media/aagnone/My Passport/6-10/DSC_8755.xmp
/media/aagnone/My Passport/6-10/DSC_8756.NEF
/media/aagnone/My Passport/6-10/DSC_8756.xmp
